17378 recvfrom(59, "\2\0\0\0\0\0\0\0\5:\0\0\0\0\0\0p\324;1I2\0\0\7\0\0\0\2\20\0\0\0\0\0\0\2\0\0\0\0\0\0\0\0\0\0\0\0\0\0\0\0\0\0\0\0\0\0\0\0\0\0\0X\344?0I2\0\0\0\0\0\0\0\0\0\0\0\0\200?\0\0\200?\1\0\0\0\0\0\0\0\0\0\0\0\1\0\0\0\0\0\0\0\0\0\0\377\0\300%D\0@\210D\0\0\200?\221\220\220<\0\0\240@\0\0\200@\0\0\240@\0\0\200@\0\0\0\0\0\0\0\0\0\0\0\0\0\0\0\0\0\0\0\0\0\0\0\0\0\0\0\0\0\0\0\0\0\0\0\0\0\0\0\0\0\0\0\0\0\0\0\0\0\0\0\0\0\0\0\0\0\0\0\0\0\0\0\0\0\0\0\0\0\0\0\0\0\0\0\0\0\0\0\0\0\0\0\0\0\0\0\0", 2272, MSG_DONTWAIT, NULL, NULL) = 232
17378 recvfrom(59, "\2\0\0\0\0\0\0\0\7:\0\0\0\0\0\0h\325\2771I2\0\0\7\0\0\0\2\20\0\0\0\0\0\0\2\0\0\0\0\0\0\0\0\0\0\0\0\0\0\0\0\0\0\0\0\0\0\0\0\0\0\0X\344?0I2\0\0\0\0\0\0\0\0\0\0\0\0\200?\0\0\200?\1\0\0\0\0\0\0\0\0\0\0\0\1\0\0\0\0\0\0\0\0\0\0\377\0\300%D\0@\210D\0\0\200?\221\220\220<\0\0\240@\0\0\200@\0\0\240@\0\0\200@\0\0\0\0\0\0\0\0\0\0\0\0\0\0\0\0\0\0\0\0\0\0\0\0\0\0\0\0\0\0\0\0\0\0\0\0\0\0\0\0\0\0\0\0\0\0\0\0\0\0\0\0\0\0\0\0\0\0\0\0\0\0\0\0\0\0\0\0\0\0\0\0\0\0\0\0\0\0\0\0\0\0\0\0\0\0\0\0", 2272, MSG_DONTWAIT, NULL, NULL) = 232
17378 recvfrom(59, "\2\0\0\0\0\0\0\0\t:\0\0\0\0\0\0\220\310D2I2\0\0\7\0\0\0\2\20\0\0\0\0\0\0\2\0\0\0\0\0\0\0\0\0\0\0\0\0\0\0\0\0\0\0\0\0\0\0\0\0\0\0X\344?0I2\0\0\0\0\0\0\0\0\0\0\0\0\200?\0\0\200?\1\0\0\0\0\0\0\0\0\0\0\0\1\0\0\0\0\0\0\0\0\0\0\377\0\300%D\0@\210D\0\0\200?\221\220\220<\0\0\240@\0\0\200@\0\0\240@\0\0\200@\0\0\0\0\0\0\0\0\0\0\0\0\0\0\0\0\0\0\0\0\0\0\0\0\0\0\0\0\0\0\0\0\0\0\0\0\0\0\0\0\0\0\0\0\0\0\0\0\0\0\0\0\0\0\0\0\0\0\0\0\0\0\0\0\0\0\0\0\0\0\0\0\0\0\0\0\0\0\0\0\0\0\0\0\0\0\0\0", 2272, MSG_DONTWAIT, NULL, NULL) = 232
17378 recvfrom(59,  <unfinished ...>
25838 <... futex resumed>)              = 0
25838 futex(0x73efa23008, FUTEX_WAIT, 0, NULL <unfinished ...>
17378 <... recvfrom resumed>"\2\0\0\0\0\0\0\0\v:\0\0\0\0\0\0pt\3022I2\0\0\7\0\0\0\2\20\0\0\0\0\0\0\2\0\0\0\0\0\0\0\0\0\0\0\0\0\0\0\0\0\0\0\0\0\0\0\0\0\0\0X\344?0I2\0\0\0\0\0\0\0\0\0\0\0\0\200?\0\0\200?\1\0\0\0\0\0\0\0\0\0\0\0\1\0\0\0\0\0\0\0\0\0\0\377\0@$D\0\0\210D\0\0\200?\221\220\220<\0\0\240@\0\0\200@\0\0\240@\0\0\200@\0\0\0\0\0\0\0\0\0\0\0\0\0\0\0\0\0\0\0\0\0\0\0\0\0\0\0\0\0\0\0\0\0\0\0\0\0\0\0\0\0\0\0\0\0\0\0\0\0\0\0\0\0\0\0\0\0\0\0\0\0\0\0\0\0\0\0\0\0\0\0\0\0\0\0\0\0\0\0\0\0\0\0\0\0\0\0\0", 2272, MSG_DONTWAIT, NULL, NULL) = 232
17378 recvfrom(59, "\2\0\0\0\0\0\0\0\r:\0\0\0\0\0\0\20rB3I2\0\0\7\0\0\0\2\20\0\0\0\0\0\0\2\0\0\0\0\0\0\0\0\0\0\0\0\0\0\0\0\0\0\0\0\0\0\0\0\0\0\0X\344?0I2\0\0\0\0\0\0\0\0\0\0\0\0\200?\0\0\200?\1\0\0\0\0\0\0\0\0\0\0\0\1\0\0\0\0\0\0\0\0\0\0\377\0@\"D\0\340\207D\0\0\200?\221\220\220<\0\0\240@\0\0\200@\0\0\240@\0\0\200@\0\0\0\0\0\0\0\0\0\0\0\0\0\0\0\0\0\0\0\0\0\0\0\0\0\0\0\0\0\0\0\0\0\0\0\0\0\0\0\0\0\0\0\0\0\0\0\0\0\0\0\0\0\0\0\0\0\0\0\0\0\0\0\0\0\0\0\0\0\0\0\0\0\0\0\0\0\0\0\0\0\0\0\0\0\0\0\0", 2272, MSG_DONTWAIT, NULL, NULL) = 232
17378 recvfrom(59, "\2\0\0\0\0\0\0\0\17:\0\0\0\0\0\0H'\3033I2\0\0\7\0\0\0\2\20\0\0\0\0\0\0\2\0\0\0\0\0\0\0\0\0\0\0\0\0\0\0\0\0\0\0\0\0\0\0\0\0\0\0X\344?0I2\0\0\0\0\0\0\0\0\0\0\0\0\200?\0\0\200?\1\0\0\0\0\0\0\0\0\0\0\0\1\0\0\0\0\0\0\0\0\0\0\377\0@\36D\0\0\210D\0\0\200?\221\220\220<\0\0\240@\0\0\200@\0\0\240@\0\0\200@\0\0\0\0\0\0\0\0\0\0\0\0\0\0\0\0\0\0\0\0\0\0\0\0\0\0\0\0\0\0\0\0\0\0\0\0\0\0\0\0\0\0\0\0\0\0\0\0\0\0\0\0\0\0\0\0\0\0\0\0\0\0\0\0\0\0\0\0\0\0\0\0\0\0\0\0\0\0\0\0\0\0\0\0\0\0\0\0", 2272, MSG_DONTWAIT, NULL, NULL) = 232
17378 recvfrom(59, "\2\0\0\0\0\0\0\0\21:\0\0\0\0\0\0 {A4I2\0\0\7\0\0\0\2\20\0\0\0\0\0\0\1\0\0\0\0\0\0\0\0\0\0\0\0\0\0\0\0\0\0\0\0\0\0\0\0\0\0\0X\344?0I2\0\0\0\0\0\0\0\0\0\0\0\0\200?\0\0\200?\1\0\0\0\0\0\0\0\0\0\0\0\1\0\0\0\0\0\0\0\0\0\0\377\0@\36D\0\0\210D\0\0\200?\221\220\220<\0\0\240@\0\0\200@\0\0\240@\0\0\200@\0\0\0\0\0\0\0\0\0\0\0\0\0\0\0\0\0\0\0\0\0\0\0\0\0\0\0\0\0\0\0\0\0\0\0\0\0\0\0\0\0\0\0\0\0\0\0\0\0\0\0\0\0\0\0\0\0\0\0\0\0\0\0\0\0\0\0\0\0\0\0\0\0\0\0\0\0\0\0\0\0\0\0\0\0\0\0\0", 2272, MSG_DONTWAIT, NULL, NULL) = 232
17378 sendto(59, "\3\0\0\0\0\0\0\0\3:\0\0\1\0\0\0", 16, MSG_DONTWAIT|MSG_NOSIGNAL, NULL, 0) = 16
17378 sendto(59, "\3\0\0\0\0\0\0\0\5:\0\0\1\0\0\0", 16, MSG_DONTWAIT|MSG_NOSIGNAL, NULL, 0) = 16
17378 sendto(59, "\3\0\0\0\0\0\0\0\7:\0\0\1\0\0\0", 16, MSG_DONTWAIT|MSG_NOSIGNAL, NULL, 0) = 16
17378 sendto(59, "\3\0\0\0\0\0\0\0\t:\0\0\1\0\0\0", 16, MSG_DONTWAIT|MSG_NOSIGNAL, NULL, 0 <unfinished ...>
25838 <... futex resumed>)              = 0
17378 <... sendto resumed>)             = 16
25838 futex(0x73efa23008, FUTEX_WAIT, 0, NULL <unfinished ...>
17378 sendto(59, "\3\0\0\0\0\0\0\0\v:\0\0\1\0\0\0", 16, MSG_DONTWAIT|MSG_NOSIGNAL, NULL, 0) = 16
17378 sendto(59, "\3\0\0\0\0\0\0\0\r:\0\0\1\0\0\0", 16, MSG_DONTWAIT|MSG_NOSIGNAL, NULL, 0) = 16
17378 sendto(59, "\3\0\0\0\0\0\0\0\17:\0\0\1\0\0\0", 16, MSG_DONTWAIT|MSG_NOSIGNAL, NULL, 0) = 16
17378 sendto(59, "\3\0\0\0\0\0\0\0\21:\0\0\1\0\0\0", 16, MSG_DONTWAIT|MSG_NOSIGNAL, NULL, 0) = 16
17378 recvfrom(59, 0x74575f9020, 2272, MSG_DONTWAIT, NULL, NULL) = -1 EAGAIN (Resource temporarily unavailable)
17378 epoll_pwait(35, [{events=EPOLLIN, data={u32=56, u64=56}}], 16, -1, NULL, 8) = 1
17378 recvfrom(56, "nysv\0\0\0\0\0\0\0\0\0\0\0\0Rd**I2\0\0\22\f\16\0\0\0\0\0", 3200, MSG_DONTWAIT, NULL, NULL) = 32
17378 recvfrom(56, 0x7ffe9e3170, 3200, MSG_DONTWAIT, NULL, NULL) = -1 EAGAIN (Resource temporarily unavailable)
25838 <... futex resumed>)              = 0
25838 futex(0x73efa23008, FUTEX_WAIT, 0, NULL <unfinished ...>
17378 write(33, "\1\0\0\0\0\0\0\0", 8)  = 8
17378 recvfrom(59, 0x74575f9020, 2272, MSG_DONTWAIT, NULL, NULL) = -1 EAGAIN (Resource temporarily unavailable)
17378 recvfrom(56, 0x7ffe9e30f0, 3200, MSG_DONTWAIT, NULL, NULL) = -1 EAGAIN (Resource temporarily unavailable)
17378 ioctl(9, BINDER_WRITE_READ, 0x7ffe9e3a58) = 0
17378 write(33, "\1\0\0\0\0\0\0\0", 8)  = 8
25838 <... futex resumed>)              = 0
25838 futex(0x73efa23008, FUTEX_WAIT, 0, NULL <unfinished ...>
17378 futex(0x7467af36d8, FUTEX_REQUEUE_PRIVATE, 0, 1, 0x7467af36b4) = 1
17378 futex(0x7467af36b4, FUTEX_WAKE_PRIVATE, 1 <unfinished ...>
17384 <... futex resumed>)              = 0
17378 <... futex resumed>)              = 1
17384 clock_gettime(CLOCK_THREAD_CPUTIME_ID, {tv_sec=0, tv_nsec=214190784}) = 0
25838 <... futex resumed>)              = 0
17384 mprotect(0x7459580000, 33554432, PROT_READ|PROT_WRITE <unfinished ...>
25838 futex(0x73efa23008, FUTEX_WAIT, 0, NULL <unfinished ...>
17384 <... mprotect resumed>)           = 0
17384 uname({sysname="Linux", nodename="localhost", ...}) = 0
17378 pread64(38,  <unfinished ...>
17384 mprotect(0x7459580000, 33554432, PROT_READ) = 0
17378 <... pread64 resumed>"PK\3\4\24\0\10\10\10\0\0\0!:\0\0\0\0\0\0\0\0\0\0\0\0#\0\0\0", 30, 14061066) = 30
17384 clock_gettime(CLOCK_THREAD_CPUTIME_ID,  <unfinished ...>
17378 pread64(38,  <unfinished ...>
17384 <... clock_gettime resumed>{tv_sec=0, tv_nsec=217451149}) = 0
17378 <... pread64 resumed>"res/layout/search_action_layout.xml", 35, 14061096) = 35
17384 clock_gettime(CLOCK_THREAD_CPUTIME_ID,  <unfinished ...>
17378 mmap(NULL, 4085, PROT_READ, MAP_SHARED, 38, 0xd68000 <unfinished ...>
17384 <... clock_gettime resumed>{tv_sec=0, tv_nsec=217580629}) = 0
17378 <... mmap resumed>)               = 0x74eb425000
17384 madvise(0x7459457000, 131072, MADV_DONTNEED) = 0
17378 munmap(0x74eb425000, 4085)        = 0
25838 <... futex resumed>)              = 0
25838 futex(0x73efa23008, FUTEX_WAIT, 0, NULL <unfinished ...>
17384 madvise(0x745bd81000, 131072, MADV_DONTNEED) = 0
17384 clock_gettime(CLOCK_THREAD_CPUTIME_ID, {tv_sec=0, tv_nsec=217998077}) = 0
17384 futex(0x74576aa0fc, FUTEX_WAKE_PRIVATE, 1) = 0
17384 clock_gettime(CLOCK_THREAD_CPUTIME_ID, {tv_sec=0, tv_nsec=218325940}) = 0
17378 pread64(28, "PK\3\4\24\0\10\10\10\0\0\0!:\0\0\0\0\0\0\0\0\0\0\0\0'\0\0\0", 30, 38170752) = 30
17378 pread64(28, "res/color/highlighted_text_material.xml", 39, 38170782) = 39
17378 mmap(NULL, 401, PROT_READ, MAP_SHARED, 28, 0x2467000) = 0x74eb425000
17378 munmap(0x74eb425000, 401)         = 0
25838 <... futex resumed>)              = 0
25838 futex(0x73efa23008, FUTEX_WAIT, 0, NULL <unfinished ...>
17378 pread64(38, "PK\3\4\24\0\10\10\10\0\0\0!:\0\0\0\0\0\0\0\0\0\0\0\0002\0\0\0", 30, 13894025) = 30
25838 <... futex resumed>)              = 0
25838 futex(0x73efa23008, FUTEX_WAIT, 0, NULL <unfinished ...>
17378 pread64(38, "res/drawable/quantum_ic_person_add_vd_theme_24.xml", 50, 13894055) = 50
17378 mmap(NULL, 900, PROT_READ, MAP_SHARED, 38, 0xd40000) = 0x74eb425000
17378 munmap(0x74eb425000, 900)         = 0
25838 <... futex resumed>)              = 0
25838 futex(0x73efa23008, FUTEX_WAIT, 0, NULL <unfinished ...>
17384 mprotect(0x7459580000, 33554432, PROT_READ|PROT_WRITE) = 0
17384 uname({sysname="Linux", nodename="localhost", ...}) = 0
17384 mprotect(0x7459580000, 33554432, PROT_READ) = 0
17384 clock_gettime(CLOCK_THREAD_CPUTIME_ID, {tv_sec=0, tv_nsec=228924380}) = 0
17384 clock_gettime(CLOCK_THREAD_CPUTIME_ID, {tv_sec=0, tv_nsec=229037922}) = 0
25838 <... futex resumed>)              = 0
17384 madvise(0x745bc0d000, 131072, MADV_DONTNEED <unfinished ...>
25838 futex(0x73efa23008, FUTEX_WAIT, 0, NULL <unfinished ...>
17384 <... madvise resumed>)            = 0
17384 madvise(0x74593f7000, 131072, MADV_DONTNEED) = 0
17384 madvise(0x745f94a000, 131072, MADV_DONTNEED) = 0
17384 madvise(0x7459457000, 131072, MADV_DONTNEED) = 0
17384 madvise(0x745bd81000, 131072, MADV_DONTNEED) = 0
17384 madvise(0x7459417000, 131072, MADV_DONTNEED) = 0
17384 clock_gettime(CLOCK_THREAD_CPUTIME_ID, {tv_sec=0, tv_nsec=230153129}) = 0
17384 futex(0x74576aa0fc, FUTEX_WAKE_PRIVATE, 1) = 0
17384 futex(0x74576aa0fc, FUTEX_WAKE_PRIVATE, 1) = 0
17378 pread64(38,  <unfinished ...>
17384 clock_gettime(CLOCK_THREAD_CPUTIME_ID,  <unfinished ...>
17378 <... pread64 resumed>"PK\3\4\24\0\10\10\10\0\0\0!:\0\0\0\0\0\0\0\0\0\0\0\0/\0\0\0", 30, 13889060) = 30
17384 <... clock_gettime resumed>{tv_sec=0, tv_nsec=230643909}) = 0
17378 pread64(38, "res/drawable/quantum_ic_message_vd_theme_24.xml", 47, 13889090) = 47
17378 mmap(NULL, 4097, PROT_READ, MAP_SHARED, 38, 0xd3e000 <unfinished ...>
25838 <... futex resumed>)              = 0
17378 <... mmap resumed>)               = 0x74eb3f8000
25838 futex(0x73efa23008, FUTEX_WAIT, 0, NULL <unfinished ...>
17378 munmap(0x74eb3f8000, 4097)        = 0
17384 mprotect(0x7459580000, 33554432, PROT_READ|PROT_WRITE) = 0
17384 uname({sysname="Linux", nodename="localhost", ...}) = 0
17384 mprotect(0x7459580000, 33554432, PROT_READ) = 0
17384 clock_gettime(CLOCK_THREAD_CPUTIME_ID, {tv_sec=0, tv_nsec=232675055}) = 0
17384 clock_gettime(CLOCK_THREAD_CPUTIME_ID, {tv_sec=0, tv_nsec=232823335}) = 0
17384 madvise(0x745bc0d000, 131072, MADV_DONTNEED) = 0
17384 madvise(0x74593f7000, 131072, MADV_DONTNEED) = 0
17384 clock_gettime(CLOCK_THREAD_CPUTIME_ID,  <unfinished ...>
17378 ioctl(9, BINDER_WRITE_READ <unfinished ...>
25838 <... futex resumed>)              = 0
17384 <... clock_gettime resumed>{tv_sec=0, tv_nsec=233279377}) = 0
25838 futex(0x73efa23008, FUTEX_WAIT, 0, NULL <unfinished ...>
17384 futex(0x74576aa0fc, FUTEX_WAKE_PRIVATE, 1 <unfinished ...>
17378 <... ioctl resumed>, 0x7ffe9e38e8) = 0
17384 <... futex resumed>)              = 0
17384 futex(0x7467af36b4, FUTEX_WAKE_PRIVATE, 1) = 0
17384 futex(0x7467af36d8, FUTEX_WAIT_PRIVATE, 5206, NULL <unfinished ...>
25838 <... futex resumed>)              = 0
25838 futex(0x73efa23008, FUTEX_WAIT, 0, NULL <unfinished ...>
17378 write(43, "\1\0\0\0\0\0\0\0", 8)  = 8
17409 <... epoll_pwait resumed>[{events=EPOLLIN, data={u32=43, u64=43}}], 16, -1, NULL, 8) = 1
17378 futex(0x74576b9ad0, FUTEX_WAIT_BITSET_PRIVATE, 146, NULL, FUTEX_BITSET_MATCH_ANY <unfinished ...>
17409 read(43, "\1\0\0\0\0\0\0\0", 8)   = 8
17409 ioctl(9, BINDER_WRITE_READ, 0x73fbffb678) = 0
25838 <... futex resumed>)              = 0
17409 ioctl(9, BINDER_WRITE_READ <unfinished ...>
25838 futex(0x73efa23008, FUTEX_WAIT, 0, NULL <unfinished ...>
17409 <... ioctl resumed>, 0x73fbffb678) = 0
17409 futex(0x74576b9ad0, FUTEX_WAKE_PRIVATE, 1) = 1
17378 <... futex resumed>)              = 0
17409 ioctl(9, BINDER_WRITE_READ <unfinished ...>
17378 getuid()                          = 10050
17378 epoll_pwait(35,  <unfinished ...>
17409 <... ioctl resumed>, 0x73fbffb3d8) = 0
17378 <... epoll_pwait resumed>[{events=EPOLLIN, data={u32=56, u64=56}}, {events=EPOLLIN, data={u32=33, u64=33}}], 16, 0, NULL, 8) = 2
17409 fcntl(64, F_DUPFD_CLOEXEC, 0 <unfinished ...>
17378 read(33,  <unfinished ...>
17409 <... fcntl resumed>)              = 69
17378 <... read resumed>"\2\0\0\0\0\0\0\0", 8) = 8
17409 close(64 <unfinished ...>
17378 recvfrom(56,  <unfinished ...>
17409 <... close resumed>)              = 0
17378 <... recvfrom resumed>"nysv\0\0\0\0\0\0\0\0\0\0\0\0002\363'7I2\0\0\37\f\16\0\0\0\0\0", 3200, MSG_DONTWAIT, NULL, NULL) = 32
17409 dup(69)                           = 64
17378 recvfrom(56,  <unfinished ...>
17409 close(69 <unfinished ...>
17378 <... recvfrom resumed>0x7ffe9e3170, 3200, MSG_DONTWAIT, NULL, NULL) = -1 EAGAIN (Resource temporarily unavailable)
17409 <... close resumed>)              = 0
17378 writev(72, [{iov_base="\5\342C\273\301\4`\272\3160(", iov_len=11}, {iov_base="tats", iov_len=4}, {iov_base="\3\4\1.\275^\230\336z\0\0\0\261\0\0\0\2/\0\0\0com.android.dialer.dialpadview.DialpadKeyButton\0\1\0\0\0", iov_len=73}], 3) = 88
17409 ioctl(58, _IOC(_IOC_READ|_IOC_WRITE, 0x9, 0x45, 0x30) <unfinished ...>
17378 getuid( <unfinished ...>
17409 <... ioctl resumed>, 0x73fbff6880) = 0
17378 <... getuid resumed>)             = 10050
17409 mmap(NULL, 32768, PROT_READ|PROT_WRITE, MAP_SHARED, 58, 0x7f000) = 0x7fe9c8000
17378 epoll_pwait(35,  <unfinished ...>
25838 <... futex resumed>)              = 0
17378 <... epoll_pwait resumed>[], 16, 0, NULL, 8) = 0
25838 futex(0x73efa23008, FUTEX_WAIT, 0, NULL <unfinished ...>
17378 write(43, "\1\0\0\0\0\0\0\0", 8 <unfinished ...>
17409 ioctl(58, _IOC(_IOC_READ|_IOC_WRITE, 0x9, 0x45, 0x30) <unfinished ...>
17378 <... write resumed>)              = 8
17409 <... ioctl resumed>, 0x73fbff6880) = 0
17409 mmap(NULL, 32768, PROT_READ|PROT_WRITE, MAP_SHARED, 58, 0x80000 <unfinished ...>
17378 getuid( <unfinished ...>
17409 <... mmap resumed>)               = 0x7fe9c0000
17378 <... getuid resumed>)             = 10050
17378 epoll_pwait(35, [], 16, 0, NULL, 8) = 0
17409 ioctl(58, _IOC(_IOC_READ|_IOC_WRITE, 0x9, 0x45, 0x30) <unfinished ...>
17378 writev(72, [{iov_base="\5\342C\273\301\4`\25*a(", iov_len=11}, {iov_base="tats", iov_len=4}, {iov_base="\3\4\1\23\25\217\230\336z\0\0\0\261\0\0\0\2/\0\0\0com.android.dialer.dialpadview.DialpadKeyButton\0\1\0\0\0", iov_len=73}], 3 <unfinished ...>
17409 <... ioctl resumed>, 0x73fbff6880) = 0
17409 mmap(NULL, 32768, PROT_READ|PROT_WRITE, MAP_SHARED, 58, 0x81000 <unfinished ...>
17378 <... writev resumed>)             = 88
17409 <... mmap resumed>)               = 0x7fe9b8000
17378 getuid()                          = 10050
17378 epoll_pwait(35, [], 16, 0, NULL, 8) = 0
17409 ioctl(58, _IOC(_IOC_READ|_IOC_WRITE, 0x9, 0x45, 0x30), 0x73fbff9350) = 0
17409 mmap(NULL, 786432, PROT_READ|PROT_WRITE, MAP_SHARED, 58, 0x82000 <unfinished ...>
17378 futex(0x73fd93b390, FUTEX_WAIT_BITSET_PRIVATE, 14, {tv_sec=55293, tv_nsec=88596511}, FUTEX_BITSET_MATCH_ANY <unfinished ...>
17409 <... mmap resumed>)               = 0x7fe8f0000
25838 <... futex resumed>)              = 0
25838 futex(0x73efa23008, FUTEX_WAIT, 0, NULL <unfinished ...>
17409 rt_sigprocmask(0xfbff3880 /* SIG_??? */, NULL, [QUIT USR1 PIPE RTMIN], 8) = 0
17409 rt_sigprocmask(0xfbff3880 /* SIG_??? */, NULL, [QUIT USR1 PIPE RTMIN], 8) = 0
17409 rt_sigprocmask(0xfbff3880 /* SIG_??? */, NULL, [QUIT USR1 PIPE RTMIN], 8) = 0
17409 rt_sigprocmask(0xfbff3880 /* SIG_??? */, NULL, [QUIT USR1 PIPE RTMIN], 8) = 0
17409 rt_sigprocmask(0xfbff3880 /* SIG_??? */, NULL, [QUIT USR1 PIPE RTMIN], 8) = 0
17409 rt_sigprocmask(0xfbff3880 /* SIG_??? */, NULL, [QUIT USR1 PIPE RTMIN], 8) = 0
17409 rt_sigprocmask(0xfbff3880 /* SIG_??? */, NULL,  <unfinished ...>
25838 <... futex resumed>)              = 0
17409 <... rt_sigprocmask resumed>[QUIT USR1 PIPE RTMIN], 8) = 0
25838 getuid()                          = 10050
17409 rt_sigprocmask(0xfbff3880 /* SIG_??? */, NULL,  <unfinished ...>
25838 writev(36, [{iov_base="\0\356d\273\301\4`\251\340\321(", iov_len=11}, {iov_base="\3", iov_len=1}, {iov_base="AudioTrack\0", iov_len=11}, {iov_base="stop(51): called with 13440 frames delivered\0", iov_len=45}], 4 <unfinished ...>
17409 <... rt_sigprocmask resumed>[QUIT USR1 PIPE RTMIN], 8) = 0
25838 <... writev resumed>)             = 68
25838 getuid()                          = 10050
17409 rt_sigprocmask(0xfbff3880 /* SIG_??? */, NULL,  <unfinished ...>
25838 writev(37, [{iov_base="lK\0B'\342C", iov_len=7}, {iov_base="\0\356d\273\301\4`\251\340\321(", iov_len=11}, {iov_base="\3", iov_len=1}, {iov_base="AudioTrack\0", iov_len=11}, {iov_base="stop(51): called with 13440 frames delivered\0", iov_len=45}], 5 <unfinished ...>
17409 <... rt_sigprocmask resumed>[QUIT USR1 PIPE RTMIN], 8) = 0
25838 <... writev resumed>)             = 75
25838 futex(0x73efa23008, FUTEX_WAKE, 1 <unfinished ...>
17409 rt_sigprocmask(0xfbff3880 /* SIG_??? */, NULL,  <unfinished ...>
25838 <... futex resumed>)              = 0
17409 <... rt_sigprocmask resumed>[QUIT USR1 PIPE RTMIN], 8) = 0
25838 getuid( <unfinished ...>
17409 rt_sigprocmask(0xfbff3880 /* SIG_??? */, NULL,  <unfinished ...>
25838 <... getuid resumed>)             = 10050
17409 <... rt_sigprocmask resumed>[QUIT USR1 PIPE RTMIN], 8) = 0
25838 ioctl(9, BINDER_WRITE_READ, 0x745878b668) = 0
17409 rt_sigprocmask(0xfbff3880 /* SIG_??? */, NULL,  <unfinished ...>
25838 ioctl(9, BINDER_WRITE_READ <unfinished ...>
17409 <... rt_sigprocmask resumed>[QUIT USR1 PIPE RTMIN], 8) = 0
25838 <... ioctl resumed>, 0x745878b668) = 0
17409 rt_sigprocmask(0xfbff3880 /* SIG_??? */, NULL, [QUIT USR1 PIPE RTMIN], 8) = 0
25838 futex(0x73fd93b390, FUTEX_WAKE_PRIVATE, 2147483647) = 1
17409 rt_sigprocmask(0xfbff3880 /* SIG_??? */, NULL,  <unfinished ...>
17378 <... futex resumed>)              = 0
25838 futex(0x73fd93b638, FUTEX_WAIT_BITSET_PRIVATE, 6, NULL, FUTEX_BITSET_MATCH_ANY <unfinished ...>
17409 <... rt_sigprocmask resumed>[QUIT USR1 PIPE RTMIN], 8) = 0
17378 getuid( <unfinished ...>
17409 rt_sigprocmask(0xfbff3880 /* SIG_??? */, NULL,  <unfinished ...>
17378 <... getuid resumed>)             = 10050
17409 <... rt_sigprocmask resumed>[QUIT USR1 PIPE RTMIN], 8) = 0
17378 epoll_pwait(35, [], 16, 0, NULL, 8) = 0
17378 recvfrom(59, 0x74575f9020, 2272, MSG_DONTWAIT, NULL, NULL) = -1 EAGAIN (Resource temporarily unavailable)
17378 recvfrom(56, 0x7ffe9e30f0, 3200, MSG_DONTWAIT, NULL, NULL) = -1 EAGAIN (Resource temporarily unavailable)
17378 ioctl(9, BINDER_WRITE_READ, 0x7ffe9e3a58) = 0
17378 futex(0x74576b9ad0, FUTEX_WAIT_BITSET_PRIVATE, 150, NULL, FUTEX_BITSET_MATCH_ANY <unfinished ...>
17409 ioctl(58, _IOC(_IOC_READ|_IOC_WRITE, 0x9, 0x4a, 0x40), 0x73fbffa5c8) = 0
17409 ioctl(58, _IOC(_IOC_READ|_IOC_WRITE, 0x9, 0x45, 0x30), 0x73fbff9010) = 0
17409 mmap(NULL, 8192, PROT_READ|PROT_WRITE, MAP_SHARED, 58, 0x83000) = 0x7fe9b6000
17409 ioctl(58, _IOC(_IOC_READ|_IOC_WRITE, 0x9, 0x4a, 0x40), 0x73fbff9c90) = 0
17409 ioctl(58, _IOC(_IOC_READ|_IOC_WRITE, 0x9, 0x45, 0x30), 0x73fbffa300) = 0
17409 mmap(NULL, 8192, PROT_READ|PROT_WRITE, MAP_SHARED, 58, 0x84000) = 0x7fe9b4000
17409 ioctl(58, _IOC(_IOC_READ|_IOC_WRITE, 0x9, 0x33, 0x20), 0x73fbffb598) = 0
17409 close(65)                         = 0
17409 dup(69)                           = 65
17409 fcntl(65, F_SETFD, FD_CLOEXEC)    = 0
17409 fcntl(65, F_DUPFD_CLOEXEC, 0)     = 76
17409 fstat(76, {st_mode=0600, st_size=0, ...}) = 0
17409 ioctl(9, BINDER_WRITE_READ, 0x73fbffb188) = 0
17409 fstat(76, {st_mode=0600, st_size=0, ...}) = 0
17409 close(76)                         = 0
17409 futex(0x73fd762e20, FUTEX_WAKE_PRIVATE, 2147483647) = 0
17409 close(65)                         = 0
17409 close(64)                         = 0
17409 recvfrom(46, 0x73fbffaeb0, 3200, MSG_DONTWAIT, NULL, NULL) = -1 EAGAIN (Resource temporarily unavailable)
17409 ioctl(9, BINDER_WRITE_READ, 0x73fbffb8c8) = 0
17409 epoll_pwait(44, [{events=EPOLLIN, data={u32=43, u64=43}}], 16, 0, NULL, 8) = 1
17409 read(43, "\1\0\0\0\0\0\0\0", 8)   = 8
17409 ioctl(9, BINDER_WRITE_READ, 0x73fbffb678) = 0
17409 ioctl(9, BINDER_WRITE_READ, 0x73fbffb678) = 0
17409 futex(0x74576b9ad0, FUTEX_WAKE_PRIVATE, 1) = 1
17378 <... futex resumed>)              = 0
17409 ioctl(9, BINDER_WRITE_READ <unfinished ...>
17378 getuid()                          = 10050
17409 <... ioctl resumed>, 0x73fbffb3d8) = 0
17378 epoll_pwait(35,  <unfinished ...>
17409 fcntl(64, F_DUPFD_CLOEXEC, 0 <unfinished ...>
17378 <... epoll_pwait resumed>[{events=EPOLLIN, data={u32=59, u64=59}}, {events=EPOLLIN, data={u32=56, u64=56}}], 16, 0, NULL, 8) = 2
17409 <... fcntl resumed>)              = 65
17378 recvfrom(59,  <unfinished ...>
17409 close(64 <unfinished ...>
17378 <... recvfrom resumed>"\2\0\0\0\0\0\0\0\24:\0\0\0\0\0\0\340\202\322:I2\0\0\7\0\0\0\2\20\0\0\0\0\0\0\0\0\0\0\0\0\0\0\0\0\0\0\0\0\0\0\0\0\0\0\0\0\0\0\0\0\0\0\340\202\322:I2\0\0\0\0\0\0\0\0\0\0\0\0\200?\0\0\200?\1\0\0\0\0\0\0\0\0\0\0\0\1\0\0\0\0\0\0\0\0\0\0\377\0\200\321C\0\0\225D\0\0\200?\201\200\200<\0\0\200@\0\0\200@\0\0\200@\0\0\200@\0\0\0\0\0\0\0\0\0\0\0\0\0\0\0\0\0\0\0\0\0\0\0\0\0\0\0\0\0\0\0\0\0\0\0\0\0\0\0\0\0\0\0\0\0\0\0\0\0\0\0\0\0\0\0\0\0\0\0\0\0\0\0\0\0\0\0\0\0\0\0\0\0\0\0\0\0\0\0\0\0\0\0\0\0\0\0\0", 2272, MSG_DONTWAIT, NULL, NULL) = 232
17409 <... close resumed>)              = 0
17409 dup(65)                           = 64
17409 close(65 <unfinished ...>
17378 write(43, "\1\0\0\0\0\0\0\0", 8)  = 8
17409 <... close resumed>)              = 0
17378 ioctl(9, BINDER_WRITE_READ, 0x7ffe9e0988) = 0
17378 ioctl(9, BINDER_WRITE_READ, 0x7ffe9e08f8) = 0
17378 futex(0x73fd93b638, FUTEX_WAKE_PRIVATE, 1) = 1
25838 <... futex resumed>)              = 0
17378 futex(0x73fd93b390, FUTEX_WAIT_BITSET_PRIVATE, 18, {tv_sec=55293, tv_nsec=120918494}, FUTEX_BITSET_MATCH_ANY <unfinished ...>
25838 futex(0x73fd93b390, FUTEX_WAKE_PRIVATE, 2147483647) = 1
17378 <... futex resumed>)              = 0
25838 futex(0x73efa23008, FUTEX_WAIT, 0, NULL <unfinished ...>
17409 ioctl(58, _IOC(_IOC_READ|_IOC_WRITE, 0x9, 0x4a, 0x40) <unfinished ...>
17378 ioctl(9, BINDER_WRITE_READ <unfinished ...>
17409 <... ioctl resumed>, 0x73fbffa5c8) = 0
17409 ioctl(58, _IOC(_IOC_READ|_IOC_WRITE, 0x9, 0x4a, 0x40), 0x73fbff9c90) = 0
17409 ioctl(58, _IOC(_IOC_READ|_IOC_WRITE, 0x9, 0x45, 0x30), 0x73fbff9c90) = 0
17409 mmap(NULL, 16384, PROT_READ|PROT_WRITE, MAP_SHARED, 58, 0x85000) = 0x7fe8ec000
17409 ioctl(58, _IOC(_IOC_READ|_IOC_WRITE, 0x9, 0x33, 0x20) <unfinished ...>
17378 <... ioctl resumed>, 0x7ffe9e0aa8) = 0
25838 <... futex resumed>)              = 0
17409 <... ioctl resumed>, 0x73fbffb598) = 0
17378 getuid( <unfinished ...>
25838 futex(0x73efa23008, FUTEX_WAIT, 0, NULL <unfinished ...>
17378 <... getuid resumed>)             = 10050
17409 close(69)                         = 0
17378 ioctl(9, BINDER_WRITE_READ <unfinished ...>
17409 dup(65)                           = 69
17378 <... ioctl resumed>, 0x7ffe9df7c8) = 0
17378 ioctl(9, BINDER_WRITE_READ <unfinished ...>
17409 fcntl(69, F_SETFD, FD_CLOEXEC)    = 0
17409 fcntl(69, F_DUPFD_CLOEXEC, 0)     = 76
17378 <... ioctl resumed>, 0x7ffe9dfa58) = 0
17409 fstat(76, {st_mode=0600, st_size=0, ...}) = 0
17378 getuid( <unfinished ...>
17409 ioctl(9, BINDER_WRITE_READ <unfinished ...>
17378 <... getuid resumed>)             = 10050
25838 <... futex resumed>)              = 0
25838 futex(0x73efa23008, FUTEX_WAIT, 0, NULL <unfinished ...>
17409 <... ioctl resumed>, 0x73fbffb188) = 0
17378 ioctl(9, BINDER_WRITE_READ <unfinished ...>
17409 fstat(76, {st_mode=0600, st_size=0, ...}) = 0
17409 close(76)                         = 0
17409 futex(0x73fd762e20, FUTEX_WAKE_PRIVATE, 2147483647) = 0
17409 close(69)                         = 0
17409 close(64)                         = 0
17409 munmap(0x7fe8ec000, 16384)        = 0
17409 ioctl(58, _IOC(_IOC_WRITE, 0x9, 0x46, 0x20), 0x73fbffb680) = 0
25838 <... futex resumed>)              = 0
17409 recvfrom(46,  <unfinished ...>
17378 <... ioctl resumed>, 0x7ffe9dfb28) = 0
25838 futex(0x73efa23008, FUTEX_WAIT, 0, NULL <unfinished ...>
17409 <... recvfrom resumed>"nysv\0\0\0\0\0\0\0\0\0\0\0\08\7'<I2\0\0$\f\16\0\0\0\0\0", 3200, MSG_DONTWAIT, NULL, NULL) = 32
17378 ioctl(9, BINDER_WRITE_READ <unfinished ...>
17409 recvfrom(46, 0x73fbffaeb0, 3200, MSG_DONTWAIT, NULL, NULL) = -1 EAGAIN (Resource temporarily unavailable)
17409 ioctl(9, BINDER_WRITE_READ, 0x73fbffb8c8) = 0
17378 <... ioctl resumed>, 0x7ffe9df9f8) = 0
17409 epoll_pwait(44,  <unfinished ...>
17378 getuid( <unfinished ...>
17409 <... epoll_pwait resumed>[{events=EPOLLIN, data={u32=43, u64=43}}], 16, 0, NULL, 8) = 1
17378 <... getuid resumed>)             = 10050
17409 read(43, "\1\0\0\0\0\0\0\0", 8)   = 8
17409 recvfrom(46, 0x73fbffaeb0, 3200, MSG_DONTWAIT, NULL, NULL) = -1 EAGAIN (Resource temporarily unavailable)
17409 epoll_pwait(44,  <unfinished ...>
17378 ioctl(9, BINDER_WRITE_READ <unfinished ...>
25838 <... futex resumed>)              = 0
25838 futex(0x73efa23008, FUTEX_WAIT, 0, NULL <unfinished ...>
17378 <... ioctl resumed>, 0x7ffe9dfac8) = 0
17378 ioctl(9, BINDER_WRITE_READ, 0x7ffe9dfb38) = 0
17378 getuid()                          = 10050
17378 ioctl(9, BINDER_WRITE_READ <unfinished ...>
17409 <... epoll_pwait resumed>[{events=EPOLLIN, data={u32=46, u64=46}}], 16, -1, NULL, 8) = 1
17409 recvfrom(46, "nysv\0\0\0\0\0\0\0\0\0\0\0\0\306\327&=I2\0\0%\f\16\0\0\0\0\0", 3200, MSG_DONTWAIT, NULL, NULL) = 32
17378 <... ioctl resumed>, 0x7ffe9df058) = 0
17409 recvfrom(46,  <unfinished ...>
25838 <... futex resumed>)              = 0
17378 ioctl(9, BINDER_WRITE_READ <unfinished ...>
17409 <... recvfrom resumed>0x73fbffac70, 3200, MSG_DONTWAIT, NULL, NULL) = -1 EAGAIN (Resource temporarily unavailable)
25838 futex(0x73efa23008, FUTEX_WAIT, 0, NULL <unfinished ...>
17409 write(43, "\1\0\0\0\0\0\0\0", 8)  = 8
17409 epoll_pwait(44,  <unfinished ...>
17378 <... ioctl resumed>, 0x7ffe9df2d8) = 0
17409 <... epoll_pwait resumed>[{events=EPOLLIN, data={u32=43, u64=43}}], 16, 2, NULL, 8) = 1
17378 getuid( <unfinished ...>
17409 read(43,  <unfinished ...>
17378 <... getuid resumed>)             = 10050
17409 <... read resumed>"\1\0\0\0\0\0\0\0", 8) = 8
17378 ioctl(9, BINDER_WRITE_READ <unfinished ...>
17409 epoll_pwait(44,  <unfinished ...>
17378 <... ioctl resumed>, 0x7ffe9df2d8) = 0
17378 getuid()                          = 10050
17378 ioctl(9, BINDER_WRITE_READ <unfinished ...>
17409 <... epoll_pwait resumed>[], 16, 1, NULL, 8) = 0
25838 <... futex resumed>)              = 0
25838 futex(0x73efa23008, FUTEX_WAIT, 0, NULL <unfinished ...>
17409 ioctl(9, BINDER_WRITE_READ, 0x73fbffb7f8) = 0
17409 ioctl(9, BINDER_WRITE_READ <unfinished ...>
17378 <... ioctl resumed>, 0x7ffe9df398) = 0
17409 <... ioctl resumed>, 0x73fbffb658) = 0
17409 ioctl(9, BINDER_WRITE_READ <unfinished ...>
17378 ioctl(9, BINDER_WRITE_READ <unfinished ...>
17409 <... ioctl resumed>, 0x73fbffb658) = 0
17409 mprotect(0x12e40000, 262144, PROT_READ|PROT_WRITE) = 0
17378 <... ioctl resumed>, 0x7ffe9df2f8) = 0
17378 getuid( <unfinished ...>
17409 ioctl(9, BINDER_WRITE_READ <unfinished ...>
17378 <... getuid resumed>)             = 10050
17378 ioctl(9, BINDER_WRITE_READ <unfinished ...>
17409 <... ioctl resumed>, 0x73fbffb3b8) = 0
25838 <... futex resumed>)              = 0
17409 fcntl(64, F_DUPFD_CLOEXEC, 0 <unfinished ...>
25838 futex(0x73efa23008, FUTEX_WAIT, 0, NULL <unfinished ...>
17409 <... fcntl resumed>)              = 69
17409 close(64)                         = 0
17378 <... ioctl resumed>, 0x7ffe9df2f8) = 0
17409 dup(69)                           = 64
17409 close(69)                         = 0
17378 getuid()                          = 10050
17378 ioctl(9, BINDER_WRITE_READ, 0x7ffe9df3b8) = 0
25838 <... futex resumed>)              = 0
17378 getuid( <unfinished ...>
25838 futex(0x73efa23008, FUTEX_WAIT, 0, NULL <unfinished ...>
17378 <... getuid resumed>)             = 10050
17409 ioctl(58, _IOC(_IOC_READ|_IOC_WRITE, 0x9, 0x4a, 0x40) <unfinished ...>
17378 ioctl(9, BINDER_WRITE_READ <unfinished ...>
17409 <... ioctl resumed>, 0x73fbffa5a8) = 0
17378 <... ioctl resumed>, 0x7ffe9df218) = 0
17409 ioctl(58, _IOC(_IOC_READ|_IOC_WRITE, 0x9, 0x4a, 0x40) <unfinished ...>
17378 getuid( <unfinished ...>
17409 <... ioctl resumed>, 0x73fbff9c70) = 0
17378 <... getuid resumed>)             = 10050
17409 ioctl(58, _IOC(_IOC_READ|_IOC_WRITE, 0x9, 0x33, 0x20) <unfinished ...>
17378 ioctl(9, BINDER_WRITE_READ <unfinished ...>
17409 <... ioctl resumed>, 0x73fbffb578) = 0
17409 close(65)                         = 0
17409 dup(69 <unfinished ...>
17378 <... ioctl resumed>, 0x7ffe9df098) = 0
17409 <... dup resumed>)                = 65
17378 getuid( <unfinished ...>
17409 fcntl(65, F_SETFD, FD_CLOEXEC <unfinished ...>
17378 <... getuid resumed>)             = 10050
17409 <... fcntl resumed>)              = 0
17409 fcntl(65, F_DUPFD_CLOEXEC, 0 <unfinished ...>
17378 ioctl(9, BINDER_WRITE_READ <unfinished ...>
17409 <... fcntl resumed>)              = 76
17409 fstat(76, {st_mode=0600, st_size=0, ...}) = 0
17378 <... ioctl resumed>, 0x7ffe9df218) = 0
17409 ioctl(9, BINDER_WRITE_READ, 0x73fbffb168) = 0
25838 <... futex resumed>)              = 0
17409 fstat(76,  <unfinished ...>
17378 getuid( <unfinished ...>
17409 <... fstat resumed>{st_mode=0600, st_size=0, ...}) = 0
17378 <... getuid resumed>)             = 10050
17409 close(76 <unfinished ...>
25838 futex(0x73efa23008, FUTEX_WAIT, 0, NULL <unfinished ...>
17409 <... close resumed>)              = 0
17378 getuid( <unfinished ...>
17409 futex(0x73fd762e20, FUTEX_WAKE_PRIVATE, 2147483647 <unfinished ...>
17378 <... getuid resumed>)             = 10050
17409 <... futex resumed>)              = 0
17409 close(65)                         = 0
17409 close(64)                         = 0
17409 recvfrom(46, "nysv\0\0\0\0\0\0\0\0\0\0\0\0o\254&>I2\0\0&\f\16\0\0\0\0\0", 3200, MSG_DONTWAIT, NULL, NULL) = 32
17409 recvfrom(46, 0x73fbffaeb0, 3200, MSG_DONTWAIT, NULL, NULL) = -1 EAGAIN (Resource temporarily unavailable)
17409 write(43, "\1\0\0\0\0\0\0\0", 8)  = 8
17409 ioctl(9, BINDER_WRITE_READ, 0x73fbffb8c8) = 0
17409 epoll_pwait(44, [{events=EPOLLIN, data={u32=43, u64=43}}], 16, 1, NULL, 8) = 1
17409 read(43,  <unfinished ...>
25838 <... futex resumed>)              = 0
17409 <... read resumed>"\1\0\0\0\0\0\0\0", 8) = 8
25838 futex(0x73efa23008, FUTEX_WAIT, 0, NULL <unfinished ...>
17409 ioctl(9, BINDER_WRITE_READ, 0x73fbffb658) = 0
17409 ioctl(9, BINDER_WRITE_READ, 0x73fbffb658) = 0
17409 ioctl(9, BINDER_WRITE_READ, 0x73fbffb3b8) = 0
17378 mprotect(0x12f80000, 262144, PROT_READ|PROT_WRITE <unfinished ...>
17409 fcntl(64, F_DUPFD_CLOEXEC, 0)     = 65
17378 <... mprotect resumed>)           = 0
17409 close(64)                         = 0
17409 dup(65)                           = 64
17409 close(65)                         = 0
25838 <... futex resumed>)              = 0
17378 getuid( <unfinished ...>
25838 futex(0x73efa23008, FUTEX_WAIT, 0, NULL <unfinished ...>
17378 <... getuid resumed>)             = 10050
17378 ioctl(9, BINDER_WRITE_READ <unfinished ...>
17409 ioctl(58, _IOC(_IOC_READ|_IOC_WRITE, 0x9, 0x4a, 0x40), 0x73fbffa5a8) = 0
17409 ioctl(58, _IOC(_IOC_READ|_IOC_WRITE, 0x9, 0x4a, 0x40), 0x73fbff9c70) = 0
17378 <... ioctl resumed>, 0x7ffe9dec18) = 0
17409 ioctl(58, _IOC(_IOC_READ|_IOC_WRITE, 0x9, 0x45, 0x30), 0x73fbff9c70) = 0
17409 mmap(NULL, 16384, PROT_READ|PROT_WRITE, MAP_SHARED, 58, 0x85000 <unfinished ...>
17378 ioctl(9, BINDER_WRITE_READ <unfinished ...>
17409 <... mmap resumed>)               = 0x7fe8ec000
17409 ioctl(58, _IOC(_IOC_READ|_IOC_WRITE, 0x9, 0x33, 0x20), 0x73fbffb578) = 0
17378 <... ioctl resumed>, 0x7ffe9deea8) = 0
17409 close(69)                         = 0
17409 dup(65 <unfinished ...>
17378 getuid( <unfinished ...>
17409 <... dup resumed>)                = 69
17378 <... getuid resumed>)             = 10050
17409 fcntl(69, F_SETFD, FD_CLOEXEC)    = 0
17378 ioctl(9, BINDER_WRITE_READ <unfinished ...>
17409 fcntl(69, F_DUPFD_CLOEXEC, 0)     = 76
17409 fstat(76, {st_mode=0600, st_size=0, ...}) = 0
17409 ioctl(9, BINDER_WRITE_READ <unfinished ...>
25838 <... futex resumed>)              = 0
25838 futex(0x73efa23008, FUTEX_WAIT, 0, NULL <unfinished ...>
17409 <... ioctl resumed>, 0x73fbffb168) = 0
17409 fstat(76, {st_mode=0600, st_size=0, ...}) = 0
17409 close(76)                         = 0
17409 futex(0x73fd762e20, FUTEX_WAKE_PRIVATE, 2147483647) = 0
17409 close(69)                         = 0
17409 close(64)                         = 0
17409 munmap(0x7fe8ec000, 16384)        = 0
17409 ioctl(58, _IOC(_IOC_WRITE, 0x9, 0x46, 0x20), 0x73fbffb660) = 0
17378 <... ioctl resumed>, 0x7ffe9def78) = 0
17409 recvfrom(46,  <unfinished ...>
17378 ioctl(9, BINDER_WRITE_READ <unfinished ...>
17409 <... recvfrom resumed>0x73fbffaeb0, 3200, MSG_DONTWAIT, NULL, NULL) = -1 EAGAIN (Resource temporarily unavailable)
17409 epoll_pwait(44,  <unfinished ...>
17378 <... ioctl resumed>, 0x7ffe9dee48) = 0
17378 getuid( <unfinished ...>
25838 <... futex resumed>)              = 0
17378 <... getuid resumed>)             = 10050
25838 futex(0x73efa23008, FUTEX_WAIT, 0, NULL <unfinished ...>
17378 ioctl(9, BINDER_WRITE_READ <unfinished ...>
17409 <... epoll_pwait resumed>[{events=EPOLLIN, data={u32=46, u64=46}}], 16, -1, NULL, 8) = 1
17409 recvfrom(46, "nysv\0\0\0\0\0\0\0\0\0\0\0\0\30\201&?I2\0\0'\f\16\0\0\0\0\0", 3200, MSG_DONTWAIT, NULL, NULL) = 32
17378 <... ioctl resumed>, 0x7ffe9def18) = 0
17409 recvfrom(46, 0x73fbffac70, 3200, MSG_DONTWAIT, NULL, NULL) = -1 EAGAIN (Resource temporarily unavailable)
17378 ioctl(9, BINDER_WRITE_READ <unfinished ...>
17409 write(43, "\1\0\0\0\0\0\0\0", 8)  = 8
17378 <... ioctl resumed>, 0x7ffe9def88) = 0
17409 epoll_pwait(44, [{events=EPOLLIN, data={u32=43, u64=43}}], 16, 2, NULL, 8) = 1
17409 read(43, "\1\0\0\0\0\0\0\0", 8)   = 8
17409 epoll_pwait(44,  <unfinished ...>
17378 getuid()                          = 10050
17378 ioctl(9, BINDER_WRITE_READ, 0x7ffe9de4a8) = 0
25838 <... futex resumed>)              = 0
25838 futex(0x73efa23008, FUTEX_WAIT, 0, NULL <unfinished ...>
17378 ioctl(9, BINDER_WRITE_READ <unfinished ...>
17409 <... epoll_pwait resumed>[], 16, 1, NULL, 8) = 0
17409 epoll_pwait(44, [], 16, 0, NULL, 8) = 0
17378 <... ioctl resumed>, 0x7ffe9de728) = 0
17409 ioctl(9, BINDER_WRITE_READ <unfinished ...>
17378 getuid( <unfinished ...>
17409 <... ioctl resumed>, 0x73fbffb7f8) = 0
17378 <... getuid resumed>)             = 10050
17409 ioctl(9, BINDER_WRITE_READ <unfinished ...>
17378 ioctl(9, BINDER_WRITE_READ <unfinished ...>
17409 <... ioctl resumed>, 0x73fbffb658) = 0
17409 ioctl(9, BINDER_WRITE_READ, 0x73fbffb658) = 0
17409 ioctl(9, BINDER_WRITE_READ <unfinished ...>
17378 <... ioctl resumed>, 0x7ffe9de728) = 0
17378 getuid()                          = 10050
17409 <... ioctl resumed>, 0x73fbffb3b8) = 0
17409 fcntl(64, F_DUPFD_CLOEXEC, 0 <unfinished ...>
17378 ioctl(9, BINDER_WRITE_READ <unfinished ...>
17409 <... fcntl resumed>)              = 69
25838 <... futex resumed>)              = 0
17409 close(64)                         = 0
25838 futex(0x73efa23008, FUTEX_WAIT, 0, NULL <unfinished ...>
17378 <... ioctl resumed>, 0x7ffe9de7e8) = 0
17409 dup(69)                           = 64
17409 close(69)                         = 0
17378 ioctl(9, BINDER_WRITE_READ, 0x7ffe9de748) = 0
17378 getuid()                          = 10050
17378 ioctl(9, BINDER_WRITE_READ, 0x7ffe9de748) = 0
17409 ioctl(58, _IOC(_IOC_READ|_IOC_WRITE, 0x9, 0x4a, 0x40), 0x73fbffa5a8) = 0
17378 getuid()                          = 10050
17409 ioctl(58, _IOC(_IOC_READ|_IOC_WRITE, 0x9, 0x4a, 0x40) <unfinished ...>
17378 ioctl(9, BINDER_WRITE_READ <unfinished ...>
17409 <... ioctl resumed>, 0x73fbff9c70) = 0
17409 ioctl(58, _IOC(_IOC_READ|_IOC_WRITE, 0x9, 0x33, 0x20), 0x73fbffb578) = 0
17409 close(65 <unfinished ...>
25838 <... futex resumed>)              = 0
17409 <... close resumed>)              = 0
25838 futex(0x73efa23008, FUTEX_WAIT, 0, NULL <unfinished ...>
17409 dup(69)                           = 65
17409 fcntl(65, F_SETFD, FD_CLOEXEC)    = 0
17409 fcntl(65, F_DUPFD_CLOEXEC, 0 <unfinished ...>
17378 <... ioctl resumed>, 0x7ffe9de808) = 0
17409 <... fcntl resumed>)              = 76
17409 fstat(76, {st_mode=0600, st_size=0, ...}) = 0
17409 ioctl(9, BINDER_WRITE_READ, 0x73fbffb168) = 0
17409 fstat(76, {st_mode=0600, st_size=0, ...}) = 0
17378 getuid( <unfinished ...>
17409 close(76)                         = 0
17378 <... getuid resumed>)             = 10050
17409 futex(0x73fd762e20, FUTEX_WAKE_PRIVATE, 2147483647 <unfinished ...>
17378 ioctl(9, BINDER_WRITE_READ <unfinished ...>
17409 <... futex resumed>)              = 0
17409 close(65)                         = 0
17409 close(64 <unfinished ...>
17378 <... ioctl resumed>, 0x7ffe9de668) = 0
17409 <... close resumed>)              = 0
17409 recvfrom(46,  <unfinished ...>
17378 getuid( <unfinished ...>
17409 <... recvfrom resumed>0x73fbffaeb0, 3200, MSG_DONTWAIT, NULL, NULL) = -1 EAGAIN (Resource temporarily unavailable)
17378 <... getuid resumed>)             = 10050
17409 epoll_pwait(44,  <unfinished ...>
17378 ioctl(9, BINDER_WRITE_READ <unfinished ...>
25838 <... futex resumed>)              = 0
17378 <... ioctl resumed>, 0x7ffe9de4e8) = 0
25838 futex(0x73efa23008, FUTEX_WAIT, 0, NULL <unfinished ...>
17378 getuid()                          = 10050
17378 ioctl(9, BINDER_WRITE_READ, 0x7ffe9de668) = 0
17378 getuid()                          = 10050
17378 getuid()                          = 10050
17409 <... epoll_pwait resumed>[{events=EPOLLIN, data={u32=46, u64=46}}], 16, -1, NULL, 8) = 1
17409 recvfrom(46, "nysv\0\0\0\0\0\0\0\0\0\0\0\0002S&@I2\0\0(\f\16\0\0\0\0\0", 3200, MSG_DONTWAIT, NULL, NULL) = 32
17409 recvfrom(46, 0x73fbffac70, 3200, MSG_DONTWAIT, NULL, NULL) = -1 EAGAIN (Resource temporarily unavailable)
17409 write(43, "\1\0\0\0\0\0\0\0", 8)  = 8
17409 epoll_pwait(44, [{events=EPOLLIN, data={u32=43, u64=43}}], 16, 2, NULL, 8) = 1
17409 read(43, "\1\0\0\0\0\0\0\0", 8)   = 8
17409 epoll_pwait(44,  <unfinished ...>
17378 ioctl(9, BINDER_WRITE_READ, 0x7ffe9e05b8) = 0
17378 ioctl(9, BINDER_WRITE_READ <unfinished ...>
25838 <... futex resumed>)              = 0
17378 <... ioctl resumed>, 0x7ffe9e0668) = 0
25838 futex(0x73efa23008, FUTEX_WAIT, 0, NULL <unfinished ...>
17378 sendto(59, "\3\0\0\0\0\0\0\0\24:\0\0\1\0\0\0", 16, MSG_DONTWAIT|MSG_NOSIGNAL, NULL, 0) = 16
17378 recvfrom(59, "\2\0\0\0\0\0\0\0\26:\0\0\0\0\0\0\330\0W;I2\0\0\7\0\0\0\2\20\0\0\0\0\0\0\2\0\0\0\0\0\0\0\0\0\0\0\0\0\0\0\0\0\0\0\0\0\0\0\0\0\0\0\340\202\322:I2\0\0\0\0\0\0\0\0\0\0\0\0\200?\0\0\200?\1\0\0\0\0\0\0\0\0\0\0\0\1\0\0\0\0\0\0\0\0\0\0\377\0\200\321C\0\0\225D\0\0\200?\201\200\200<\0\0\200@\0\0\200@\0\0\200@\0\0\200@\0\0\0\0\0\0\0\0\0\0\0\0\0\0\0\0\0\0\0\0\0\0\0\0\0\0\0\0\0\0\0\0\0\0\0\0\0\0\0\0\0\0\0\0\0\0\0\0\0\0\0\0\0\0\0\0\0\0\0\0\0\0\0\0\0\0\0\0\0\0\0\0\0\0\0\0\0\0\0\0\0\0\0\0\0\0\0\0", 2272, MSG_DONTWAIT, NULL, NULL) = 232
17409 <... epoll_pwait resumed>[], 16, 2, NULL, 8) = 0
17378 recvfrom(59,  <unfinished ...>
17409 epoll_pwait(44,  <unfinished ...>
17378 <... recvfrom resumed>"\2\0\0\0\0\0\0\0\30:\0\0\0\0\0\0(\254\330;I2\0\0\7\0\0\0\2\20\0\0\0\0\0\0\2\0\0\0\0\0\0\0\0\0\0\0\0\0\0\0\0\0\0\0\0\0\0\0\0\0\0\0\340\202\322:I2\0\0\0\0\0\0\0\0\0\0\0\0\200?\0\0\200?\1\0\0\0\0\0\0\0\0\0\0\0\1\0\0\0\0\0\0\0\0\0\0\377\0\200\321C\0\0\225D\0\0\200?\201\200\200<\0\0\200@\0\0\200@\0\0\200@\0\0\200@\0\0\0\0\0\0\0\0\0\0\0\0\0\0\0\0\0\0\0\0\0\0\0\0\0\0\0\0\0\0\0\0\0\0\0\0\0\0\0\0\0\0\0\0\0\0\0\0\0\0\0\0\0\0\0\0\0\0\0\0\0\0\0\0\0\0\0\0\0\0\0\0\0\0\0\0\0\0\0\0\0\0\0\0\0\0\0\0", 2272, MSG_DONTWAIT, NULL, NULL) = 232
17409 <... epoll_pwait resumed>[], 16, 0, NULL, 8) = 0
17378 recvfrom(59,  <unfinished ...>
17409 ioctl(9, BINDER_WRITE_READ <unfinished ...>
17378 <... recvfrom resumed>"\2\0\0\0\0\0\0\0\32:\0\0\0\0\0\0X\200[<I2\0\0\7\0\0\0\2\20\0\0\0\0\0\0\2\0\0\0\0\0\0\0\0\0\0\0\0\0\0\0\0\0\0\0\0\0\0\0\0\0\0\0\340\202\322:I2\0\0\0\0\0\0\0\0\0\0\0\0\200?\0\0\200?\1\0\0\0\0\0\0\0\0\0\0\0\1\0\0\0\0\0\0\0\0\0\0\377\0\200\321C\0\0\225D\0\0\200?\221\220\220<\0\0\240@\0\0\200@\0\0\240@\0\0\200@\0\0\0\0\0\0\0\0\0\0\0\0\0\0\0\0\0\0\0\0\0\0\0\0\0\0\0\0\0\0\0\0\0\0\0\0\0\0\0\0\0\0\0\0\0\0\0\0\0\0\0\0\0\0\0\0\0\0\0\0\0\0\0\0\0\0\0\0\0\0\0\0\0\0\0\0\0\0\0\0\0\0\0\0\0\0\0\0", 2272, MSG_DONTWAIT, NULL, NULL) = 232
25838 <... futex resumed>)              = 0
17409 <... ioctl resumed>, 0x73fbffb7f8) = 0
17378 recvfrom(59,  <unfinished ...>
25838 futex(0x73efa23008, FUTEX_WAIT, 0, NULL <unfinished ...>
17409 ioctl(9, BINDER_WRITE_READ <unfinished ...>
17378 <... recvfrom resumed>"\2\0\0\0\0\0\0\0\34:\0\0\0\0\0\0`C\333<I2\0\0\7\0\0\0\2\20\0\0\0\0\0\0\2\0\0\0\0\0\0\0\0\0\0\0\0\0\0\0\0\0\0\0\0\0\0\0\0\0\0\0\340\202\322:I2\0\0\0\0\0\0\0\0\0\0\0\0\200?\0\0\200?\1\0\0\0\0\0\0\0\0\0\0\0\1\0\0\0\0\0\0\0\0\0\0\377\0\200\321C\0\0\225D\0\0\200?\221\220\220<\0\0\240@\0\0\200@\0\0\240@\0\0\200@\0\0\0\0\0\0\0\0\0\0\0\0\0\0\0\0\0\0\0\0\0\0\0\0\0\0\0\0\0\0\0\0\0\0\0\0\0\0\0\0\0\0\0\0\0\0\0\0\0\0\0\0\0\0\0\0\0\0\0\0\0\0\0\0\0\0\0\0\0\0\0\0\0\0\0\0\0\0\0\0\0\0\0\0\0\0\0\0", 2272, MSG_DONTWAIT, NULL, NULL) = 232
17409 <... ioctl resumed>, 0x73fbffb658) = 0
17378 recvfrom(59,  <unfinished ...>
17409 ioctl(9, BINDER_WRITE_READ <unfinished ...>
17378 <... recvfrom resumed>"\2\0\0\0\0\0\0\0\36:\0\0\0\0\0\0\320H[=I2\0\0\7\0\0\0\2\20\0\0\0\0\0\0\2\0\0\0\0\0\0\0\0\0\0\0\0\0\0\0\0\0\0\0\0\0\0\0\0\0\0\0\340\202\322:I2\0\0\0\0\0\0\0\0\0\0\0\0\200?\0\0\200?\1\0\0\0\0\0\0\0\0\0\0\0\1\0\0\0\0\0\0\0\0\0\0\377\0\200\321C\0\0\225D\0\0\200?\221\220\220<\0\0\240@\0\0\200@\0\0\240@\0\0\200@\0\0\0\0\0\0\0\0\0\0\0\0\0\0\0\0\0\0\0\0\0\0\0\0\0\0\0\0\0\0\0\0\0\0\0\0\0\0\0\0\0\0\0\0\0\0\0\0\0\0\0\0\0\0\0\0\0\0\0\0\0\0\0\0\0\0\0\0\0\0\0\0\0\0\0\0\0\0\0\0\0\0\0\0\0\0\0\0", 2272, MSG_DONTWAIT, NULL, NULL) = 232
17409 <... ioctl resumed>, 0x73fbffb658) = 0
17378 recvfrom(59, "\2\0\0\0\0\0\0\0 :\0\0\0\0\0\0\370G\336=I2\0\0\7\0\0\0\2\20\0\0\0\0\0\0\2\0\0\0\0\0\0\0\0\0\0\0\0\0\0\0\0\0\0\0\0\0\0\0\0\0\0\0\340\202\322:I2\0\0\0\0\0\0\0\0\0\0\0\0\200?\0\0\200?\1\0\0\0\0\0\0\0\0\0\0\0\1\0\0\0\0\0\0\0\0\0\0\377\0\0\317C\0\200\225D\0\0\200?\221\220\220<\0\0\240@\0\0\200@\0\0\240@\0\0\200@\0\0\0\0\0\0\0\0\0\0\0\0\0\0\0\0\0\0\0\0\0\0\0\0\0\0\0\0\0\0\0\0\0\0\0\0\0\0\0\0\0\0\0\0\0\0\0\0\0\0\0\0\0\0\0\0\0\0\0\0\0\0\0\0\0\0\0\0\0\0\0\0\0\0\0\0\0\0\0\0\0\0\0\0\0\0\0\0", 2272, MSG_DONTWAIT, NULL, NULL) = 232
17378 recvfrom(59,  <unfinished ...>
17409 ioctl(9, BINDER_WRITE_READ <unfinished ...>
17378 <... recvfrom resumed>"\2\0\0\0\0\0\0\0\":\0\0\0\0\0\0\270FV>I2\0\0\7\0\0\0\2\20\0\0\0\0\0\0\1\0\0\0\0\0\0\0\0\0\0\0\0\0\0\0\0\0\0\0\0\0\0\0\0\0\0\0\340\202\322:I2\0\0\0\0\0\0\0\0\0\0\0\0\200?\0\0\200?\1\0\0\0\0\0\0\0\0\0\0\0\1\0\0\0\0\0\0\0\0\0\0\377\0\0\317C\0\200\225D\0\0\200?\221\220\220<\0\0\240@\0\0\200@\0\0\240@\0\0\200@\0\0\0\0\0\0\0\0\0\0\0\0\0\0\0\0\0\0\0\0\0\0\0\0\0\0\0\0\0\0\0\0\0\0\0\0\0\0\0\0\0\0\0\0\0\0\0\0\0\0\0\0\0\0\0\0\0\0\0\0\0\0\0\0\0\0\0\0\0\0\0\0\0\0\0\0\0\0\0\0\0\0\0\0\0\0\0\0", 2272, MSG_DONTWAIT, NULL, NULL) = 232
17409 <... ioctl resumed>, 0x73fbffb3b8) = 0
17409 fcntl(64, F_DUPFD_CLOEXEC, 0 <unfinished ...>
17378 sendto(59, "\3\0\0\0\0\0\0\0\26:\0\0\1\0\0\0", 16, MSG_DONTWAIT|MSG_NOSIGNAL, NULL, 0 <unfinished ...>
17409 <... fcntl resumed>)              = 65
17378 <... sendto resumed>)             = 16
17378 sendto(59, "\3\0\0\0\0\0\0\0\30:\0\0\1\0\0\0", 16, MSG_DONTWAIT|MSG_NOSIGNAL, NULL, 0 <unfinished ...>
17409 close(64 <unfinished ...>
17378 <... sendto resumed>)             = 16
17409 <... close resumed>)              = 0
17378 sendto(59, "\3\0\0\0\0\0\0\0\32:\0\0\1\0\0\0", 16, MSG_DONTWAIT|MSG_NOSIGNAL, NULL, 0 <unfinished ...>
17409 dup(65)                           = 64
17378 <... sendto resumed>)             = 16
17409 close(65 <unfinished ...>
17378 sendto(59, "\3\0\0\0\0\0\0\0\34:\0\0\1\0\0\0", 16, MSG_DONTWAIT|MSG_NOSIGNAL, NULL, 0 <unfinished ...>
25838 <... futex resumed>)              = 0
17409 <... close resumed>)              = 0
17378 <... sendto resumed>)             = 16
25838 futex(0x73efa23008, FUTEX_WAIT, 0, NULL <unfinished ...>
17378 sendto(59, "\3\0\0\0\0\0\0\0\36:\0\0\1\0\0\0", 16, MSG_DONTWAIT|MSG_NOSIGNAL, NULL, 0) = 16
17378 sendto(59, "\3\0\0\0\0\0\0\0 :\0\0\1\0\0\0", 16, MSG_DONTWAIT|MSG_NOSIGNAL, NULL, 0) = 16
17378 sendto(59, "\3\0\0\0\0\0\0\0\":\0\0\1\0\0\0", 16, MSG_DONTWAIT|MSG_NOSIGNAL, NULL, 0) = 16
17409 ioctl(58, _IOC(_IOC_READ|_IOC_WRITE, 0x9, 0x4a, 0x40) <unfinished ...>
17378 recvfrom(59,  <unfinished ...>
17409 <... ioctl resumed>, 0x73fbffa5a8) = 0
17378 <... recvfrom resumed>0x74575f9020, 2272, MSG_DONTWAIT, NULL, NULL) = -1 EAGAIN (Resource temporarily unavailable)
17378 recvfrom(56,  <unfinished ...>
17409 ioctl(58, _IOC(_IOC_READ|_IOC_WRITE, 0x9, 0x4a, 0x40) <unfinished ...>
17378 <... recvfrom resumed>"nysv\0\0\0\0\0\0\0\0\0\0\0\0+4';I2\0\0#\f\16\0\0\0\0\0", 3200, MSG_DONTWAIT, NULL, NULL) = 32
17409 <... ioctl resumed>, 0x73fbff9c70) = 0
17378 recvfrom(56,  <unfinished ...>
17409 ioctl(58, _IOC(_IOC_READ|_IOC_WRITE, 0x9, 0x33, 0x20) <unfinished ...>
17378 <... recvfrom resumed>0x7ffe9e3170, 3200, MSG_DONTWAIT, NULL, NULL) = -1 EAGAIN (Resource temporarily unavailable)
17409 <... ioctl resumed>, 0x73fbffb578) = 0
17409 close(69)                         = 0
17378 getuid( <unfinished ...>
17409 dup(65 <unfinished ...>
17378 <... getuid resumed>)             = 10050
17409 <... dup resumed>)                = 69
17409 fcntl(69, F_SETFD, FD_CLOEXEC <unfinished ...>
17378 epoll_pwait(35,  <unfinished ...>
17409 <... fcntl resumed>)              = 0
17409 fcntl(69, F_DUPFD_CLOEXEC, 0 <unfinished ...>
17378 <... epoll_pwait resumed>[], 16, 0, NULL, 8) = 0
17409 <... fcntl resumed>)              = 76
17378 getuid( <unfinished ...>
17409 fstat(76,  <unfinished ...>
25838 <... futex resumed>)              = 0
17409 <... fstat resumed>{st_mode=0600, st_size=0, ...}) = 0
25838 futex(0x73efa23008, FUTEX_WAIT, 0, NULL <unfinished ...>
17409 ioctl(9, BINDER_WRITE_READ <unfinished ...>
17378 <... getuid resumed>)             = 10050
17378 epoll_pwait(35, [], 16, 0, NULL, 8) = 0
17409 <... ioctl resumed>, 0x73fbffb168) = 0
17378 getuid( <unfinished ...>
17409 fstat(76,  <unfinished ...>
17378 <... getuid resumed>)             = 10050
17409 <... fstat resumed>{st_mode=0600, st_size=0, ...}) = 0
17378 epoll_pwait(35,  <unfinished ...>
17409 close(76 <unfinished ...>
17378 <... epoll_pwait resumed>[], 16, 0, NULL, 8) = 0
17409 <... close resumed>)              = 0
17378 getuid( <unfinished ...>
17409 futex(0x73fd762e20, FUTEX_WAKE_PRIVATE, 2147483647 <unfinished ...>
17378 <... getuid resumed>)             = 10050
17409 <... futex resumed>)              = 0
17378 epoll_pwait(35,  <unfinished ...>
17409 close(69 <unfinished ...>
17378 <... epoll_pwait resumed>[], 16, 0, NULL, 8) = 0
17409 <... close resumed>)              = 0
17378 getuid()                          = 10050
17409 close(64 <unfinished ...>
17378 epoll_pwait(35, [], 16, 0, NULL, 8) = 0
17409 <... close resumed>)              = 0
17378 getuid()                          = 10050
17378 epoll_pwait(35, [], 16, 0, NULL, 8) = 0
17409 recvfrom(46,  <unfinished ...>
17378 getuid( <unfinished ...>
17409 <... recvfrom resumed>"nysv\0\0\0\0\0\0\0\0\0\0\0\0U%&AI2\0\0)\f\16\0\0\0\0\0", 3200, MSG_DONTWAIT, NULL, NULL) = 32
17378 <... getuid resumed>)             = 10050
17409 recvfrom(46, 0x73fbffaeb0, 3200, MSG_DONTWAIT, NULL, NULL) = -1 EAGAIN (Resource temporarily unavailable)
17409 write(43, "\1\0\0\0\0\0\0\0", 8 <unfinished ...>
17378 epoll_pwait(35,  <unfinished ...>
17409 <... write resumed>)              = 8
17378 <... epoll_pwait resumed>[], 16, 0, NULL, 8) = 0
17409 ioctl(9, BINDER_WRITE_READ <unfinished ...>
17378 recvfrom(59,  <unfinished ...>
17409 <... ioctl resumed>, 0x73fbffb8c8) = 0
17378 <... recvfrom resumed>0x74575f9020, 2272, MSG_DONTWAIT, NULL, NULL) = -1 EAGAIN (Resource temporarily unavailable)
25838 <... futex resumed>)              = 0
17409 epoll_pwait(44,  <unfinished ...>
25838 futex(0x73efa23008, FUTEX_WAIT, 0, NULL <unfinished ...>
17378 recvfrom(56,  <unfinished ...>
17409 <... epoll_pwait resumed>[{events=EPOLLIN, data={u32=43, u64=43}}], 16, 2, NULL, 8) = 1
17378 <... recvfrom resumed>0x7ffe9e30f0, 3200, MSG_DONTWAIT, NULL, NULL) = -1 EAGAIN (Resource temporarily unavailable)
17409 read(43,  <unfinished ...>
17378 ioctl(9, BINDER_WRITE_READ <unfinished ...>
17409 <... read resumed>"\1\0\0\0\0\0\0\0", 8) = 8
17378 <... ioctl resumed>, 0x7ffe9e3a58) = 0
17409 epoll_pwait(44,  <unfinished ...>
17378 write(33, "\1\0\0\0\0\0\0\0", 8 <unfinished ...>
17409 <... epoll_pwait resumed>[], 16, 0, NULL, 8) = 0
17378 <... write resumed>)              = 8
17409 epoll_pwait(44, [], 16, 0, NULL, 8) = 0
17409 ioctl(9, BINDER_WRITE_READ, 0x73fbffb658) = 0
17378 ioctl(9, BINDER_WRITE_READ <unfinished ...>
17409 ioctl(9, BINDER_WRITE_READ <unfinished ...>
25838 <... futex resumed>)              = 0
17409 <... ioctl resumed>, 0x73fbffb658) = 0
17378 <... ioctl resumed>, 0x7ffe9e38e8) = 0
25838 futex(0x73efa23008, FUTEX_WAIT, 0, NULL <unfinished ...>
17409 ioctl(9, BINDER_WRITE_READ, 0x73fbffb3b8) = 0
17409 fcntl(64, F_DUPFD_CLOEXEC, 0)     = 69
17378 write(43, "\1\0\0\0\0\0\0\0", 8 <unfinished ...>
17409 close(64 <unfinished ...>
17378 <... write resumed>)              = 8
17409 <... close resumed>)              = 0
17378 futex(0x74576b9ad0, FUTEX_WAIT_BITSET_PRIVATE, 154, NULL, FUTEX_BITSET_MATCH_ANY <unfinished ...>
17409 dup(69)                           = 64
17409 close(69)                         = 0
25838 <... futex resumed>)              = 0
17409 ioctl(58, _IOC(_IOC_READ|_IOC_WRITE, 0x9, 0x4a, 0x40) <unfinished ...>
25838 futex(0x73efa23008, FUTEX_WAIT, 0, NULL <unfinished ...>
17409 <... ioctl resumed>, 0x73fbffa5a8) = 0
17409 ioctl(58, _IOC(_IOC_READ|_IOC_WRITE, 0x9, 0x4a, 0x40), 0x73fbff9c70) = 0
