17409 ioctl(58, _IOC(_IOC_READ|_IOC_WRITE, 0x9, 0x33, 0x20), 0x73fbffb578) = 0
17409 close(65)                         = 0
17409 dup(69)                           = 65
17409 fcntl(65, F_SETFD, FD_CLOEXEC)    = 0
17409 fcntl(65, F_DUPFD_CLOEXEC, 0)     = 76
17409 fstat(76, {st_mode=0600, st_size=0, ...}) = 0
17409 ioctl(9, BINDER_WRITE_READ, 0x73fbffb168) = 0
17409 fstat(76, {st_mode=0600, st_size=0, ...}) = 0
17409 close(76)                         = 0
17409 futex(0x73fd762e20, FUTEX_WAKE_PRIVATE, 2147483647 <unfinished ...>
25838 <... futex resumed>)              = 0
17409 <... futex resumed>)              = 0
25838 futex(0x73efa23008, FUTEX_WAIT, 0, NULL <unfinished ...>
17409 close(65)                         = 0
17409 close(64)                         = 0
17409 recvfrom(46, 0x73fbffaeb0, 3200, MSG_DONTWAIT, NULL, NULL) = -1 EAGAIN (Resource temporarily unavailable)
17409 epoll_pwait(44, [{events=EPOLLIN, data={u32=43, u64=43}}], 16, 0, NULL, 8) = 1
17409 read(43, "\1\0\0\0\0\0\0\0", 8)   = 8
17409 ioctl(9, BINDER_WRITE_READ, 0x73fbffb678) = 0
17409 ioctl(9, BINDER_WRITE_READ, 0x73fbffb678) = 0
17409 futex(0x74576b9ad0, FUTEX_WAKE_PRIVATE, 1) = 1
17378 <... futex resumed>)              = 0
17409 recvfrom(46, 0x73fbffaeb0, 3200, MSG_DONTWAIT, NULL, NULL) = -1 EAGAIN (Resource temporarily unavailable)
17378 getuid( <unfinished ...>
17409 epoll_pwait(44,  <unfinished ...>
17378 <... getuid resumed>)             = 10050
17378 epoll_pwait(35,  <unfinished ...>
17409 <... epoll_pwait resumed>[{events=EPOLLIN, data={u32=46, u64=46}}], 16, -1, NULL, 8) = 1
17409 recvfrom(46,  <unfinished ...>
17378 <... epoll_pwait resumed>[{events=EPOLLIN, data={u32=33, u64=33}}, {events=EPOLLIN, data={u32=56, u64=56}}], 16, 0, NULL, 8) = 2
17409 <... recvfrom resumed>"nysv\0\0\0\0\0\0\0\0\0\0\0\0E\366%BI2\0\0*\f\16\0\0\0\0\0", 3200, MSG_DONTWAIT, NULL, NULL) = 32
17378 read(33,  <unfinished ...>
17409 recvfrom(46,  <unfinished ...>
17378 <... read resumed>"\1\0\0\0\0\0\0\0", 8) = 8
17409 <... recvfrom resumed>0x73fbffac70, 3200, MSG_DONTWAIT, NULL, NULL) = -1 EAGAIN (Resource temporarily unavailable)
17378 recvfrom(56,  <unfinished ...>
17409 write(43, "\1\0\0\0\0\0\0\0", 8)  = 8
17409 epoll_pwait(44,  <unfinished ...>
17378 <... recvfrom resumed>"nysv\0\0\0\0\0\0\0\0\0\0\0\0E\366%BI2\0\0*\f\16\0\0\0\0\0", 3200, MSG_DONTWAIT, NULL, NULL) = 32
17409 <... epoll_pwait resumed>[{events=EPOLLIN, data={u32=43, u64=43}}], 16, 2, NULL, 8) = 1
17378 recvfrom(56,  <unfinished ...>
25838 <... futex resumed>)              = 0
17409 read(43,  <unfinished ...>
25838 futex(0x73efa23008, FUTEX_WAIT, 0, NULL <unfinished ...>
17378 <... recvfrom resumed>0x7ffe9e3170, 3200, MSG_DONTWAIT, NULL, NULL) = -1 EAGAIN (Resource temporarily unavailable)
17409 <... read resumed>"\1\0\0\0\0\0\0\0", 8) = 8
17378 getuid( <unfinished ...>
17409 epoll_pwait(44,  <unfinished ...>
17378 <... getuid resumed>)             = 10050
17378 epoll_pwait(35, [], 16, 0, NULL, 8) = 0
17378 getuid()                          = 10050
17378 epoll_pwait(35, [], 16, 0, NULL, 8) = 0
17409 <... epoll_pwait resumed>[], 16, 1, NULL, 8) = 0
17378 getuid()                          = 10050
17409 epoll_pwait(44,  <unfinished ...>
17378 epoll_pwait(35,  <unfinished ...>
17409 <... epoll_pwait resumed>[], 16, 0, NULL, 8) = 0
17409 epoll_pwait(44,  <unfinished ...>
17378 <... epoll_pwait resumed>[], 16, 0, NULL, 8) = 0
17409 <... epoll_pwait resumed>[], 16, 0, NULL, 8) = 0
17378 writev(72, [{iov_base="\5\342C\273\301\4`\376y\3050", iov_len=11}, {iov_base="tats", iov_len=4}, {iov_base="\3\4\0010e\363\240\336z\0\0\0\261\0\0\0\2/\0\0\0com.android.dialer.dialpadview.DialpadKeyButton\0\1\0\0\0", iov_len=73}], 3 <unfinished ...>
17409 ioctl(9, BINDER_WRITE_READ, 0x73fbffb7f8) = 0
17409 ioctl(9, BINDER_WRITE_READ <unfinished ...>
17378 <... writev resumed>)             = 88
25838 <... futex resumed>)              = 0
17409 <... ioctl resumed>, 0x73fbffb658) = 0
17378 getuid( <unfinished ...>
17409 ioctl(9, BINDER_WRITE_READ <unfinished ...>
25838 futex(0x73efa23008, FUTEX_WAIT, 0, NULL <unfinished ...>
17378 <... getuid resumed>)             = 10050
17378 epoll_pwait(35, [], 16, 0, NULL, 8) = 0
17409 <... ioctl resumed>, 0x73fbffb658) = 0
17378 write(43, "\1\0\0\0\0\0\0\0", 8 <unfinished ...>
17409 ioctl(9, BINDER_WRITE_READ <unfinished ...>
17378 <... write resumed>)              = 8
17409 <... ioctl resumed>, 0x73fbffb3b8) = 0
17409 fcntl(64, F_DUPFD_CLOEXEC, 0 <unfinished ...>
17378 futex(0x73fd93b390, FUTEX_WAIT_BITSET_PRIVATE, 22, {tv_sec=55293, tv_nsec=231125276}, FUTEX_BITSET_MATCH_ANY <unfinished ...>
17409 <... fcntl resumed>)              = 65
17409 close(64)                         = 0
17409 dup(65)                           = 64
17409 close(65)                         = 0
25838 <... futex resumed>)              = 0
17409 rt_sigprocmask(0xfbff3860 /* SIG_??? */, NULL,  <unfinished ...>
25838 futex(0x73efa23008, FUTEX_WAIT, 0, NULL <unfinished ...>
17409 <... rt_sigprocmask resumed>[QUIT USR1 PIPE RTMIN], 8) = 0
17409 ioctl(58, _IOC(_IOC_READ|_IOC_WRITE, 0x9, 0x4a, 0x40), 0x73fbffa5a8) = 0
17409 ioctl(58, _IOC(_IOC_READ|_IOC_WRITE, 0x9, 0x4a, 0x40), 0x73fbff9c70) = 0
17409 ioctl(58, _IOC(_IOC_READ|_IOC_WRITE, 0x9, 0x45, 0x30), 0x73fbff9c70) = 0
17409 mmap(NULL, 16384, PROT_READ|PROT_WRITE, MAP_SHARED, 58, 0x85000) = 0x7fe8ec000
25838 <... futex resumed>)              = 0
17409 ioctl(58, _IOC(_IOC_READ|_IOC_WRITE, 0x9, 0x33, 0x20) <unfinished ...>
25838 getuid()                          = 10050
17409 <... ioctl resumed>, 0x73fbffb578) = 0
25838 writev(36, [{iov_base="\0\356d\273\301\4`\35\23[1", iov_len=11}, {iov_base="\3", iov_len=1}, {iov_base="AudioTrack\0", iov_len=11}, {iov_base="stop(51): called with 6336 frames delivered\0", iov_len=44}], 4 <unfinished ...>
17409 close(69 <unfinished ...>
25838 <... writev resumed>)             = 67
17409 <... close resumed>)              = 0
25838 getuid()                          = 10050
17409 dup(65 <unfinished ...>
25838 writev(37, [{iov_base="lJ\0B'\342C", iov_len=7}, {iov_base="\0\356d\273\301\4`\35\23[1", iov_len=11}, {iov_base="\3", iov_len=1}, {iov_base="AudioTrack\0", iov_len=11}, {iov_base="stop(51): called with 6336 frames delivered\0", iov_len=44}], 5 <unfinished ...>
17409 <... dup resumed>)                = 69
25838 <... writev resumed>)             = 74
17409 fcntl(69, F_SETFD, FD_CLOEXEC <unfinished ...>
25838 futex(0x73efa23008, FUTEX_WAKE, 1 <unfinished ...>
17409 <... fcntl resumed>)              = 0
25838 <... futex resumed>)              = 0
25838 ioctl(9, BINDER_WRITE_READ <unfinished ...>
17409 fcntl(69, F_DUPFD_CLOEXEC, 0)     = 76
17409 fstat(76,  <unfinished ...>
25838 <... ioctl resumed>, 0x745878b668) = 0
17409 <... fstat resumed>{st_mode=0600, st_size=0, ...}) = 0
25838 futex(0x73fd93b390, FUTEX_WAKE_PRIVATE, 2147483647 <unfinished ...>
17409 ioctl(9, BINDER_WRITE_READ <unfinished ...>
25838 <... futex resumed>)              = 1
17378 <... futex resumed>)              = 0
25838 futex(0x73fd93b638, FUTEX_WAIT_BITSET_PRIVATE, 10, NULL, FUTEX_BITSET_MATCH_ANY <unfinished ...>
17378 getuid()                          = 10050
17409 <... ioctl resumed>, 0x73fbffb168) = 0
17409 fstat(76,  <unfinished ...>
17378 epoll_pwait(35,  <unfinished ...>
17409 <... fstat resumed>{st_mode=0600, st_size=0, ...}) = 0
17378 <... epoll_pwait resumed>[], 16, 0, NULL, 8) = 0
17409 close(76)                         = 0
17378 getuid( <unfinished ...>
17409 futex(0x73fd762e20, FUTEX_WAKE_PRIVATE, 2147483647 <unfinished ...>
17378 <... getuid resumed>)             = 10050
17409 <... futex resumed>)              = 0
17378 epoll_pwait(35,  <unfinished ...>
17409 close(69 <unfinished ...>
17378 <... epoll_pwait resumed>[], 16, 0, NULL, 8) = 0
17409 <... close resumed>)              = 0
17378 getuid( <unfinished ...>
17409 close(64 <unfinished ...>
17378 <... getuid resumed>)             = 10050
17409 <... close resumed>)              = 0
17378 epoll_pwait(35,  <unfinished ...>
17409 munmap(0x7fe8ec000, 16384 <unfinished ...>
17378 <... epoll_pwait resumed>[], 16, 0, NULL, 8) = 0
17409 <... munmap resumed>)             = 0
17409 ioctl(58, _IOC(_IOC_WRITE, 0x9, 0x46, 0x20) <unfinished ...>
17378 recvfrom(59,  <unfinished ...>
17409 <... ioctl resumed>, 0x73fbffb660) = 0
17378 <... recvfrom resumed>0x74575f9020, 2272, MSG_DONTWAIT, NULL, NULL) = -1 EAGAIN (Resource temporarily unavailable)
17409 recvfrom(46, "nysv\0\0\0\0\0\0\0\0\0\0\0\0\262\313%CI2\0\0+\f\16\0\0\0\0\0", 3200, MSG_DONTWAIT, NULL, NULL) = 32
17409 recvfrom(46,  <unfinished ...>
17378 recvfrom(56,  <unfinished ...>
17409 <... recvfrom resumed>0x73fbffaeb0, 3200, MSG_DONTWAIT, NULL, NULL) = -1 EAGAIN (Resource temporarily unavailable)
17378 <... recvfrom resumed>0x7ffe9e30f0, 3200, MSG_DONTWAIT, NULL, NULL) = -1 EAGAIN (Resource temporarily unavailable)
17409 ioctl(9, BINDER_WRITE_READ <unfinished ...>
17378 ioctl(9, BINDER_WRITE_READ <unfinished ...>
17409 <... ioctl resumed>, 0x73fbffb8c8) = 0
17378 <... ioctl resumed>, 0x7ffe9e3a58) = 0
17409 epoll_pwait(44, [{events=EPOLLIN, data={u32=43, u64=43}}], 16, 0, NULL, 8) = 1
17378 write(33, "\1\0\0\0\0\0\0\0", 8 <unfinished ...>
17409 read(43,  <unfinished ...>
17378 <... write resumed>)              = 8
17409 <... read resumed>"\1\0\0\0\0\0\0\0", 8) = 8
17409 epoll_pwait(44, [], 16, 0, NULL, 8) = 0
17409 epoll_pwait(44, [], 16, 0, NULL, 8) = 0
17409 epoll_pwait(44, [], 16, 0, NULL, 8) = 0
17378 write(43, "\1\0\0\0\0\0\0\0", 8 <unfinished ...>
17409 ioctl(9, BINDER_WRITE_READ <unfinished ...>
17378 <... write resumed>)              = 8
17378 futex(0x74576b9ad0, FUTEX_WAIT_BITSET_PRIVATE, 158, NULL, FUTEX_BITSET_MATCH_ANY <unfinished ...>
17409 <... ioctl resumed>, 0x73fbffb678) = 0
17409 ioctl(9, BINDER_WRITE_READ, 0x73fbffb678) = 0
17409 futex(0x74576b9ad0, FUTEX_WAKE_PRIVATE, 1) = 1
17378 <... futex resumed>)              = 0
17409 ioctl(9, BINDER_WRITE_READ <unfinished ...>
17378 getuid()                          = 10050
17409 <... ioctl resumed>, 0x73fbffb3d8) = 0
17378 epoll_pwait(35,  <unfinished ...>
17409 fcntl(64, F_DUPFD_CLOEXEC, 0 <unfinished ...>
17378 <... epoll_pwait resumed>[{events=EPOLLIN, data={u32=33, u64=33}}], 16, 0, NULL, 8) = 1
17409 <... fcntl resumed>)              = 69
17378 read(33,  <unfinished ...>
17409 close(64 <unfinished ...>
17378 <... read resumed>"\1\0\0\0\0\0\0\0", 8) = 8
17409 <... close resumed>)              = 0
17378 getuid( <unfinished ...>
17409 dup(69 <unfinished ...>
17378 <... getuid resumed>)             = 10050
17409 <... dup resumed>)                = 64
17378 epoll_pwait(35,  <unfinished ...>
17409 close(69 <unfinished ...>
17378 <... epoll_pwait resumed>[], 16, 0, NULL, 8) = 0
17409 <... close resumed>)              = 0
17378 getuid()                          = 10050
17378 epoll_pwait(35, [], 16, 0, NULL, 8) = 0
17378 getuid()                          = 10050
17378 epoll_pwait(35, [], 16, 0, NULL, 8) = 0
17378 epoll_pwait(35,  <unfinished ...>
17409 ioctl(58, _IOC(_IOC_READ|_IOC_WRITE, 0x9, 0x4a, 0x40), 0x73fbffa5c8) = 0
17409 ioctl(58, _IOC(_IOC_READ|_IOC_WRITE, 0x9, 0x4a, 0x40), 0x73fbff9c90) = 0
17409 ioctl(58, _IOC(_IOC_READ|_IOC_WRITE, 0x9, 0x33, 0x20), 0x73fbffb598) = 0
17409 close(65)                         = 0
17409 dup(69)                           = 65
17409 fcntl(65, F_SETFD, FD_CLOEXEC)    = 0
17409 fcntl(65, F_DUPFD_CLOEXEC, 0)     = 76
17409 fstat(76, {st_mode=0600, st_size=0, ...}) = 0
17409 ioctl(9, BINDER_WRITE_READ, 0x73fbffb188) = 0
17409 fstat(76, {st_mode=0600, st_size=0, ...}) = 0
17409 close(76)                         = 0
17409 futex(0x73fd762e20, FUTEX_WAKE_PRIVATE, 2147483647) = 0
17409 close(65)                         = 0
17409 close(64)                         = 0
17409 epoll_pwait(44, [{events=EPOLLIN, data={u32=43, u64=43}}], 16, 0, NULL, 8) = 1
17409 read(43, "\1\0\0\0\0\0\0\0", 8)   = 8
17409 recvfrom(46, 0x73fbffaeb0, 3200, MSG_DONTWAIT, NULL, NULL) = -1 EAGAIN (Resource temporarily unavailable)
17409 epoll_pwait(44, [{events=EPOLLIN, data={u32=46, u64=46}}], 16, -1, NULL, 8) = 1
17378 <... epoll_pwait resumed>[{events=EPOLLIN, data={u32=56, u64=56}}], 16, 239, NULL, 8) = 1
17409 recvfrom(46,  <unfinished ...>
17378 recvfrom(56,  <unfinished ...>
17409 <... recvfrom resumed>"nysv\0\0\0\0\0\0\0\0\0\0\0\0\321\235%DI2\0\0,\f\16\0\0\0\0\0", 3200, MSG_DONTWAIT, NULL, NULL) = 32
17378 <... recvfrom resumed>"nysv\0\0\0\0\0\0\0\0\0\0\0\0\321\235%DI2\0\0,\f\16\0\0\0\0\0", 3200, MSG_DONTWAIT, NULL, NULL) = 32
17409 recvfrom(46,  <unfinished ...>
17378 recvfrom(56,  <unfinished ...>
17409 <... recvfrom resumed>0x73fbffac70, 3200, MSG_DONTWAIT, NULL, NULL) = -1 EAGAIN (Resource temporarily unavailable)
17378 <... recvfrom resumed>0x7ffe9e3170, 3200, MSG_DONTWAIT, NULL, NULL) = -1 EAGAIN (Resource temporarily unavailable)
17409 write(43, "\1\0\0\0\0\0\0\0", 8)  = 8
17378 write(33, "\1\0\0\0\0\0\0\0", 8)  = 8
17409 epoll_pwait(44, [{events=EPOLLIN, data={u32=43, u64=43}}], 16, 2, NULL, 8) = 1
17378 recvfrom(56,  <unfinished ...>
17409 read(43, "\1\0\0\0\0\0\0\0", 8)   = 8
17378 <... recvfrom resumed>0x7ffe9e2b90, 3200, MSG_DONTWAIT, NULL, NULL) = -1 EAGAIN (Resource temporarily unavailable)
17409 epoll_pwait(44,  <unfinished ...>
17378 ioctl(9, BINDER_WRITE_READ, 0x7ffe9e34f8) = 0
17378 write(43, "\1\0\0\0\0\0\0\0", 8)  = 8
17409 <... epoll_pwait resumed>[{events=EPOLLIN, data={u32=43, u64=43}}], 16, 2, NULL, 8) = 1
17409 read(43,  <unfinished ...>
17378 write(33, "\1\0\0\0\0\0\0\0", 8 <unfinished ...>
17409 <... read resumed>"\1\0\0\0\0\0\0\0", 8) = 8
17378 <... write resumed>)              = 8
17409 epoll_pwait(44,  <unfinished ...>
17378 write(43, "\1\0\0\0\0\0\0\0", 8)  = 8
17409 <... epoll_pwait resumed>[{events=EPOLLIN, data={u32=43, u64=43}}], 16, 1, NULL, 8) = 1
17378 futex(0x74576b9ad0, FUTEX_WAIT_BITSET_PRIVATE, 162, NULL, FUTEX_BITSET_MATCH_ANY <unfinished ...>
17409 read(43, "\1\0\0\0\0\0\0\0", 8)   = 8
17409 ioctl(9, BINDER_WRITE_READ, 0x73fbffb678) = 0
17409 ioctl(9, BINDER_WRITE_READ, 0x73fbffb678) = 0
17409 futex(0x74576b9ad0, FUTEX_WAKE_PRIVATE, 1) = 1
17378 <... futex resumed>)              = 0
17409 ioctl(9, BINDER_WRITE_READ <unfinished ...>
17378 getuid()                          = 10050
17378 epoll_pwait(35,  <unfinished ...>
17409 <... ioctl resumed>, 0x73fbffb3d8) = 0
17378 <... epoll_pwait resumed>[{events=EPOLLIN, data={u32=33, u64=33}}, {events=EPOLLIN, data={u32=59, u64=59}}], 16, 0, NULL, 8) = 2
17378 read(33,  <unfinished ...>
17409 fcntl(64, F_DUPFD_CLOEXEC, 0 <unfinished ...>
17378 <... read resumed>"\2\0\0\0\0\0\0\0", 8) = 8
17409 <... fcntl resumed>)              = 65
17378 recvfrom(59,  <unfinished ...>
17409 close(64 <unfinished ...>
17378 <... recvfrom resumed>"\2\0\0\0\0\0\0\0%:\0\0\0\0\0\0\370\375lDI2\0\0\7\0\0\0\2\20\0\0\0\0\0\0\0\0\0\0\0\0\0\0\0\0\0\0\0\0\0\0\0\0\0\0\0\0\0\0\0\0\0\0\370\375lDI2\0\0\0\0\0\0\0\0\0\0\0\0\200?\0\0\200?\1\0\0\0\0\0\0\0\0\0\0\0\1\0\0\0\0\0\0\0\0\0\0\377\0\200\303C\0\240\260D\0\0\200?\342\340`<\0\0\200@\0\0@@\0\0\200@\0\0@@\0\0\0\0\0\0\0\0\0\0\0\0\0\0\0\0\0\0\0\0\0\0\0\0\0\0\0\0\0\0\0\0\0\0\0\0\0\0\0\0\0\0\0\0\0\0\0\0\0\0\0\0\0\0\0\0\0\0\0\0\0\0\0\0\0\0\0\0\0\0\0\0\0\0\0\0\0\0\0\0\0\0\0\0\0\0\0\0", 2272, MSG_DONTWAIT, NULL, NULL) = 232
17409 <... close resumed>)              = 0
17409 dup(65)                           = 64
17409 close(65 <unfinished ...>
17378 write(43, "\1\0\0\0\0\0\0\0", 8 <unfinished ...>
17409 <... close resumed>)              = 0
17378 <... write resumed>)              = 8
17378 ioctl(9, BINDER_WRITE_READ, 0x7ffe9e0988) = 0
17378 ioctl(9, BINDER_WRITE_READ, 0x7ffe9e08f8) = 0
17378 futex(0x73fd93b638, FUTEX_WAKE_PRIVATE, 1) = 1
25838 <... futex resumed>)              = 0
17378 futex(0x73fd93b390, FUTEX_WAIT_BITSET_PRIVATE, 26, {tv_sec=55293, tv_nsec=269734550}, FUTEX_BITSET_MATCH_ANY <unfinished ...>
25838 futex(0x73fd93b390, FUTEX_WAKE_PRIVATE, 2147483647) = 1
17378 <... futex resumed>)              = 0
25838 futex(0x73efa23008, FUTEX_WAIT, 0, NULL <unfinished ...>
17409 ioctl(58, _IOC(_IOC_READ|_IOC_WRITE, 0x9, 0x4a, 0x40) <unfinished ...>
17378 ioctl(9, BINDER_WRITE_READ <unfinished ...>
17409 <... ioctl resumed>, 0x73fbffa5c8) = 0
17409 ioctl(58, _IOC(_IOC_READ|_IOC_WRITE, 0x9, 0x4a, 0x40), 0x73fbff9c90) = 0
17409 ioctl(58, _IOC(_IOC_READ|_IOC_WRITE, 0x9, 0x33, 0x20), 0x73fbffb598) = 0
17409 close(69 <unfinished ...>
25838 <... futex resumed>)              = 0
17409 <... close resumed>)              = 0
25838 futex(0x73efa23008, FUTEX_WAIT, 0, NULL <unfinished ...>
17409 dup(65)                           = 69
17409 fcntl(69, F_SETFD, FD_CLOEXEC <unfinished ...>
17378 <... ioctl resumed>, 0x7ffe9e0aa8) = 0
17409 <... fcntl resumed>)              = 0
17409 fcntl(69, F_DUPFD_CLOEXEC, 0)     = 76
17409 fstat(76, {st_mode=0600, st_size=0, ...}) = 0
17378 getuid( <unfinished ...>
17409 ioctl(9, BINDER_WRITE_READ <unfinished ...>
17378 <... getuid resumed>)             = 10050
17378 ioctl(9, BINDER_WRITE_READ <unfinished ...>
17409 <... ioctl resumed>, 0x73fbffb188) = 0
17409 fstat(76,  <unfinished ...>
17378 <... ioctl resumed>, 0x7ffe9df7c8) = 0
17409 <... fstat resumed>{st_mode=0600, st_size=0, ...}) = 0
17409 close(76 <unfinished ...>
17378 ioctl(9, BINDER_WRITE_READ <unfinished ...>
17409 <... close resumed>)              = 0
17409 futex(0x73fd762e20, FUTEX_WAKE_PRIVATE, 2147483647) = 0
17378 <... ioctl resumed>, 0x7ffe9dfa58) = 0
25838 <... futex resumed>)              = 0
17409 close(69 <unfinished ...>
17378 getuid( <unfinished ...>
17409 <... close resumed>)              = 0
25838 futex(0x73efa23008, FUTEX_WAIT, 0, NULL <unfinished ...>
17378 <... getuid resumed>)             = 10050
17409 close(64)                         = 0
17378 ioctl(9, BINDER_WRITE_READ <unfinished ...>
17409 recvfrom(46, 0x73fbffaeb0, 3200, MSG_DONTWAIT, NULL, NULL) = -1 EAGAIN (Resource temporarily unavailable)
17409 ioctl(9, BINDER_WRITE_READ, 0x73fbffb8c8) = 0
17409 epoll_pwait(44, [{events=EPOLLIN, data={u32=43, u64=43}}], 16, 0, NULL, 8) = 1
17409 read(43, "\1\0\0\0\0\0\0\0", 8)   = 8
17409 recvfrom(46, 0x73fbffaeb0, 3200, MSG_DONTWAIT, NULL, NULL) = -1 EAGAIN (Resource temporarily unavailable)
17409 epoll_pwait(44,  <unfinished ...>
25838 <... futex resumed>)              = 0
25838 futex(0x73efa23008, FUTEX_WAIT, 0, NULL <unfinished ...>
17378 <... ioctl resumed>, 0x7ffe9dfb28) = 0
17378 ioctl(9, BINDER_WRITE_READ, 0x7ffe9df9f8) = 0
17378 getuid()                          = 10050
17378 ioctl(9, BINDER_WRITE_READ <unfinished ...>
25838 <... futex resumed>)              = 0
25838 futex(0x73efa23008, FUTEX_WAIT, 0, NULL <unfinished ...>
17378 <... ioctl resumed>, 0x7ffe9dfac8) = 0
17378 ioctl(9, BINDER_WRITE_READ, 0x7ffe9dfb38) = 0
17378 getuid()                          = 10050
17378 ioctl(9, BINDER_WRITE_READ <unfinished ...>
25838 <... futex resumed>)              = 0
25838 futex(0x73efa23008, FUTEX_WAIT, 0, NULL <unfinished ...>
17378 <... ioctl resumed>, 0x7ffe9df058) = 0
17378 ioctl(9, BINDER_WRITE_READ, 0x7ffe9df2d8) = 0
17378 getuid()                          = 10050
17378 ioctl(9, BINDER_WRITE_READ <unfinished ...>
17409 <... epoll_pwait resumed>[{events=EPOLLIN, data={u32=46, u64=46}}], 16, -1, NULL, 8) = 1
17409 recvfrom(46, "nysv\0\0\0\0\0\0\0\0\0\0\0\0\274?%FI2\0\0.\f\16\0\0\0\0\0", 3200, MSG_DONTWAIT, NULL, NULL) = 32
17409 recvfrom(46,  <unfinished ...>
17378 <... ioctl resumed>, 0x7ffe9df2d8) = 0
17409 <... recvfrom resumed>0x73fbffac70, 3200, MSG_DONTWAIT, NULL, NULL) = -1 EAGAIN (Resource temporarily unavailable)
17378 getuid()                          = 10050
17409 write(43, "\1\0\0\0\0\0\0\0", 8)  = 8
17378 ioctl(9, BINDER_WRITE_READ <unfinished ...>
17409 epoll_pwait(44, [{events=EPOLLIN, data={u32=43, u64=43}}], 16, 2, NULL, 8) = 1
25838 <... futex resumed>)              = 0
17409 read(43,  <unfinished ...>
25838 futex(0x73efa23008, FUTEX_WAIT, 0, NULL <unfinished ...>
17409 <... read resumed>"\1\0\0\0\0\0\0\0", 8) = 8
17378 <... ioctl resumed>, 0x7ffe9df398) = 0
17409 epoll_pwait(44,  <unfinished ...>
17378 ioctl(9, BINDER_WRITE_READ <unfinished ...>
17409 <... epoll_pwait resumed>[], 16, 0, NULL, 8) = 0
17409 ioctl(9, BINDER_WRITE_READ, 0x73fbffb7f8) = 0
17409 ioctl(9, BINDER_WRITE_READ <unfinished ...>
17378 <... ioctl resumed>, 0x7ffe9df2f8) = 0
17378 getuid( <unfinished ...>
25838 <... futex resumed>)              = 0
17409 <... ioctl resumed>, 0x73fbffb658) = 0
17378 <... getuid resumed>)             = 10050
25838 futex(0x73efa23008, FUTEX_WAIT, 0, NULL <unfinished ...>
17409 ioctl(9, BINDER_WRITE_READ <unfinished ...>
17378 ioctl(9, BINDER_WRITE_READ <unfinished ...>
17409 <... ioctl resumed>, 0x73fbffb658) = 0
17378 <... ioctl resumed>, 0x7ffe9df2f8) = 0
17409 ioctl(9, BINDER_WRITE_READ <unfinished ...>
17378 getuid()                          = 10050
17409 <... ioctl resumed>, 0x73fbffb3b8) = 0
17378 ioctl(9, BINDER_WRITE_READ <unfinished ...>
17409 fcntl(64, F_DUPFD_CLOEXEC, 0)     = 69
17409 close(64)                         = 0
17409 dup(69)                           = 64
17378 <... ioctl resumed>, 0x7ffe9df3b8) = 0
17409 close(69)                         = 0
17378 getuid()                          = 10050
17378 ioctl(9, BINDER_WRITE_READ <unfinished ...>
25838 <... futex resumed>)              = 0
25838 futex(0x73efa23008, FUTEX_WAIT, 0, NULL <unfinished ...>
17378 <... ioctl resumed>, 0x7ffe9df218) = 0
17378 getuid()                          = 10050
17378 ioctl(9, BINDER_WRITE_READ <unfinished ...>
17409 ioctl(58, _IOC(_IOC_READ|_IOC_WRITE, 0x9, 0x4a, 0x40), 0x73fbffa5a8) = 0
17378 <... ioctl resumed>, 0x7ffe9df098) = 0
17409 ioctl(58, _IOC(_IOC_READ|_IOC_WRITE, 0x9, 0x4a, 0x40) <unfinished ...>
17378 getuid()                          = 10050
17409 <... ioctl resumed>, 0x73fbff9c70) = 0
17378 ioctl(9, BINDER_WRITE_READ <unfinished ...>
17409 ioctl(58, _IOC(_IOC_READ|_IOC_WRITE, 0x9, 0x45, 0x30), 0x73fbff9c70) = 0
17409 mmap(NULL, 16384, PROT_READ|PROT_WRITE, MAP_SHARED, 58, 0x85000 <unfinished ...>
25838 <... futex resumed>)              = 0
25838 futex(0x73efa23008, FUTEX_WAIT, 0, NULL <unfinished ...>
17378 <... ioctl resumed>, 0x7ffe9df218) = 0
17409 <... mmap resumed>)               = 0x7fe8ec000
17378 getuid()                          = 10050
17378 getuid( <unfinished ...>
17409 ioctl(58, _IOC(_IOC_READ|_IOC_WRITE, 0x9, 0x33, 0x20) <unfinished ...>
17378 <... getuid resumed>)             = 10050
17409 <... ioctl resumed>, 0x73fbffb578) = 0
17409 close(65)                         = 0
17409 dup(69)                           = 65
17409 fcntl(65, F_SETFD, FD_CLOEXEC)    = 0
17409 fcntl(65, F_DUPFD_CLOEXEC, 0 <unfinished ...>
17378 futex(0x7467af36d8, FUTEX_REQUEUE_PRIVATE, 0, 1, 0x7467af36b4 <unfinished ...>
17409 <... fcntl resumed>)              = 76
17378 <... futex resumed>)              = 1
17409 fstat(76,  <unfinished ...>
17378 futex(0x7467af36b4, FUTEX_WAKE_PRIVATE, 1 <unfinished ...>
17409 <... fstat resumed>{st_mode=0600, st_size=0, ...}) = 0
17384 <... futex resumed>)              = 0
17378 <... futex resumed>)              = 1
17409 ioctl(9, BINDER_WRITE_READ <unfinished ...>
17384 clock_gettime(CLOCK_THREAD_CPUTIME_ID, {tv_sec=0, tv_nsec=233705264}) = 0
17409 <... ioctl resumed>, 0x73fbffb168) = 0
17409 fstat(76, {st_mode=0600, st_size=0, ...}) = 0
17409 close(76)                         = 0
17409 futex(0x73fd762e20, FUTEX_WAKE_PRIVATE, 2147483647) = 0
17409 close(65 <unfinished ...>
25838 <... futex resumed>)              = 0
17409 <... close resumed>)              = 0
25838 futex(0x73efa23008, FUTEX_WAIT, 0, NULL <unfinished ...>
17409 close(64)                         = 0
17409 munmap(0x7fe8ec000, 16384)        = 0
17409 ioctl(58, _IOC(_IOC_WRITE, 0x9, 0x46, 0x20), 0x73fbffb660) = 0
17409 recvfrom(46, "nysv\0\0\0\0\0\0\0\0\0\0\0\0007\21%GI2\0\0/\f\16\0\0\0\0\0", 3200, MSG_DONTWAIT, NULL, NULL) = 32
17378 getuid( <unfinished ...>
17409 recvfrom(46,  <unfinished ...>
17378 <... getuid resumed>)             = 10050
17409 <... recvfrom resumed>0x73fbffaeb0, 3200, MSG_DONTWAIT, NULL, NULL) = -1 EAGAIN (Resource temporarily unavailable)
17409 write(43, "\1\0\0\0\0\0\0\0", 8 <unfinished ...>
17378 ioctl(9, BINDER_WRITE_READ <unfinished ...>
17409 <... write resumed>)              = 8
17409 ioctl(9, BINDER_WRITE_READ, 0x73fbffb8c8) = 0
25838 <... futex resumed>)              = 0
25838 futex(0x73efa23008, FUTEX_WAIT, 0, NULL <unfinished ...>
17409 epoll_pwait(44, [{events=EPOLLIN, data={u32=43, u64=43}}], 16, 0, NULL, 8) = 1
17409 read(43, "\1\0\0\0\0\0\0\0", 8)   = 8
17409 ioctl(9, BINDER_WRITE_READ, 0x73fbffb658) = 0
17409 ioctl(9, BINDER_WRITE_READ, 0x73fbffb658) = 0
25838 <... futex resumed>)              = 0
25838 futex(0x73efa23008, FUTEX_WAIT, 0, NULL <unfinished ...>
17409 ioctl(9, BINDER_WRITE_READ, 0x73fbffb3b8) = 0
17409 fcntl(64, F_DUPFD_CLOEXEC, 0)     = 65
17409 close(64)                         = 0
17409 dup(65)                           = 64
17384 mprotect(0x7459580000, 33554432, PROT_READ|PROT_WRITE <unfinished ...>
17409 close(65 <unfinished ...>
17378 <... ioctl resumed>, 0x7ffe9dec18) = 0
17409 <... close resumed>)              = 0
17378 ioctl(9, BINDER_WRITE_READ <unfinished ...>
17384 <... mprotect resumed>)           = 0
17384 uname( <unfinished ...>
25838 <... futex resumed>)              = 0
25838 futex(0x73efa23008, FUTEX_WAIT, 0, NULL <unfinished ...>
17384 <... uname resumed>{sysname="Linux", nodename="localhost", ...}) = 0
17378 <... ioctl resumed>, 0x7ffe9deea8) = 0
17384 mprotect(0x7459580000, 33554432, PROT_READ <unfinished ...>
17378 getuid( <unfinished ...>
17384 <... mprotect resumed>)           = 0
17378 <... getuid resumed>)             = 10050
17378 ioctl(9, BINDER_WRITE_READ <unfinished ...>
17384 clock_gettime(CLOCK_THREAD_CPUTIME_ID, {tv_sec=0, tv_nsec=242825782}) = 0
17384 clock_gettime(CLOCK_THREAD_CPUTIME_ID, {tv_sec=0, tv_nsec=242935730}) = 0
17384 madvise(0x7459457000, 131072, MADV_DONTNEED <unfinished ...>
17409 ioctl(58, _IOC(_IOC_READ|_IOC_WRITE, 0x9, 0x4a, 0x40) <unfinished ...>
17384 <... madvise resumed>)            = 0
17409 <... ioctl resumed>, 0x73fbffa5a8) = 0
17384 madvise(0x745f94a000, 131072, MADV_DONTNEED <unfinished ...>
17409 ioctl(58, _IOC(_IOC_READ|_IOC_WRITE, 0x9, 0x4a, 0x40) <unfinished ...>
17384 <... madvise resumed>)            = 0
17384 madvise(0x745bc0d000, 131072, MADV_DONTNEED <unfinished ...>
17409 <... ioctl resumed>, 0x73fbff9c70) = 0
17384 <... madvise resumed>)            = 0
17384 madvise(0x74593f7000, 131072, MADV_DONTNEED <unfinished ...>
17409 ioctl(58, _IOC(_IOC_READ|_IOC_WRITE, 0x9, 0x33, 0x20) <unfinished ...>
17384 <... madvise resumed>)            = 0
17409 <... ioctl resumed>, 0x73fbffb578) = 0
17384 madvise(0x745bd81000, 131072, MADV_DONTNEED <unfinished ...>
17409 close(69 <unfinished ...>
17384 <... madvise resumed>)            = 0
17409 <... close resumed>)              = 0
17384 clock_gettime(CLOCK_THREAD_CPUTIME_ID, {tv_sec=0, tv_nsec=243763440}) = 0
25838 <... futex resumed>)              = 0
25838 futex(0x73efa23008, FUTEX_WAIT, 0, NULL <unfinished ...>
17384 futex(0x74576aa0fc, FUTEX_WAKE_PRIVATE, 1 <unfinished ...>
17409 dup(65 <unfinished ...>
17384 <... futex resumed>)              = 0
17409 <... dup resumed>)                = 69
17384 clock_gettime(CLOCK_THREAD_CPUTIME_ID,  <unfinished ...>
17409 fcntl(69, F_SETFD, FD_CLOEXEC <unfinished ...>
17384 <... clock_gettime resumed>{tv_sec=0, tv_nsec=243990108}) = 0
17409 <... fcntl resumed>)              = 0
17409 fcntl(69, F_DUPFD_CLOEXEC, 0)     = 76
17409 fstat(76, {st_mode=0600, st_size=0, ...}) = 0
17409 ioctl(9, BINDER_WRITE_READ, 0x73fbffb168) = 0
17409 fstat(76, {st_mode=0600, st_size=0, ...}) = 0
17409 close(76)                         = 0
17409 futex(0x73fd762e20, FUTEX_WAKE_PRIVATE, 2147483647) = 0
17409 close(69)                         = 0
17409 close(64 <unfinished ...>
25838 <... futex resumed>)              = 0
17409 <... close resumed>)              = 0
17384 mprotect(0x7459580000, 33554432, PROT_READ|PROT_WRITE <unfinished ...>
17409 recvfrom(46, "nysv\0\0\0\0\0\0\0\0\0\0\0\0\327\341$HI2\0\0000\f\16\0\0\0\0\0", 3200, MSG_DONTWAIT, NULL, NULL) = 32
25838 futex(0x73efa23008, FUTEX_WAIT, 0, NULL <unfinished ...>
17384 <... mprotect resumed>)           = 0
17409 recvfrom(46, 0x73fbffaeb0, 3200, MSG_DONTWAIT, NULL, NULL) = -1 EAGAIN (Resource temporarily unavailable)
17384 uname({sysname="Linux", nodename="localhost", ...}) = 0
17409 write(43, "\1\0\0\0\0\0\0\0", 8 <unfinished ...>
17384 mprotect(0x7459580000, 33554432, PROT_READ <unfinished ...>
17409 <... write resumed>)              = 8
17384 <... mprotect resumed>)           = 0
17409 ioctl(9, BINDER_WRITE_READ, 0x73fbffb8c8) = 0
17384 clock_gettime(CLOCK_THREAD_CPUTIME_ID,  <unfinished ...>
17409 epoll_pwait(44,  <unfinished ...>
17384 <... clock_gettime resumed>{tv_sec=0, tv_nsec=247237867}) = 0
17409 <... epoll_pwait resumed>[{events=EPOLLIN, data={u32=43, u64=43}}], 16, 0, NULL, 8) = 1
17384 clock_gettime(CLOCK_THREAD_CPUTIME_ID, {tv_sec=0, tv_nsec=247352034}) = 0
17409 read(43,  <unfinished ...>
17384 madvise(0x745bc0d000, 131072, MADV_DONTNEED <unfinished ...>
17409 <... read resumed>"\1\0\0\0\0\0\0\0", 8) = 8
17409 ioctl(9, BINDER_WRITE_READ <unfinished ...>
17384 <... madvise resumed>)            = 0
17378 <... ioctl resumed>, 0x7ffe9def78) = 0
17384 madvise(0x7459457000, 131072, MADV_DONTNEED <unfinished ...>
17409 <... ioctl resumed>, 0x73fbffb658) = 0
17384 <... madvise resumed>)            = 0
17378 ioctl(9, BINDER_WRITE_READ <unfinished ...>
17409 ioctl(9, BINDER_WRITE_READ <unfinished ...>
17384 madvise(0x745f94a000, 131072, MADV_DONTNEED <unfinished ...>
25838 <... futex resumed>)              = 0
17378 <... ioctl resumed>, 0x7ffe9dee48) = 0
25838 futex(0x73efa23008, FUTEX_WAIT, 0, NULL <unfinished ...>
17409 <... ioctl resumed>, 0x73fbffb658) = 0
17384 <... madvise resumed>)            = 0
17378 getuid( <unfinished ...>
17384 clock_gettime(CLOCK_THREAD_CPUTIME_ID,  <unfinished ...>
17378 <... getuid resumed>)             = 10050
17384 <... clock_gettime resumed>{tv_sec=0, tv_nsec=247781408}) = 0
17378 ioctl(9, BINDER_WRITE_READ <unfinished ...>
17384 futex(0x74576aa0fc, FUTEX_WAKE_PRIVATE, 1 <unfinished ...>
17409 ioctl(9, BINDER_WRITE_READ <unfinished ...>
17384 <... futex resumed>)              = 0
17384 futex(0x74576aa0fc, FUTEX_WAKE_PRIVATE, 1) = 0
17409 <... ioctl resumed>, 0x73fbffb3b8) = 0
17384 futex(0x7467af36b4, FUTEX_WAKE_PRIVATE, 1 <unfinished ...>
17409 fcntl(64, F_DUPFD_CLOEXEC, 0 <unfinished ...>
17384 <... futex resumed>)              = 0
17409 <... fcntl resumed>)              = 69
17384 futex(0x7467af36d8, FUTEX_WAIT_PRIVATE, 5207, NULL <unfinished ...>
17409 close(64)                         = 0
17409 dup(69)                           = 64
17409 close(69)                         = 0
17378 <... ioctl resumed>, 0x7ffe9def18) = 0
17378 ioctl(9, BINDER_WRITE_READ, 0x7ffe9def88) = 0
25838 <... futex resumed>)              = 0
25838 futex(0x73efa23008, FUTEX_WAIT, 0, NULL <unfinished ...>
17409 ioctl(58, _IOC(_IOC_READ|_IOC_WRITE, 0x9, 0x4a, 0x40), 0x73fbffa5a8) = 0
17378 getuid()                          = 10050
17409 ioctl(58, _IOC(_IOC_READ|_IOC_WRITE, 0x9, 0x4a, 0x40) <unfinished ...>
17378 ioctl(9, BINDER_WRITE_READ <unfinished ...>
17409 <... ioctl resumed>, 0x73fbff9c70) = 0
17409 ioctl(58, _IOC(_IOC_READ|_IOC_WRITE, 0x9, 0x33, 0x20) <unfinished ...>
17378 <... ioctl resumed>, 0x7ffe9de4a8) = 0
17409 <... ioctl resumed>, 0x73fbffb578) = 0
17378 ioctl(9, BINDER_WRITE_READ <unfinished ...>
17409 close(65)                         = 0
17409 dup(69)                           = 65
17409 fcntl(65, F_SETFD, FD_CLOEXEC)    = 0
17378 <... ioctl resumed>, 0x7ffe9de728) = 0
17378 getuid( <unfinished ...>
17409 fcntl(65, F_DUPFD_CLOEXEC, 0 <unfinished ...>
17378 <... getuid resumed>)             = 10050
17409 <... fcntl resumed>)              = 76
17409 fstat(76,  <unfinished ...>
17378 ioctl(9, BINDER_WRITE_READ <unfinished ...>
17409 <... fstat resumed>{st_mode=0600, st_size=0, ...}) = 0
17409 ioctl(9, BINDER_WRITE_READ, 0x73fbffb168) = 0
17378 <... ioctl resumed>, 0x7ffe9de728) = 0
25838 <... futex resumed>)              = 0
17409 fstat(76,  <unfinished ...>
17378 getuid( <unfinished ...>
25838 futex(0x73efa23008, FUTEX_WAIT, 0, NULL <unfinished ...>
17409 <... fstat resumed>{st_mode=0600, st_size=0, ...}) = 0
17378 <... getuid resumed>)             = 10050
17409 close(76 <unfinished ...>
17378 ioctl(9, BINDER_WRITE_READ <unfinished ...>
17409 <... close resumed>)              = 0
17409 futex(0x73fd762e20, FUTEX_WAKE_PRIVATE, 2147483647) = 0
17409 close(65)                         = 0
17409 close(64 <unfinished ...>
17378 <... ioctl resumed>, 0x7ffe9de7e8) = 0
17409 <... close resumed>)              = 0
17409 recvfrom(46,  <unfinished ...>
17378 ioctl(9, BINDER_WRITE_READ <unfinished ...>
17409 <... recvfrom resumed>"nysv\0\0\0\0\0\0\0\0\0\0\0\0\226\265$II2\0\0001\f\16\0\0\0\0\0", 3200, MSG_DONTWAIT, NULL, NULL) = 32
17409 recvfrom(46, 0x73fbffaeb0, 3200, MSG_DONTWAIT, NULL, NULL) = -1 EAGAIN (Resource temporarily unavailable)
17409 write(43, "\1\0\0\0\0\0\0\0", 8 <unfinished ...>
17378 <... ioctl resumed>, 0x7ffe9de748) = 0
17409 <... write resumed>)              = 8
17378 getuid( <unfinished ...>
17409 ioctl(9, BINDER_WRITE_READ <unfinished ...>
17378 <... getuid resumed>)             = 10050
17409 <... ioctl resumed>, 0x73fbffb8c8) = 0
25838 <... futex resumed>)              = 0
17409 epoll_pwait(44,  <unfinished ...>
25838 futex(0x73efa23008, FUTEX_WAIT, 0, NULL <unfinished ...>
17378 ioctl(9, BINDER_WRITE_READ <unfinished ...>
17409 <... epoll_pwait resumed>[{events=EPOLLIN, data={u32=43, u64=43}}], 16, 0, NULL, 8) = 1
17409 read(43, "\1\0\0\0\0\0\0\0", 8)   = 8
17378 <... ioctl resumed>, 0x7ffe9de748) = 0
17409 ioctl(9, BINDER_WRITE_READ, 0x73fbffb658) = 0
17378 getuid()                          = 10050
17378 ioctl(9, BINDER_WRITE_READ <unfinished ...>
17409 ioctl(9, BINDER_WRITE_READ, 0x73fbffb658) = 0
17409 ioctl(9, BINDER_WRITE_READ <unfinished ...>
17378 <... ioctl resumed>, 0x7ffe9de808) = 0
25838 <... futex resumed>)              = 0
17409 <... ioctl resumed>, 0x73fbffb3b8) = 0
25838 futex(0x73efa23008, FUTEX_WAIT, 0, NULL <unfinished ...>
17409 fcntl(64, F_DUPFD_CLOEXEC, 0 <unfinished ...>
17378 getuid( <unfinished ...>
17409 <... fcntl resumed>)              = 65
17378 <... getuid resumed>)             = 10050
17409 close(64)                         = 0
17378 ioctl(9, BINDER_WRITE_READ <unfinished ...>
17409 dup(65)                           = 64
17378 <... ioctl resumed>, 0x7ffe9de668) = 0
17409 close(65)                         = 0
17378 getuid()                          = 10050
17378 ioctl(9, BINDER_WRITE_READ, 0x7ffe9de4e8) = 0
17378 getuid()                          = 10050
17378 ioctl(9, BINDER_WRITE_READ <unfinished ...>
17409 ioctl(58, _IOC(_IOC_READ|_IOC_WRITE, 0x9, 0x4a, 0x40) <unfinished ...>
17378 <... ioctl resumed>, 0x7ffe9de668) = 0
25838 <... futex resumed>)              = 0
25838 futex(0x73efa23008, FUTEX_WAIT, 0, NULL <unfinished ...>
17378 getuid( <unfinished ...>
17409 <... ioctl resumed>, 0x73fbffa5a8) = 0
17378 <... getuid resumed>)             = 10050
17378 getuid( <unfinished ...>
17409 ioctl(58, _IOC(_IOC_READ|_IOC_WRITE, 0x9, 0x4a, 0x40) <unfinished ...>
17378 <... getuid resumed>)             = 10050
17409 <... ioctl resumed>, 0x73fbff9c70) = 0
17409 ioctl(58, _IOC(_IOC_READ|_IOC_WRITE, 0x9, 0x33, 0x20), 0x73fbffb578) = 0
17409 close(69)                         = 0
17409 dup(65)                           = 69
17409 fcntl(69, F_SETFD, FD_CLOEXEC)    = 0
17378 ioctl(9, BINDER_WRITE_READ <unfinished ...>
17409 fcntl(69, F_DUPFD_CLOEXEC, 0)     = 76
17409 fstat(76, {st_mode=0600, st_size=0, ...}) = 0
25838 <... futex resumed>)              = 0
17409 ioctl(9, BINDER_WRITE_READ <unfinished ...>
25838 futex(0x73efa23008, FUTEX_WAIT, 0, NULL <unfinished ...>
17378 <... ioctl resumed>, 0x7ffe9e05b8) = 0
17409 <... ioctl resumed>, 0x73fbffb168) = 0
17409 fstat(76,  <unfinished ...>
17378 ioctl(9, BINDER_WRITE_READ <unfinished ...>
17409 <... fstat resumed>{st_mode=0600, st_size=0, ...}) = 0
17378 <... ioctl resumed>, 0x7ffe9e0668) = 0
17409 close(76 <unfinished ...>
17378 sendto(59, "\3\0\0\0\0\0\0\0%:\0\0\1\0\0\0", 16, MSG_DONTWAIT|MSG_NOSIGNAL, NULL, 0 <unfinished ...>
17409 <... close resumed>)              = 0
17409 futex(0x73fd762e20, FUTEX_WAKE_PRIVATE, 2147483647 <unfinished ...>
17378 <... sendto resumed>)             = 16
17409 <... futex resumed>)              = 0
17378 recvfrom(59,  <unfinished ...>
17409 close(69 <unfinished ...>
25838 <... futex resumed>)              = 0
17409 <... close resumed>)              = 0
17378 <... recvfrom resumed>"\2\0\0\0\0\0\0\0':\0\0\0\0\0\0\210\274\360DI2\0\0\7\0\0\0\2\20\0\0\0\0\0\0\2\0\0\0\0\0\0\0\0\0\0\0\0\0\0\0\0\0\0\0\0\0\0\0\0\0\0\0\370\375lDI2\0\0\0\0\0\0\0\0\0\0\0\0\200?\0\0\200?\1\0\0\0\0\0\0\0\0\0\0\0\1\0\0\0\0\0\0\0\0\0\0\377\0\200\303C\0\240\260D\0\0\200?\342\340`<\0\0\200@\0\0@@\0\0\200@\0\0@@\0\0\0\0\0\0\0\0\0\0\0\0\0\0\0\0\0\0\0\0\0\0\0\0\0\0\0\0\0\0\0\0\0\0\0\0\0\0\0\0\0\0\0\0\0\0\0\0\0\0\0\0\0\0\0\0\0\0\0\0\0\0\0\0\0\0\0\0\0\0\0\0\0\0\0\0\0\0\0\0\0\0\0\0\0\0\0\0", 2272, MSG_DONTWAIT, NULL, NULL) = 232
25838 futex(0x73efa23008, FUTEX_WAIT, 0, NULL <unfinished ...>
17409 close(64)                         = 0
17409 recvfrom(46,  <unfinished ...>
17378 recvfrom(59,  <unfinished ...>
17409 <... recvfrom resumed>"nysv\0\0\0\0\0\0\0\0\0\0\0\0\265\211$JI2\0\0002\f\16\0\0\0\0\0", 3200, MSG_DONTWAIT, NULL, NULL) = 32
17378 <... recvfrom resumed>"\2\0\0\0\0\0\0\0):\0\0\0\0\0\0\230\313qEI2\0\0\7\0\0\0\2\20\0\0\0\0\0\0\2\0\0\0\0\0\0\0\0\0\0\0\0\0\0\0\0\0\0\0\0\0\0\0\0\0\0\0\370\375lDI2\0\0\0\0\0\0\0\0\0\0\0\0\200?\0\0\200?\1\0\0\0\0\0\0\0\0\0\0\0\1\0\0\0\0\0\0\0\0\0\0\377\0\200\303C\0\240\260D\0\0\200?\201\200\200<\0\0\200@\0\0\200@\0\0\200@\0\0\200@\0\0\0\0\0\0\0\0\0\0\0\0\0\0\0\0\0\0\0\0\0\0\0\0\0\0\0\0\0\0\0\0\0\0\0\0\0\0\0\0\0\0\0\0\0\0\0\0\0\0\0\0\0\0\0\0\0\0\0\0\0\0\0\0\0\0\0\0\0\0\0\0\0\0\0\0\0\0\0\0\0\0\0\0\0\0\0\0", 2272, MSG_DONTWAIT, NULL, NULL) = 232
17378 recvfrom(59,  <unfinished ...>
17409 recvfrom(46,  <unfinished ...>
17378 <... recvfrom resumed>"\2\0\0\0\0\0\0\0+:\0\0\0\0\0\0\30i\364EI2\0\0\7\0\0\0\2\20\0\0\0\0\0\0\2\0\0\0\0\0\0\0\0\0\0\0\0\0\0\0\0\0\0\0\0\0\0\0\0\0\0\0\370\375lDI2\0\0\0\0\0\0\0\0\0\0\0\0\200?\0\0\200?\1\0\0\0\0\0\0\0\0\0\0\0\1\0\0\0\0\0\0\0\0\0\0\377\0\200\303C\0\240\260D\0\0\200?\221\220\220<\0\0\240@\0\0\200@\0\0\240@\0\0\200@\0\0\0\0\0\0\0\0\0\0\0\0\0\0\0\0\0\0\0\0\0\0\0\0\0\0\0\0\0\0\0\0\0\0\0\0\0\0\0\0\0\0\0\0\0\0\0\0\0\0\0\0\0\0\0\0\0\0\0\0\0\0\0\0\0\0\0\0\0\0\0\0\0\0\0\0\0\0\0\0\0\0\0\0\0\0\0\0", 2272, MSG_DONTWAIT, NULL, NULL) = 232
17409 <... recvfrom resumed>0x73fbffaeb0, 3200, MSG_DONTWAIT, NULL, NULL) = -1 EAGAIN (Resource temporarily unavailable)
17378 recvfrom(59,  <unfinished ...>
17409 write(43, "\1\0\0\0\0\0\0\0", 8 <unfinished ...>
17378 <... recvfrom resumed>"\2\0\0\0\0\0\0\0-:\0\0\0\0\0\0\0UuFI2\0\0\7\0\0\0\2\20\0\0\0\0\0\0\2\0\0\0\0\0\0\0\0\0\0\0\0\0\0\0\0\0\0\0\0\0\0\0\0\0\0\0\370\375lDI2\0\0\0\0\0\0\0\0\0\0\0\0\200?\0\0\200?\1\0\0\0\0\0\0\0\0\0\0\0\1\0\0\0\0\0\0\0\0\0\0\377\0\0\305C\0`\261D\0\0\200?\201\200\200<\0\0\200@\0\0\200@\0\0\200@\0\0\200@\0\0\0\0\0\0\0\0\0\0\0\0\0\0\0\0\0\0\0\0\0\0\0\0\0\0\0\0\0\0\0\0\0\0\0\0\0\0\0\0\0\0\0\0\0\0\0\0\0\0\0\0\0\0\0\0\0\0\0\0\0\0\0\0\0\0\0\0\0\0\0\0\0\0\0\0\0\0\0\0\0\0\0\0\0\0\0\0", 2272, MSG_DONTWAIT, NULL, NULL) = 232
17409 <... write resumed>)              = 8
17378 recvfrom(59, "\2\0\0\0\0\0\0\0/:\0\0\0\0\0\0h\177\366FI2\0\0\7\0\0\0\2\20\0\0\0\0\0\0\2\0\0\0\0\0\0\0\0\0\0\0\0\0\0\0\0\0\0\0\0\0\0\0\0\0\0\0\370\375lDI2\0\0\0\0\0\0\0\0\0\0\0\0\200?\0\0\200?\1\0\0\0\0\0\0\0\0\0\0\0\1\0\0\0\0\0\0\0\0\0\0\377\0\0\310C\0\200\262D\0\0\200?\342\340`<\0\0\200@\0\0@@\0\0\200@\0\0@@\0\0\0\0\0\0\0\0\0\0\0\0\0\0\0\0\0\0\0\0\0\0\0\0\0\0\0\0\0\0\0\0\0\0\0\0\0\0\0\0\0\0\0\0\0\0\0\0\0\0\0\0\0\0\0\0\0\0\0\0\0\0\0\0\0\0\0\0\0\0\0\0\0\0\0\0\0\0\0\0\0\0\0\0\0\0\0\0", 2272, MSG_DONTWAIT, NULL, NULL) = 232
25838 <... futex resumed>)              = 0
17409 ioctl(9, BINDER_WRITE_READ <unfinished ...>
17378 recvfrom(59,  <unfinished ...>
25838 futex(0x73efa23008, FUTEX_WAIT, 0, NULL <unfinished ...>
17378 <... recvfrom resumed>"\2\0\0\0\0\0\0\0001:\0\0\0\0\0\0\370ypGI2\0\0\7\0\0\0\2\20\0\0\0\0\0\0\1\0\0\0\0\0\0\0\0\0\0\0\0\0\0\0\0\0\0\0\0\0\0\0\0\0\0\0\370\375lDI2\0\0\0\0\0\0\0\0\0\0\0\0\200?\0\0\200?\1\0\0\0\0\0\0\0\0\0\0\0\1\0\0\0\0\0\0\0\0\0\0\377\0\0\310C\0\200\262D\0\0\200?\342\340`<\0\0\200@\0\0@@\0\0\200@\0\0@@\0\0\0\0\0\0\0\0\0\0\0\0\0\0\0\0\0\0\0\0\0\0\0\0\0\0\0\0\0\0\0\0\0\0\0\0\0\0\0\0\0\0\0\0\0\0\0\0\0\0\0\0\0\0\0\0\0\0\0\0\0\0\0\0\0\0\0\0\0\0\0\0\0\0\0\0\0\0\0\0\0\0\0\0\0\0\0\0", 2272, MSG_DONTWAIT, NULL, NULL) = 232
17409 <... ioctl resumed>, 0x73fbffb8c8) = 0
17409 epoll_pwait(44, [{events=EPOLLIN, data={u32=43, u64=43}}], 16, 0, NULL, 8) = 1
17378 sendto(59, "\3\0\0\0\0\0\0\0':\0\0\1\0\0\0", 16, MSG_DONTWAIT|MSG_NOSIGNAL, NULL, 0 <unfinished ...>
17409 read(43,  <unfinished ...>
17378 <... sendto resumed>)             = 16
17409 <... read resumed>"\1\0\0\0\0\0\0\0", 8) = 8
17378 sendto(59, "\3\0\0\0\0\0\0\0):\0\0\1\0\0\0", 16, MSG_DONTWAIT|MSG_NOSIGNAL, NULL, 0 <unfinished ...>
17409 ioctl(9, BINDER_WRITE_READ <unfinished ...>
17378 <... sendto resumed>)             = 16
17409 <... ioctl resumed>, 0x73fbffb658) = 0
17378 sendto(59, "\3\0\0\0\0\0\0\0+:\0\0\1\0\0\0", 16, MSG_DONTWAIT|MSG_NOSIGNAL, NULL, 0 <unfinished ...>
17409 ioctl(9, BINDER_WRITE_READ <unfinished ...>
17378 <... sendto resumed>)             = 16
17409 <... ioctl resumed>, 0x73fbffb658) = 0
17378 sendto(59, "\3\0\0\0\0\0\0\0-:\0\0\1\0\0\0", 16, MSG_DONTWAIT|MSG_NOSIGNAL, NULL, 0 <unfinished ...>
17409 ioctl(9, BINDER_WRITE_READ <unfinished ...>
17378 <... sendto resumed>)             = 16
17378 sendto(59, "\3\0\0\0\0\0\0\0/:\0\0\1\0\0\0", 16, MSG_DONTWAIT|MSG_NOSIGNAL, NULL, 0 <unfinished ...>
17409 <... ioctl resumed>, 0x73fbffb3b8) = 0
17378 <... sendto resumed>)             = 16
17409 fcntl(64, F_DUPFD_CLOEXEC, 0)     = 69
17409 close(64 <unfinished ...>
17378 sendto(59, "\3\0\0\0\0\0\0\0001:\0\0\1\0\0\0", 16, MSG_DONTWAIT|MSG_NOSIGNAL, NULL, 0 <unfinished ...>
17409 <... close resumed>)              = 0
17378 <... sendto resumed>)             = 16
17378 recvfrom(59,  <unfinished ...>
17409 dup(69 <unfinished ...>
17378 <... recvfrom resumed>0x74575f9020, 2272, MSG_DONTWAIT, NULL, NULL) = -1 EAGAIN (Resource temporarily unavailable)
17409 <... dup resumed>)                = 64
25838 <... futex resumed>)              = 0
17409 close(69 <unfinished ...>
17378 getuid( <unfinished ...>
25838 futex(0x73efa23008, FUTEX_WAIT, 0, NULL <unfinished ...>
17378 <... getuid resumed>)             = 10050
17409 <... close resumed>)              = 0
17378 epoll_pwait(35, [{events=EPOLLIN, data={u32=56, u64=56}}], 16, 0, NULL, 8) = 1
17378 recvfrom(56, "nysv\0\0\0\0\0\0\0\0\0\0\0\0*r%EI2\0\0-\f\16\0\0\0\0\0", 3200, MSG_DONTWAIT, NULL, NULL) = 32
17378 recvfrom(56, 0x7ffe9e3170, 3200, MSG_DONTWAIT, NULL, NULL) = -1 EAGAIN (Resource temporarily unavailable)
17378 getuid()                          = 10050
17378 epoll_pwait(35, [], 16, 0, NULL, 8) = 0
17378 getuid()                          = 10050
17409 ioctl(58, _IOC(_IOC_READ|_IOC_WRITE, 0x9, 0x4a, 0x40) <unfinished ...>
17378 epoll_pwait(35,  <unfinished ...>
17409 <... ioctl resumed>, 0x73fbffa5a8) = 0
17378 <... epoll_pwait resumed>[], 16, 0, NULL, 8) = 0
17409 ioctl(58, _IOC(_IOC_READ|_IOC_WRITE, 0x9, 0x4a, 0x40) <unfinished ...>
17378 getuid()                          = 10050
17409 <... ioctl resumed>, 0x73fbff9c70) = 0
17378 epoll_pwait(35,  <unfinished ...>
17409 ioctl(58, _IOC(_IOC_READ|_IOC_WRITE, 0x9, 0x45, 0x30) <unfinished ...>
17378 <... epoll_pwait resumed>[], 16, 0, NULL, 8) = 0
25838 <... futex resumed>)              = 0
17409 <... ioctl resumed>, 0x73fbff9c70) = 0
17378 getuid( <unfinished ...>
25838 futex(0x73efa23008, FUTEX_WAIT, 0, NULL <unfinished ...>
17409 mmap(NULL, 16384, PROT_READ|PROT_WRITE, MAP_SHARED, 58, 0x85000 <unfinished ...>
17378 <... getuid resumed>)             = 10050
17409 <... mmap resumed>)               = 0x7fe8ec000
17378 epoll_pwait(35, [], 16, 0, NULL, 8) = 0
17409 ioctl(58, _IOC(_IOC_READ|_IOC_WRITE, 0x9, 0x33, 0x20) <unfinished ...>
17378 getuid( <unfinished ...>
17409 <... ioctl resumed>, 0x73fbffb578) = 0
17409 close(65 <unfinished ...>
17378 <... getuid resumed>)             = 10050
17378 epoll_pwait(35, [], 16, 0, NULL, 8) = 0
17409 <... close resumed>)              = 0
17378 getuid( <unfinished ...>
17409 dup(69)                           = 65
17378 <... getuid resumed>)             = 10050
17409 fcntl(65, F_SETFD, FD_CLOEXEC <unfinished ...>
17378 epoll_pwait(35,  <unfinished ...>
17409 <... fcntl resumed>)              = 0
17378 <... epoll_pwait resumed>[], 16, 0, NULL, 8) = 0
17409 fcntl(65, F_DUPFD_CLOEXEC, 0 <unfinished ...>
17378 getuid( <unfinished ...>
17409 <... fcntl resumed>)              = 76
17378 <... getuid resumed>)             = 10050
17409 fstat(76,  <unfinished ...>
17378 epoll_pwait(35,  <unfinished ...>
17409 <... fstat resumed>{st_mode=0600, st_size=0, ...}) = 0
17378 <... epoll_pwait resumed>[], 16, 0, NULL, 8) = 0
17409 ioctl(9, BINDER_WRITE_READ <unfinished ...>
17378 recvfrom(59, 0x74575f9020, 2272, MSG_DONTWAIT, NULL, NULL) = -1 EAGAIN (Resource temporarily unavailable)
17409 <... ioctl resumed>, 0x73fbffb168) = 0
17409 fstat(76, {st_mode=0600, st_size=0, ...}) = 0
17378 recvfrom(56,  <unfinished ...>
17409 close(76 <unfinished ...>
17378 <... recvfrom resumed>0x7ffe9e30f0, 3200, MSG_DONTWAIT, NULL, NULL) = -1 EAGAIN (Resource temporarily unavailable)
17409 <... close resumed>)              = 0
17378 ioctl(9, BINDER_WRITE_READ <unfinished ...>
17409 futex(0x73fd762e20, FUTEX_WAKE_PRIVATE, 2147483647 <unfinished ...>
17378 <... ioctl resumed>, 0x7ffe9e3a58) = 0
25838 <... futex resumed>)              = 0
17409 <... futex resumed>)              = 0
17378 write(33, "\1\0\0\0\0\0\0\0", 8 <unfinished ...>
25838 futex(0x73efa23008, FUTEX_WAIT, 0, NULL <unfinished ...>
17409 close(65)                         = 0
17378 <... write resumed>)              = 8
17409 close(64)                         = 0
17409 munmap(0x7fe8ec000, 16384)        = 0
17409 ioctl(58, _IOC(_IOC_WRITE, 0x9, 0x46, 0x20) <unfinished ...>
17378 ioctl(9, BINDER_WRITE_READ <unfinished ...>
17409 <... ioctl resumed>, 0x73fbffb660) = 0
17409 recvfrom(46, "nysv\0\0\0\0\0\0\0\0\0\0\0\0\205[$KI2\0\0003\f\16\0\0\0\0\0", 3200, MSG_DONTWAIT, NULL, NULL) = 32
17409 recvfrom(46, 0x73fbffaeb0, 3200, MSG_DONTWAIT, NULL, NULL) = -1 EAGAIN (Resource temporarily unavailable)
17378 <... ioctl resumed>, 0x7ffe9e38e8) = 0
17409 write(43, "\1\0\0\0\0\0\0\0", 8)  = 8
17409 ioctl(9, BINDER_WRITE_READ <unfinished ...>
17378 write(43, "\1\0\0\0\0\0\0\0", 8 <unfinished ...>
25838 <... futex resumed>)              = 0
17409 <... ioctl resumed>, 0x73fbffb8c8) = 0
17378 <... write resumed>)              = 8
25838 futex(0x73efa23008, FUTEX_WAIT, 0, NULL <unfinished ...>
17409 epoll_pwait(44,  <unfinished ...>
17378 futex(0x74576b9ad0, FUTEX_WAIT_BITSET_PRIVATE, 166, NULL, FUTEX_BITSET_MATCH_ANY <unfinished ...>
17409 <... epoll_pwait resumed>[{events=EPOLLIN, data={u32=43, u64=43}}], 16, 0, NULL, 8) = 1
17409 read(43, "\2\0\0\0\0\0\0\0", 8)   = 8
17409 ioctl(9, BINDER_WRITE_READ, 0x73fbffb678) = 0
17409 ioctl(9, BINDER_WRITE_READ, 0x73fbffb678) = 0
17409 futex(0x74576b9ad0, FUTEX_WAKE_PRIVATE, 1) = 1
17378 <... futex resumed>)              = 0
17409 ioctl(9, BINDER_WRITE_READ <unfinished ...>
17378 getuid( <unfinished ...>
17409 <... ioctl resumed>, 0x73fbffb3d8) = 0
17378 <... getuid resumed>)             = 10050
17409 fcntl(64, F_DUPFD_CLOEXEC, 0 <unfinished ...>
17378 epoll_pwait(35,  <unfinished ...>
17409 <... fcntl resumed>)              = 65
17378 <... epoll_pwait resumed>[{events=EPOLLIN, data={u32=33, u64=33}}], 16, 0, NULL, 8) = 1
17409 close(64 <unfinished ...>
17378 read(33,  <unfinished ...>
17409 <... close resumed>)              = 0
25838 <... futex resumed>)              = 0
17378 <... read resumed>"\1\0\0\0\0\0\0\0", 8) = 8
25838 futex(0x73efa23008, FUTEX_WAIT, 0, NULL <unfinished ...>
17409 dup(65 <unfinished ...>
17378 getuid( <unfinished ...>
17409 <... dup resumed>)                = 64
17378 <... getuid resumed>)             = 10050
17409 close(65 <unfinished ...>
17378 epoll_pwait(35,  <unfinished ...>
17409 <... close resumed>)              = 0
17378 <... epoll_pwait resumed>[], 16, 0, NULL, 8) = 0
17378 getuid()                          = 10050
17378 epoll_pwait(35, [], 16, 0, NULL, 8) = 0
17378 writev(72, [{iov_base="\5\342C\273\301\4`\340\221D:", iov_len=11}, {iov_base="tats", iov_len=4}, {iov_base="\3\4\1C|r\252\336z\0\0\0\261\0\0\0\2/\0\0\0com.android.dialer.dialpadview.DialpadKeyButton\0\1\0\0\0", iov_len=73}], 3 <unfinished ...>
17409 rt_sigprocmask(0xfbff3880 /* SIG_??? */, NULL,  <unfinished ...>
17378 <... writev resumed>)             = 88
17409 <... rt_sigprocmask resumed>[QUIT USR1 PIPE RTMIN], 8) = 0
17378 getuid()                          = 10050
17378 epoll_pwait(35, [], 16, 0, NULL, 8) = 0
17378 write(43, "\1\0\0\0\0\0\0\0", 8 <unfinished ...>
25838 <... futex resumed>)              = 0
17378 <... write resumed>)              = 8
25838 futex(0x73efa23008, FUTEX_WAIT, 0, NULL <unfinished ...>
17378 futex(0x73fd93b390, FUTEX_WAIT_BITSET_PRIVATE, 30, {tv_sec=55293, tv_nsec=389622687}, FUTEX_BITSET_MATCH_ANY <unfinished ...>
17409 ioctl(58, _IOC(_IOC_READ|_IOC_WRITE, 0x9, 0x4a, 0x40), 0x73fbffa5c8) = 0
17409 ioctl(58, _IOC(_IOC_READ|_IOC_WRITE, 0x9, 0x4a, 0x40), 0x73fbff9c90) = 0
17409 ioctl(58, _IOC(_IOC_READ|_IOC_WRITE, 0x9, 0x33, 0x20), 0x73fbffb598) = 0
17409 close(69)                         = 0
17409 dup(65)                           = 69
17409 fcntl(69, F_SETFD, FD_CLOEXEC)    = 0
17409 fcntl(69, F_DUPFD_CLOEXEC, 0)     = 76
17409 fstat(76, {st_mode=0600, st_size=0, ...}) = 0
