17409 close(64)                         = 0
17409 munmap(0x7fe9ec000, 16384)        = 0
17409 ioctl(58, _IOC(_IOC_WRITE, 0x9, 0x46, 0x20), 0x73fbffb680) = 0
17409 epoll_pwait(44, [{events=EPOLLIN, data={u32=43, u64=43}}], 16, 0, NULL, 8) = 1
17409 read(43, "\1\0\0\0\0\0\0\0", 8)   = 8
17409 ioctl(9, BINDER_WRITE_READ, 0x73fbffb678) = 0
17409 ioctl(9, BINDER_WRITE_READ, 0x73fbffb678) = 0
17409 futex(0x74576b9ad0, FUTEX_WAKE_PRIVATE, 1) = 1
17378 <... futex resumed>)              = 0
17409 ioctl(9, BINDER_WRITE_READ <unfinished ...>
17378 getuid()                          = 10050
17409 <... ioctl resumed>, 0x73fbffb3d8) = 0
17378 epoll_pwait(35,  <unfinished ...>
17409 fcntl(64, F_DUPFD_CLOEXEC, 0 <unfinished ...>
17378 <... epoll_pwait resumed>[{events=EPOLLIN, data={u32=56, u64=56}}, {events=EPOLLIN, data={u32=33, u64=33}}], 16, 0, NULL, 8) = 2
17409 <... fcntl resumed>)              = 65
17378 read(33,  <unfinished ...>
17409 close(64 <unfinished ...>
17378 <... read resumed>"\1\0\0\0\0\0\0\0", 8) = 8
17409 <... close resumed>)              = 0
17378 recvfrom(56,  <unfinished ...>
17409 dup(65)                           = 64
17378 <... recvfrom resumed>"nysv\0\0\0\0\0\0\0\0\0\0\0\0\263\2040\vI2\0\0\363\v\16\0\0\0\0\0", 3200, MSG_DONTWAIT, NULL, NULL) = 32
17409 close(65 <unfinished ...>
17378 recvfrom(56,  <unfinished ...>
17409 <... close resumed>)              = 0
17378 <... recvfrom resumed>0x7ffe9e3170, 3200, MSG_DONTWAIT, NULL, NULL) = -1 EAGAIN (Resource temporarily unavailable)
17378 getuid()                          = 10050
17378 epoll_pwait(35, [], 16, 0, NULL, 8) = 0
17378 getuid()                          = 10050
17378 epoll_pwait(35, [], 16, 0, NULL, 8) = 0
17409 ioctl(58, _IOC(_IOC_READ|_IOC_WRITE, 0x9, 0x4a, 0x40) <unfinished ...>
17378 recvfrom(59, 0x74575f9020, 2272, MSG_DONTWAIT, NULL, NULL) = -1 EAGAIN (Resource temporarily unavailable)
17409 <... ioctl resumed>, 0x73fbffa5c8) = 0
17409 ioctl(58, _IOC(_IOC_READ|_IOC_WRITE, 0x9, 0x4a, 0x40) <unfinished ...>
17378 recvfrom(56, 0x7ffe9e2b50, 3200, MSG_DONTWAIT, NULL, NULL) = -1 EAGAIN (Resource temporarily unavailable)
17378 ioctl(9, BINDER_WRITE_READ <unfinished ...>
17409 <... ioctl resumed>, 0x73fbff9c90) = 0
17378 <... ioctl resumed>, 0x7ffe9e34b8) = 0
17409 ioctl(58, _IOC(_IOC_READ|_IOC_WRITE, 0x9, 0x33, 0x20) <unfinished ...>
17378 write(43, "\1\0\0\0\0\0\0\0", 8)  = 8
17409 <... ioctl resumed>, 0x73fbffb598) = 0
17409 close(69 <unfinished ...>
17378 write(33, "\1\0\0\0\0\0\0\0", 8 <unfinished ...>
17409 <... close resumed>)              = 0
17378 <... write resumed>)              = 8
17409 dup(65)                           = 69
17409 fcntl(69, F_SETFD, FD_CLOEXEC <unfinished ...>
17378 futex(0x74576b9ad0, FUTEX_WAIT_BITSET_PRIVATE, 114, NULL, FUTEX_BITSET_MATCH_ANY <unfinished ...>
17409 <... fcntl resumed>)              = 0
17409 fcntl(69, F_DUPFD_CLOEXEC, 0)     = 76
17409 fstat(76, {st_mode=0600, st_size=0, ...}) = 0
17409 ioctl(9, BINDER_WRITE_READ, 0x73fbffb188) = 0
17409 fstat(76, {st_mode=0600, st_size=0, ...}) = 0
17409 close(76)                         = 0
17409 futex(0x73fd762e20, FUTEX_WAKE_PRIVATE, 2147483647) = 0
17409 close(69)                         = 0
17409 close(64)                         = 0
17409 epoll_pwait(44, [{events=EPOLLIN, data={u32=43, u64=43}}], 16, 0, NULL, 8) = 1
17409 read(43, "\1\0\0\0\0\0\0\0", 8)   = 8
17409 ioctl(9, BINDER_WRITE_READ, 0x73fbffb678) = 0
17409 ioctl(9, BINDER_WRITE_READ, 0x73fbffb678) = 0
17409 futex(0x74576b9ad0, FUTEX_WAKE_PRIVATE, 1) = 1
17378 <... futex resumed>)              = 0
17409 ioctl(9, BINDER_WRITE_READ <unfinished ...>
17378 getuid()                          = 10050
17409 <... ioctl resumed>, 0x73fbffb3d8) = 0
17378 epoll_pwait(35,  <unfinished ...>
17409 fcntl(64, F_DUPFD_CLOEXEC, 0 <unfinished ...>
17378 <... epoll_pwait resumed>[{events=EPOLLIN, data={u32=56, u64=56}}, {events=EPOLLIN, data={u32=33, u64=33}}], 16, 0, NULL, 8) = 2
17409 <... fcntl resumed>)              = 69
17409 close(64 <unfinished ...>
17378 read(33,  <unfinished ...>
17409 <... close resumed>)              = 0
17378 <... read resumed>"\1\0\0\0\0\0\0\0", 8) = 8
17409 dup(69)                           = 64
17378 recvfrom(56,  <unfinished ...>
17409 close(69)                         = 0
17378 <... recvfrom resumed>"nysv\0\0\0\0\0\0\0\0\0\0\0\0\325'0\rI2\0\0\365\v\16\0\0\0\0\0", 3200, MSG_DONTWAIT, NULL, NULL) = 32
17378 recvfrom(56, 0x7ffe9e3170, 3200, MSG_DONTWAIT, NULL, NULL) = -1 EAGAIN (Resource temporarily unavailable)
17378 recvfrom(59, 0x74575f9020, 2272, MSG_DONTWAIT, NULL, NULL) = -1 EAGAIN (Resource temporarily unavailable)
17378 recvfrom(56, 0x7ffe9e2b50, 3200, MSG_DONTWAIT, NULL, NULL) = -1 EAGAIN (Resource temporarily unavailable)
17378 ioctl(9, BINDER_WRITE_READ <unfinished ...>
17409 ioctl(58, _IOC(_IOC_READ|_IOC_WRITE, 0x9, 0x4a, 0x40) <unfinished ...>
17378 <... ioctl resumed>, 0x7ffe9e34b8) = 0
17409 <... ioctl resumed>, 0x73fbffa5c8) = 0
17378 write(43, "\1\0\0\0\0\0\0\0", 8 <unfinished ...>
17409 ioctl(58, _IOC(_IOC_READ|_IOC_WRITE, 0x9, 0x4a, 0x40) <unfinished ...>
17378 <... write resumed>)              = 8
17409 <... ioctl resumed>, 0x73fbff9c90) = 0
17409 ioctl(58, _IOC(_IOC_READ|_IOC_WRITE, 0x9, 0x45, 0x30) <unfinished ...>
17378 futex(0x74576b9ad0, FUTEX_WAIT_BITSET_PRIVATE, 118, NULL, FUTEX_BITSET_MATCH_ANY <unfinished ...>
17409 <... ioctl resumed>, 0x73fbff9c90) = 0
17409 mmap(NULL, 16384, PROT_READ|PROT_WRITE, MAP_SHARED, 58, 0x7e000) = 0x7fe9ec000
17409 ioctl(58, _IOC(_IOC_READ|_IOC_WRITE, 0x9, 0x33, 0x20), 0x73fbffb598) = 0
17409 close(65)                         = 0
17409 dup(69)                           = 65
17409 fcntl(65, F_SETFD, FD_CLOEXEC)    = 0
17409 fcntl(65, F_DUPFD_CLOEXEC, 0)     = 76
17409 fstat(76, {st_mode=0600, st_size=0, ...}) = 0
17409 ioctl(9, BINDER_WRITE_READ, 0x73fbffb188) = 0
17409 fstat(76, {st_mode=0600, st_size=0, ...}) = 0
17409 close(76)                         = 0
17409 futex(0x73fd762e20, FUTEX_WAKE_PRIVATE, 2147483647) = 0
17409 close(65)                         = 0
17409 close(64)                         = 0
17409 munmap(0x7fe9ec000, 16384)        = 0
17409 ioctl(58, _IOC(_IOC_WRITE, 0x9, 0x46, 0x20), 0x73fbffb680) = 0
17409 epoll_pwait(44, [{events=EPOLLIN, data={u32=43, u64=43}}], 16, 0, NULL, 8) = 1
17409 read(43, "\1\0\0\0\0\0\0\0", 8)   = 8
17409 ioctl(9, BINDER_WRITE_READ, 0x73fbffb678) = 0
17409 ioctl(9, BINDER_WRITE_READ, 0x73fbffb678) = 0
17409 futex(0x74576b9ad0, FUTEX_WAKE_PRIVATE, 1) = 1
17378 <... futex resumed>)              = 0
17409 ioctl(9, BINDER_WRITE_READ <unfinished ...>
17378 getuid()                          = 10050
17378 epoll_pwait(35, [{events=EPOLLIN, data={u32=56, u64=56}}], 16, 0, NULL, 8) = 1
17378 recvfrom(56, "nysv\0\0\0\0\0\0\0\0\0\0\0\0\202\373/\16I2\0\0\366\v\16\0\0\0\0\0", 3200, MSG_DONTWAIT, NULL, NULL) = 32
17378 recvfrom(56, 0x7ffe9e3170, 3200, MSG_DONTWAIT, NULL, NULL) = -1 EAGAIN (Resource temporarily unavailable)
17409 <... ioctl resumed>, 0x73fbffb3d8) = 0
17378 getuid( <unfinished ...>
17409 fcntl(64, F_DUPFD_CLOEXEC, 0)     = 65
17378 <... getuid resumed>)             = 10050
17409 close(64 <unfinished ...>
17378 epoll_pwait(35,  <unfinished ...>
17409 <... close resumed>)              = 0
17378 <... epoll_pwait resumed>[], 16, 0, NULL, 8) = 0
17409 dup(65 <unfinished ...>
17378 getuid( <unfinished ...>
17409 <... dup resumed>)                = 64
17378 <... getuid resumed>)             = 10050
17409 close(65 <unfinished ...>
17378 epoll_pwait(35,  <unfinished ...>
17409 <... close resumed>)              = 0
17378 <... epoll_pwait resumed>[], 16, 0, NULL, 8) = 0
17378 getuid()                          = 10050
17378 epoll_pwait(35, [], 16, 0, NULL, 8) = 0
17378 getuid()                          = 10050
17378 epoll_pwait(35, [], 16, 0, NULL, 8) = 0
17378 recvfrom(59, 0x74575f9020, 2272, MSG_DONTWAIT, NULL, NULL) = -1 EAGAIN (Resource temporarily unavailable)
17378 recvfrom(56,  <unfinished ...>
17409 ioctl(58, _IOC(_IOC_READ|_IOC_WRITE, 0x9, 0x4a, 0x40) <unfinished ...>
17378 <... recvfrom resumed>0x7ffe9e2b50, 3200, MSG_DONTWAIT, NULL, NULL) = -1 EAGAIN (Resource temporarily unavailable)
17409 <... ioctl resumed>, 0x73fbffa5c8) = 0
17378 ioctl(9, BINDER_WRITE_READ <unfinished ...>
17409 ioctl(58, _IOC(_IOC_READ|_IOC_WRITE, 0x9, 0x4a, 0x40) <unfinished ...>
17378 <... ioctl resumed>, 0x7ffe9e34b8) = 0
17409 <... ioctl resumed>, 0x73fbff9c90) = 0
17378 write(43, "\1\0\0\0\0\0\0\0", 8 <unfinished ...>
17409 ioctl(58, _IOC(_IOC_READ|_IOC_WRITE, 0x9, 0x33, 0x20) <unfinished ...>
17378 <... write resumed>)              = 8
17409 <... ioctl resumed>, 0x73fbffb598) = 0
17378 write(33, "\1\0\0\0\0\0\0\0", 8 <unfinished ...>
17409 close(69)                         = 0
17378 <... write resumed>)              = 8
17409 dup(65)                           = 69
17409 fcntl(69, F_SETFD, FD_CLOEXEC <unfinished ...>
17378 futex(0x74576b9ad0, FUTEX_WAIT_BITSET_PRIVATE, 122, NULL, FUTEX_BITSET_MATCH_ANY <unfinished ...>
17409 <... fcntl resumed>)              = 0
17409 fcntl(69, F_DUPFD_CLOEXEC, 0)     = 76
17409 fstat(76, {st_mode=0600, st_size=0, ...}) = 0
17409 ioctl(9, BINDER_WRITE_READ, 0x73fbffb188) = 0
17409 fstat(76, {st_mode=0600, st_size=0, ...}) = 0
17409 close(76)                         = 0
17409 futex(0x73fd762e20, FUTEX_WAKE_PRIVATE, 2147483647) = 0
17409 close(69)                         = 0
17409 close(64)                         = 0
17409 epoll_pwait(44, [{events=EPOLLIN, data={u32=43, u64=43}}], 16, 0, NULL, 8) = 1
17409 read(43, "\1\0\0\0\0\0\0\0", 8)   = 8
17409 ioctl(9, BINDER_WRITE_READ, 0x73fbffb678) = 0
17409 ioctl(9, BINDER_WRITE_READ, 0x73fbffb678) = 0
17409 futex(0x74576b9ad0, FUTEX_WAKE_PRIVATE, 1) = 1
17378 <... futex resumed>)              = 0
17409 ioctl(9, BINDER_WRITE_READ <unfinished ...>
17378 getuid()                          = 10050
17378 epoll_pwait(35, [{events=EPOLLIN, data={u32=33, u64=33}}, {events=EPOLLIN, data={u32=56, u64=56}}], 16, 0, NULL, 8) = 2
17378 read(33, "\1\0\0\0\0\0\0\0", 8)   = 8
17378 recvfrom(56, "nysv\0\0\0\0\0\0\0\0\0\0\0\0W\316/\17I2\0\0\367\v\16\0\0\0\0\0", 3200, MSG_DONTWAIT, NULL, NULL) = 32
17378 recvfrom(56, 0x7ffe9e3170, 3200, MSG_DONTWAIT, NULL, NULL) = -1 EAGAIN (Resource temporarily unavailable)
17378 getuid()                          = 10050
17378 epoll_pwait(35, [], 16, 0, NULL, 8) = 0
17378 getuid()                          = 10050
17378 epoll_pwait(35, [], 16, 0, NULL, 8) = 0
17378 recvfrom(59, 0x74575f9020, 2272, MSG_DONTWAIT, NULL, NULL) = -1 EAGAIN (Resource temporarily unavailable)
17378 recvfrom(56, 0x7ffe9e2b50, 3200, MSG_DONTWAIT, NULL, NULL) = -1 EAGAIN (Resource temporarily unavailable)
17409 <... ioctl resumed>, 0x73fbffb3d8) = 0
17409 fcntl(64, F_DUPFD_CLOEXEC, 0 <unfinished ...>
17378 ioctl(9, BINDER_WRITE_READ <unfinished ...>
17409 <... fcntl resumed>)              = 69
17378 <... ioctl resumed>, 0x7ffe9e34b8) = 0
17409 close(64 <unfinished ...>
17378 write(43, "\1\0\0\0\0\0\0\0", 8 <unfinished ...>
17409 <... close resumed>)              = 0
17378 <... write resumed>)              = 8
17409 dup(69)                           = 64
17378 write(33, "\1\0\0\0\0\0\0\0", 8 <unfinished ...>
17409 close(69 <unfinished ...>
17378 <... write resumed>)              = 8
17409 <... close resumed>)              = 0
17378 futex(0x74576b9ad0, FUTEX_WAIT_BITSET_PRIVATE, 126, NULL, FUTEX_BITSET_MATCH_ANY <unfinished ...>
17409 ioctl(58, _IOC(_IOC_READ|_IOC_WRITE, 0x9, 0x4a, 0x40), 0x73fbffa5c8) = 0
17409 ioctl(58, _IOC(_IOC_READ|_IOC_WRITE, 0x9, 0x4a, 0x40), 0x73fbff9c90) = 0
17409 ioctl(58, _IOC(_IOC_READ|_IOC_WRITE, 0x9, 0x45, 0x30), 0x73fbff9c90) = 0
17409 mmap(NULL, 16384, PROT_READ|PROT_WRITE, MAP_SHARED, 58, 0x7e000) = 0x7fe9ec000
17409 ioctl(58, _IOC(_IOC_READ|_IOC_WRITE, 0x9, 0x33, 0x20), 0x73fbffb598) = 0
17409 close(65)                         = 0
17409 dup(69)                           = 65
17409 fcntl(65, F_SETFD, FD_CLOEXEC)    = 0
17409 fcntl(65, F_DUPFD_CLOEXEC, 0)     = 76
17409 fstat(76, {st_mode=0600, st_size=0, ...}) = 0
17409 ioctl(9, BINDER_WRITE_READ, 0x73fbffb188) = 0
17409 fstat(76, {st_mode=0600, st_size=0, ...}) = 0
17409 close(76)                         = 0
17409 futex(0x73fd762e20, FUTEX_WAKE_PRIVATE, 2147483647) = 0
17409 close(65)                         = 0
17409 close(64)                         = 0
17409 munmap(0x7fe9ec000, 16384)        = 0
17409 ioctl(58, _IOC(_IOC_WRITE, 0x9, 0x46, 0x20), 0x73fbffb680) = 0
17409 epoll_pwait(44, [{events=EPOLLIN, data={u32=43, u64=43}}], 16, 0, NULL, 8) = 1
17409 read(43, "\1\0\0\0\0\0\0\0", 8)   = 8
17409 ioctl(9, BINDER_WRITE_READ, 0x73fbffb678) = 0
17409 ioctl(9, BINDER_WRITE_READ, 0x73fbffb678) = 0
17409 futex(0x74576b9ad0, FUTEX_WAKE_PRIVATE, 1) = 1
17378 <... futex resumed>)              = 0
17409 ioctl(9, BINDER_WRITE_READ <unfinished ...>
17378 getuid()                          = 10050
17378 epoll_pwait(35, [{events=EPOLLIN, data={u32=33, u64=33}}, {events=EPOLLIN, data={u32=56, u64=56}}], 16, 0, NULL, 8) = 2
17378 read(33, "\1\0\0\0\0\0\0\0", 8)   = 8
17378 recvfrom(56,  <unfinished ...>
17409 <... ioctl resumed>, 0x73fbffb3d8) = 0
17378 <... recvfrom resumed>"nysv\0\0\0\0\0\0\0\0\0\0\0\0L\237/\20I2\0\0\370\v\16\0\0\0\0\0", 3200, MSG_DONTWAIT, NULL, NULL) = 32
17409 fcntl(64, F_DUPFD_CLOEXEC, 0 <unfinished ...>
17378 recvfrom(56,  <unfinished ...>
17409 <... fcntl resumed>)              = 65
17378 <... recvfrom resumed>0x7ffe9e3170, 3200, MSG_DONTWAIT, NULL, NULL) = -1 EAGAIN (Resource temporarily unavailable)
17409 close(64)                         = 0
17378 getuid( <unfinished ...>
17409 dup(65 <unfinished ...>
17378 <... getuid resumed>)             = 10050
17409 <... dup resumed>)                = 64
17378 epoll_pwait(35,  <unfinished ...>
17409 close(65 <unfinished ...>
17378 <... epoll_pwait resumed>[], 16, 0, NULL, 8) = 0
17409 <... close resumed>)              = 0
17378 getuid()                          = 10050
17378 epoll_pwait(35, [], 16, 0, NULL, 8) = 0
17378 recvfrom(59, 0x74575f9020, 2272, MSG_DONTWAIT, NULL, NULL) = -1 EAGAIN (Resource temporarily unavailable)
17409 ioctl(58, _IOC(_IOC_READ|_IOC_WRITE, 0x9, 0x4a, 0x40) <unfinished ...>
17378 recvfrom(56,  <unfinished ...>
17409 <... ioctl resumed>, 0x73fbffa5c8) = 0
17378 <... recvfrom resumed>0x7ffe9e2b50, 3200, MSG_DONTWAIT, NULL, NULL) = -1 EAGAIN (Resource temporarily unavailable)
17409 ioctl(58, _IOC(_IOC_READ|_IOC_WRITE, 0x9, 0x4a, 0x40) <unfinished ...>
17378 ioctl(9, BINDER_WRITE_READ, 0x7ffe9e34b8) = 0
17409 <... ioctl resumed>, 0x73fbff9c90) = 0
17409 ioctl(58, _IOC(_IOC_READ|_IOC_WRITE, 0x9, 0x33, 0x20) <unfinished ...>
17378 write(43, "\1\0\0\0\0\0\0\0", 8 <unfinished ...>
17409 <... ioctl resumed>, 0x73fbffb598) = 0
17378 <... write resumed>)              = 8
17409 close(69)                         = 0
17409 dup(65 <unfinished ...>
17378 write(33, "\1\0\0\0\0\0\0\0", 8 <unfinished ...>
17409 <... dup resumed>)                = 69
17409 fcntl(69, F_SETFD, FD_CLOEXEC <unfinished ...>
17378 <... write resumed>)              = 8
17409 <... fcntl resumed>)              = 0
17409 fcntl(69, F_DUPFD_CLOEXEC, 0 <unfinished ...>
17378 futex(0x74576b9ad0, FUTEX_WAIT_BITSET_PRIVATE, 130, NULL, FUTEX_BITSET_MATCH_ANY <unfinished ...>
17409 <... fcntl resumed>)              = 76
17409 fstat(76, {st_mode=0600, st_size=0, ...}) = 0
17409 ioctl(9, BINDER_WRITE_READ, 0x73fbffb188) = 0
17409 fstat(76, {st_mode=0600, st_size=0, ...}) = 0
17409 close(76)                         = 0
17409 futex(0x73fd762e20, FUTEX_WAKE_PRIVATE, 2147483647) = 0
17409 close(69)                         = 0
17409 close(64)                         = 0
17409 epoll_pwait(44, [{events=EPOLLIN, data={u32=43, u64=43}}], 16, 0, NULL, 8) = 1
17409 read(43, "\1\0\0\0\0\0\0\0", 8)   = 8
17409 ioctl(9, BINDER_WRITE_READ, 0x73fbffb678) = 0
17409 ioctl(9, BINDER_WRITE_READ, 0x73fbffb678) = 0
17409 futex(0x74576b9ad0, FUTEX_WAKE_PRIVATE, 1) = 1
17378 <... futex resumed>)              = 0
17409 ioctl(9, BINDER_WRITE_READ <unfinished ...>
17378 getuid( <unfinished ...>
17409 <... ioctl resumed>, 0x73fbffb3d8) = 0
17378 <... getuid resumed>)             = 10050
17409 fcntl(64, F_DUPFD_CLOEXEC, 0 <unfinished ...>
17378 epoll_pwait(35,  <unfinished ...>
17409 <... fcntl resumed>)              = 69
17378 <... epoll_pwait resumed>[{events=EPOLLIN, data={u32=33, u64=33}}, {events=EPOLLIN, data={u32=56, u64=56}}], 16, 0, NULL, 8) = 2
17409 close(64 <unfinished ...>
17378 read(33,  <unfinished ...>
17409 <... close resumed>)              = 0
17378 <... read resumed>"\1\0\0\0\0\0\0\0", 8) = 8
17409 dup(69 <unfinished ...>
17378 recvfrom(56,  <unfinished ...>
17409 <... dup resumed>)                = 64
17409 close(69 <unfinished ...>
17378 <... recvfrom resumed>"nysv\0\0\0\0\0\0\0\0\0\0\0\0\366q/\21I2\0\0\371\v\16\0\0\0\0\0", 3200, MSG_DONTWAIT, NULL, NULL) = 32
17409 <... close resumed>)              = 0
17378 recvfrom(56, 0x7ffe9e3170, 3200, MSG_DONTWAIT, NULL, NULL) = -1 EAGAIN (Resource temporarily unavailable)
17378 getuid()                          = 10050
17378 epoll_pwait(35, [], 16, 0, NULL, 8) = 0
17378 getuid()                          = 10050
17378 epoll_pwait(35, [], 16, 0, NULL, 8) = 0
17378 recvfrom(59, 0x74575f9020, 2272, MSG_DONTWAIT, NULL, NULL) = -1 EAGAIN (Resource temporarily unavailable)
17409 ioctl(58, _IOC(_IOC_READ|_IOC_WRITE, 0x9, 0x4a, 0x40), 0x73fbffa5c8) = 0
17378 recvfrom(56, 0x7ffe9e2b50, 3200, MSG_DONTWAIT, NULL, NULL) = -1 EAGAIN (Resource temporarily unavailable)
17409 ioctl(58, _IOC(_IOC_READ|_IOC_WRITE, 0x9, 0x4a, 0x40) <unfinished ...>
17378 ioctl(9, BINDER_WRITE_READ, 0x7ffe9e34b8) = 0
17409 <... ioctl resumed>, 0x73fbff9c90) = 0
17378 write(43, "\1\0\0\0\0\0\0\0", 8 <unfinished ...>
17409 ioctl(58, _IOC(_IOC_READ|_IOC_WRITE, 0x9, 0x33, 0x20) <unfinished ...>
17378 <... write resumed>)              = 8
17409 <... ioctl resumed>, 0x73fbffb598) = 0
17409 close(65 <unfinished ...>
17378 write(33, "\1\0\0\0\0\0\0\0", 8 <unfinished ...>
17409 <... close resumed>)              = 0
17378 <... write resumed>)              = 8
17409 dup(69)                           = 65
17409 fcntl(65, F_SETFD, FD_CLOEXEC <unfinished ...>
17378 futex(0x74576b9ad0, FUTEX_WAIT_BITSET_PRIVATE, 134, NULL, FUTEX_BITSET_MATCH_ANY <unfinished ...>
17409 <... fcntl resumed>)              = 0
17409 fcntl(65, F_DUPFD_CLOEXEC, 0)     = 76
17409 fstat(76, {st_mode=0600, st_size=0, ...}) = 0
17409 ioctl(9, BINDER_WRITE_READ, 0x73fbffb188) = 0
17409 fstat(76, {st_mode=0600, st_size=0, ...}) = 0
17409 close(76)                         = 0
17409 futex(0x73fd762e20, FUTEX_WAKE_PRIVATE, 2147483647) = 0
17409 close(65)                         = 0
17409 close(64)                         = 0
17409 epoll_pwait(44, [{events=EPOLLIN, data={u32=43, u64=43}}], 16, 0, NULL, 8) = 1
17409 read(43, "\1\0\0\0\0\0\0\0", 8)   = 8
17409 ioctl(9, BINDER_WRITE_READ, 0x73fbffb678) = 0
17409 ioctl(9, BINDER_WRITE_READ, 0x73fbffb678) = 0
17409 futex(0x74576b9ad0, FUTEX_WAKE_PRIVATE, 1 <unfinished ...>
17378 <... futex resumed>)              = 0
17409 <... futex resumed>)              = 1
17378 futex(0x74576b9aa8, FUTEX_WAIT_BITSET_PRIVATE, 2, NULL, FUTEX_BITSET_MATCH_ANY <unfinished ...>
17409 futex(0x74576b9aa8, FUTEX_WAKE_PRIVATE, 1 <unfinished ...>
17378 <... futex resumed>)              = -1 EAGAIN (Resource temporarily unavailable)
17409 <... futex resumed>)              = 0
17378 futex(0x74576b9aa8, FUTEX_WAKE_PRIVATE, 1) = 0
17378 getuid()                          = 10050
17378 epoll_pwait(35,  <unfinished ...>
17409 ioctl(9, BINDER_WRITE_READ <unfinished ...>
17378 <... epoll_pwait resumed>[{events=EPOLLIN, data={u32=33, u64=33}}, {events=EPOLLIN, data={u32=56, u64=56}}], 16, 0, NULL, 8) = 2
17378 read(33,  <unfinished ...>
17409 <... ioctl resumed>, 0x73fbffb3d8) = 0
17378 <... read resumed>"\1\0\0\0\0\0\0\0", 8) = 8
17409 fcntl(64, F_DUPFD_CLOEXEC, 0 <unfinished ...>
17378 recvfrom(56,  <unfinished ...>
17409 <... fcntl resumed>)              = 65
17378 <... recvfrom resumed>"nysv\0\0\0\0\0\0\0\0\0\0\0\0\324B/\22I2\0\0\372\v\16\0\0\0\0\0", 3200, MSG_DONTWAIT, NULL, NULL) = 32
17409 close(64 <unfinished ...>
17378 recvfrom(56,  <unfinished ...>
17409 <... close resumed>)              = 0
17378 <... recvfrom resumed>0x7ffe9e3170, 3200, MSG_DONTWAIT, NULL, NULL) = -1 EAGAIN (Resource temporarily unavailable)
17409 dup(65)                           = 64
17378 getuid()                          = 10050
17409 close(65 <unfinished ...>
17378 epoll_pwait(35,  <unfinished ...>
17409 <... close resumed>)              = 0
17378 <... epoll_pwait resumed>[], 16, 0, NULL, 8) = 0
17378 getuid()                          = 10050
17378 epoll_pwait(35, [], 16, 0, NULL, 8) = 0
17378 recvfrom(59, 0x74575f9020, 2272, MSG_DONTWAIT, NULL, NULL) = -1 EAGAIN (Resource temporarily unavailable)
17378 recvfrom(56, 0x7ffe9e2b50, 3200, MSG_DONTWAIT, NULL, NULL) = -1 EAGAIN (Resource temporarily unavailable)
17378 ioctl(9, BINDER_WRITE_READ, 0x7ffe9e34b8) = 0
17378 write(43, "\1\0\0\0\0\0\0\0", 8)  = 8
17378 write(33, "\1\0\0\0\0\0\0\0", 8)  = 8
17378 futex(0x74576b9ad0, FUTEX_WAIT_BITSET_PRIVATE, 138, NULL, FUTEX_BITSET_MATCH_ANY <unfinished ...>
17409 ioctl(58, _IOC(_IOC_READ|_IOC_WRITE, 0x9, 0x4a, 0x40), 0x73fbffa5c8) = 0
17409 ioctl(58, _IOC(_IOC_READ|_IOC_WRITE, 0x9, 0x4a, 0x40), 0x73fbff9c90) = 0
17409 ioctl(58, _IOC(_IOC_READ|_IOC_WRITE, 0x9, 0x45, 0x30), 0x73fbff9c90) = 0
17409 mmap(NULL, 16384, PROT_READ|PROT_WRITE, MAP_SHARED, 58, 0x7e000) = 0x7fe9ec000
17409 ioctl(58, _IOC(_IOC_READ|_IOC_WRITE, 0x9, 0x33, 0x20), 0x73fbffb598) = 0
17409 close(69)                         = 0
17409 dup(65)                           = 69
17409 fcntl(69, F_SETFD, FD_CLOEXEC)    = 0
17409 fcntl(69, F_DUPFD_CLOEXEC, 0)     = 76
17409 fstat(76, {st_mode=0600, st_size=0, ...}) = 0
17409 ioctl(9, BINDER_WRITE_READ, 0x73fbffb188) = 0
17409 fstat(76, {st_mode=0600, st_size=0, ...}) = 0
17409 close(76)                         = 0
17409 futex(0x73fd762e20, FUTEX_WAKE_PRIVATE, 2147483647) = 0
17409 close(69)                         = 0
17409 close(64)                         = 0
17409 munmap(0x7fe9ec000, 16384)        = 0
17409 ioctl(58, _IOC(_IOC_WRITE, 0x9, 0x46, 0x20), 0x73fbffb680) = 0
17409 epoll_pwait(44, [{events=EPOLLIN, data={u32=43, u64=43}}], 16, 0, NULL, 8) = 1
17409 read(43, "\1\0\0\0\0\0\0\0", 8)   = 8
17409 ioctl(9, BINDER_WRITE_READ, 0x73fbffb678) = 0
17409 ioctl(9, BINDER_WRITE_READ, 0x73fbffb678) = 0
17409 futex(0x74576b9ad0, FUTEX_WAKE_PRIVATE, 1) = 1
17378 <... futex resumed>)              = 0
17409 ioctl(9, BINDER_WRITE_READ, 0x73fbffb3d8) = 0
17378 getuid( <unfinished ...>
17409 fcntl(64, F_DUPFD_CLOEXEC, 0 <unfinished ...>
17378 <... getuid resumed>)             = 10050
17409 <... fcntl resumed>)              = 69
17409 close(64 <unfinished ...>
17378 epoll_pwait(35,  <unfinished ...>
17409 <... close resumed>)              = 0
17409 dup(69 <unfinished ...>
17378 <... epoll_pwait resumed>[{events=EPOLLIN, data={u32=33, u64=33}}, {events=EPOLLIN, data={u32=56, u64=56}}], 16, 0, NULL, 8) = 2
17409 <... dup resumed>)                = 64
17409 close(69 <unfinished ...>
17378 read(33,  <unfinished ...>
17409 <... close resumed>)              = 0
17409 ioctl(58, _IOC(_IOC_READ|_IOC_WRITE, 0x9, 0x4a, 0x40) <unfinished ...>
17378 <... read resumed>"\1\0\0\0\0\0\0\0", 8) = 8
17409 <... ioctl resumed>, 0x73fbffa5c8) = 0
17409 ioctl(58, _IOC(_IOC_READ|_IOC_WRITE, 0x9, 0x4a, 0x40) <unfinished ...>
17378 recvfrom(56,  <unfinished ...>
17409 <... ioctl resumed>, 0x73fbff9c90) = 0
17409 ioctl(58, _IOC(_IOC_READ|_IOC_WRITE, 0x9, 0x33, 0x20) <unfinished ...>
17378 <... recvfrom resumed>"nysv\0\0\0\0\0\0\0\0\0\0\0\0\341\23/\23I2\0\0\373\v\16\0\0\0\0\0", 3200, MSG_DONTWAIT, NULL, NULL) = 32
17409 <... ioctl resumed>, 0x73fbffb598) = 0
17409 close(65 <unfinished ...>
17378 recvfrom(56,  <unfinished ...>
17409 <... close resumed>)              = 0
17409 dup(69 <unfinished ...>
17378 <... recvfrom resumed>0x7ffe9e3170, 3200, MSG_DONTWAIT, NULL, NULL) = -1 EAGAIN (Resource temporarily unavailable)
17409 <... dup resumed>)                = 65
17409 fcntl(65, F_SETFD, FD_CLOEXEC)    = 0
17378 getuid( <unfinished ...>
17409 fcntl(65, F_DUPFD_CLOEXEC, 0)     = 76
17378 <... getuid resumed>)             = 10050
17409 fstat(76, {st_mode=0600, st_size=0, ...}) = 0
17378 epoll_pwait(35,  <unfinished ...>
17409 ioctl(9, BINDER_WRITE_READ <unfinished ...>
17378 <... epoll_pwait resumed>[], 16, 0, NULL, 8) = 0
17409 <... ioctl resumed>, 0x73fbffb188) = 0
17378 getuid( <unfinished ...>
17409 fstat(76, {st_mode=0600, st_size=0, ...}) = 0
17378 <... getuid resumed>)             = 10050
17409 close(76)                         = 0
17378 epoll_pwait(35,  <unfinished ...>
17409 futex(0x73fd762e20, FUTEX_WAKE_PRIVATE, 2147483647) = 0
17378 <... epoll_pwait resumed>[], 16, 0, NULL, 8) = 0
17409 close(65)                         = 0
17378 recvfrom(59,  <unfinished ...>
17409 close(64)                         = 0
17378 <... recvfrom resumed>0x74575f9020, 2272, MSG_DONTWAIT, NULL, NULL) = -1 EAGAIN (Resource temporarily unavailable)
17409 epoll_pwait(44,  <unfinished ...>
17378 recvfrom(56, 0x7ffe9e2ad0, 3200, MSG_DONTWAIT, NULL, NULL) = -1 EAGAIN (Resource temporarily unavailable)
17378 ioctl(9, BINDER_WRITE_READ, 0x7ffe9e3438) = 0
17378 write(43, "\1\0\0\0\0\0\0\0", 8 <unfinished ...>
17409 <... epoll_pwait resumed>[{events=EPOLLIN, data={u32=43, u64=43}}], 16, -1, NULL, 8) = 1
17378 <... write resumed>)              = 8
17409 read(43, "\1\0\0\0\0\0\0\0", 8)   = 8
17409 epoll_pwait(44,  <unfinished ...>
17378 write(33, "\1\0\0\0\0\0\0\0", 8)  = 8
17378 write(43, "\1\0\0\0\0\0\0\0", 8)  = 8
17409 <... epoll_pwait resumed>[{events=EPOLLIN, data={u32=43, u64=43}}], 16, -1, NULL, 8) = 1
17378 futex(0x74576b9ad0, FUTEX_WAIT_BITSET_PRIVATE, 142, NULL, FUTEX_BITSET_MATCH_ANY <unfinished ...>
17409 read(43, "\1\0\0\0\0\0\0\0", 8)   = 8
17409 ioctl(9, BINDER_WRITE_READ, 0x73fbffb678) = 0
17409 ioctl(9, BINDER_WRITE_READ, 0x73fbffb678) = 0
17409 futex(0x74576b9ad0, FUTEX_WAKE_PRIVATE, 1) = 1
17378 <... futex resumed>)              = 0
17409 ioctl(9, BINDER_WRITE_READ <unfinished ...>
17378 getuid()                          = 10050
17378 epoll_pwait(35, [{events=EPOLLIN, data={u32=33, u64=33}}], 16, 0, NULL, 8) = 1
17378 read(33, "\1\0\0\0\0\0\0\0", 8)   = 8
17378 getuid()                          = 10050
17378 epoll_pwait(35, [], 16, 0, NULL, 8) = 0
17378 getuid()                          = 10050
17378 epoll_pwait(35, [], 16, 0, NULL, 8) = 0
17378 epoll_pwait(35,  <unfinished ...>
17409 <... ioctl resumed>, 0x73fbffb3d8) = 0
17409 fcntl(64, F_DUPFD_CLOEXEC, 0)     = 65
17409 close(64)                         = 0
17409 dup(65)                           = 64
17409 close(65)                         = 0
17378 <... epoll_pwait resumed>[{events=EPOLLIN, data={u32=56, u64=56}}], 16, 729, NULL, 8) = 1
17378 recvfrom(56, "nysv\0\0\0\0\0\0\0\0\0\0\0\0\356\261.\25I2\0\0\375\v\16\0\0\0\0\0", 3200, MSG_DONTWAIT, NULL, NULL) = 32
17378 recvfrom(56, 0x7ffe9e3170, 3200, MSG_DONTWAIT, NULL, NULL) = -1 EAGAIN (Resource temporarily unavailable)
17378 write(33, "\1\0\0\0\0\0\0\0", 8)  = 8
17378 recvfrom(59, 0x74575f9020, 2272, MSG_DONTWAIT, NULL, NULL) = -1 EAGAIN (Resource temporarily unavailable)
17378 getuid()                          = 10050
17378 epoll_pwait(35, [{events=EPOLLIN, data={u32=33, u64=33}}], 16, 0, NULL, 8) = 1
17378 read(33, "\1\0\0\0\0\0\0\0", 8)   = 8
17378 epoll_pwait(35,  <unfinished ...>
17409 ioctl(58, _IOC(_IOC_READ|_IOC_WRITE, 0x9, 0x4a, 0x40), 0x73fbffa5c8) = 0
17409 ioctl(58, _IOC(_IOC_READ|_IOC_WRITE, 0x9, 0x4a, 0x40), 0x73fbff9c90) = 0
17409 ioctl(58, _IOC(_IOC_READ|_IOC_WRITE, 0x9, 0x45, 0x30), 0x73fbff9c90) = 0
17409 mmap(NULL, 16384, PROT_READ|PROT_WRITE, MAP_SHARED, 58, 0x7e000) = 0x7fe9ec000
17409 ioctl(58, _IOC(_IOC_READ|_IOC_WRITE, 0x9, 0x33, 0x20), 0x73fbffb598) = 0
17409 close(69)                         = 0
17409 dup(65)                           = 69
17409 fcntl(69, F_SETFD, FD_CLOEXEC)    = 0
17409 fcntl(69, F_DUPFD_CLOEXEC, 0)     = 76
17409 fstat(76, {st_mode=0600, st_size=0, ...}) = 0
17409 ioctl(9, BINDER_WRITE_READ, 0x73fbffb188) = 0
17409 fstat(76, {st_mode=0600, st_size=0, ...}) = 0
17409 close(76)                         = 0
17409 futex(0x73fd762e20, FUTEX_WAKE_PRIVATE, 2147483647) = 0
17409 close(69)                         = 0
17409 close(64)                         = 0
17409 munmap(0x7fe9ec000, 16384)        = 0
17409 ioctl(58, _IOC(_IOC_WRITE, 0x9, 0x46, 0x20), 0x73fbffb680) = 0
17409 epoll_pwait(44,  <unfinished ...>
17378 <... epoll_pwait resumed>[{events=EPOLLIN, data={u32=59, u64=59}}], 16, 723, NULL, 8) = 1
17378 recvfrom(59, "\2\0\0\0\0\0\0\0\3729\0\0\0\0\0\0\310\353\277)I2\0\0\7\0\0\0\2\20\0\0\0\0\0\0\0\0\0\0\0\0\0\0\0\0\0\0\0\0\0\0\0\0\0\0\0\0\0\0\0\0\0\0\310\353\277)I2\0\0\0\0\0\0\0\0\0\0\0\0\200?\0\0\200?\1\0\0\0\0\0\0\0\0\0\0\0\1\0\0\0\0\0\0\0\0\0\0\377\0\0^D\0\240\211D\0\0\200?\221\220\220<\0\0\240@\0\0\200@\0\0\240@\0\0\200@\0\0\0\0\0\0\0\0\0\0\0\0\0\0\0\0\0\0\0\0\0\0\0\0\0\0\0\0\0\0\0\0\0\0\0\0\0\0\0\0\0\0\0\0\0\0\0\0\0\0\0\0\0\0\0\0\0\0\0\0\0\0\0\0\0\0\0\0\0\0\0\0\0\0\0\0\0\0\0\0\0\0\0\0\0\0\0\0", 2272, MSG_DONTWAIT, NULL, NULL) = 232
17378 recvfrom(56, 0x7ffe9dfc30, 3200, MSG_DONTWAIT, NULL, NULL) = -1 EAGAIN (Resource temporarily unavailable)
17378 ioctl(9, BINDER_WRITE_READ, 0x7ffe9e0598) = 0
17378 write(43, "\1\0\0\0\0\0\0\0", 8)  = 8
17409 <... epoll_pwait resumed>[{events=EPOLLIN, data={u32=43, u64=43}}], 16, -1, NULL, 8) = 1
17378 ioctl(9, BINDER_WRITE_READ <unfinished ...>
17409 read(43,  <unfinished ...>
17378 <... ioctl resumed>, 0x7ffe9e0988) = 0
17409 <... read resumed>"\1\0\0\0\0\0\0\0", 8) = 8
17378 ioctl(9, BINDER_WRITE_READ <unfinished ...>
17409 epoll_pwait(44,  <unfinished ...>
17378 <... ioctl resumed>, 0x7ffe9e08f8) = 0
17378 futex(0x73fd93b638, FUTEX_WAKE_PRIVATE, 1 <unfinished ...>
25838 <... futex resumed>)              = 0
17378 <... futex resumed>)              = 1
17378 futex(0x73fd93b390, FUTEX_WAIT_BITSET_PRIVATE, 2, {tv_sec=55292, tv_nsec=826465392}, FUTEX_BITSET_MATCH_ANY <unfinished ...>
25838 futex(0x73fd93b390, FUTEX_WAKE_PRIVATE, 2147483647 <unfinished ...>
17378 <... futex resumed>)              = -1 EAGAIN (Resource temporarily unavailable)
17378 futex(0x73fd93b340, FUTEX_WAIT_BITSET_PRIVATE, 2, NULL, FUTEX_BITSET_MATCH_ANY <unfinished ...>
25838 <... futex resumed>)              = 0
25838 futex(0x73fd93b340, FUTEX_WAKE_PRIVATE, 1) = 1
25838 futex(0x73efa23008, FUTEX_WAIT, 0, NULL <unfinished ...>
17378 <... futex resumed>)              = 0
17378 futex(0x73fd93b340, FUTEX_WAKE_PRIVATE, 1) = 0
17378 ioctl(9, BINDER_WRITE_READ <unfinished ...>
17397 <... ioctl resumed>, 0x7457e5fb18) = 0
17397 futex(0x7467a23c48, FUTEX_WAKE_PRIVATE, 2147483647) = 0
17397 futex(0x7467a23c48, FUTEX_WAKE_PRIVATE, 2147483647) = 0
25838 <... futex resumed>)              = 0
17378 <... ioctl resumed>, 0x7ffe9e0aa8) = 0
25838 futex(0x73efa23008, FUTEX_WAIT, 0, NULL <unfinished ...>
17397 ioctl(9, BINDER_WRITE_READ <unfinished ...>
17378 ioctl(9, BINDER_WRITE_READ, 0x7ffe9e0218) = 0
25838 <... futex resumed>)              = 0
17378 ioctl(9, BINDER_WRITE_READ <unfinished ...>
25838 futex(0x73efa23008, FUTEX_WAIT, 0, NULL <unfinished ...>
17378 <... ioctl resumed>, 0x7ffe9e0218) = 0
17378 ioctl(9, BINDER_WRITE_READ, 0x7ffe9e0258) = 0
17378 mprotect(0x74ebcb9000, 4096, PROT_READ|PROT_WRITE <unfinished ...>
25838 <... futex resumed>)              = 0
17378 <... mprotect resumed>)           = 0
25838 futex(0x73efa23008, FUTEX_WAIT, 0, NULL <unfinished ...>
17378 mprotect(0x74ebcb9000, 4096, PROT_READ) = 0
17378 futex(0x74e81fb030, FUTEX_WAKE_PRIVATE, 2147483647) = 0
17378 write(43, "\1\0\0\0\0\0\0\0", 8 <unfinished ...>
17409 <... epoll_pwait resumed>[{events=EPOLLIN, data={u32=43, u64=43}}], 16, -1, NULL, 8) = 1
17378 <... write resumed>)              = 8
25838 <... futex resumed>)              = 0
17409 read(43,  <unfinished ...>
17378 futex(0x73fd882540, FUTEX_WAIT_BITSET_PRIVATE, 0, NULL, FUTEX_BITSET_MATCH_ANY <unfinished ...>
25838 futex(0x73efa23008, FUTEX_WAIT, 0, NULL <unfinished ...>
17409 <... read resumed>"\1\0\0\0\0\0\0\0", 8) = 8
17409 ioctl(9, BINDER_WRITE_READ, 0x73fbffb698) = 0
17409 ioctl(9, BINDER_WRITE_READ, 0x73fbffb698) = 0
17409 ioctl(58, _IOC(_IOC_READ|_IOC_WRITE, 0x9, 0x45, 0x30), 0x73fbff91d0) = 0
25838 <... futex resumed>)              = 0
17409 mmap(NULL, 131072, PROT_READ|PROT_WRITE, MAP_SHARED, 58, 0x7e000 <unfinished ...>
25838 futex(0x73efa23008, FUTEX_WAIT, 0, NULL <unfinished ...>
17409 <... mmap resumed>)               = 0x7fe9d0000
17409 futex(0x73fd882540, FUTEX_WAKE_PRIVATE, 2147483647) = 1
17378 <... futex resumed>)              = 0
17409 epoll_pwait(44,  <unfinished ...>
17378 getuid()                          = 10050
17378 ioctl(9, BINDER_WRITE_READ <unfinished ...>
25838 <... futex resumed>)              = 0
25838 futex(0x73efa23008, FUTEX_WAIT, 0, NULL <unfinished ...>
17378 <... ioctl resumed>, 0x7ffe9df258) = 0
17378 ioctl(9, BINDER_WRITE_READ, 0x7ffe9df4e8) = 0
17378 getuid()                          = 10050
17378 ioctl(9, BINDER_WRITE_READ <unfinished ...>
25838 <... futex resumed>)              = 0
25838 futex(0x73efa23008, FUTEX_WAIT, 0, NULL <unfinished ...>
17378 <... ioctl resumed>, 0x7ffe9df5b8) = 0
25838 <... futex resumed>)              = 0
25838 futex(0x73efa23008, FUTEX_WAIT, 0, NULL <unfinished ...>
17378 ioctl(9, BINDER_WRITE_READ, 0x7ffe9df488) = 0
17378 getuid()                          = 10050
17378 ioctl(9, BINDER_WRITE_READ <unfinished ...>
25838 <... futex resumed>)              = 0
17378 <... ioctl resumed>, 0x7ffe9df558) = 0
25838 futex(0x73efa23008, FUTEX_WAIT, 0, NULL <unfinished ...>
17378 ioctl(9, BINDER_WRITE_READ, 0x7ffe9df5c8) = 0
17378 ioctl(9, BINDER_WRITE_READ, 0x7ffe9dea18) = 0
25838 <... futex resumed>)              = 0
25838 futex(0x73efa23008, FUTEX_WAIT, 0, NULL <unfinished ...>
17378 getuid()                          = 10050
17378 writev(36, [{iov_base="\0\342C\273\301\4`\317|o\33", iov_len=11}, {iov_base="\6", iov_len=1}, {iov_base="Dialer\0", iov_len=7}, {iov_base="MotorolaHiddenMenuKeySequence - the key sequence array is not matching, turn off feature.key sequence: 0 != 0, key pattern 0 != 0\0", iov_len=130}], 4) = 149
17378 getuid()                          = 10050
17378 writev(37, [{iov_base="l\234\0B'\342C", iov_len=7}, {iov_base="\0\342C\273\301\4`\317|o\33", iov_len=11}, {iov_base="\6", iov_len=1}, {iov_base="Dialer\0", iov_len=7}, {iov_base="MotorolaHiddenMenuKeySequence - the key sequence array is not matching, turn off feature.key sequence: 0 != 0, key pattern 0 != 0\0", iov_len=130}], 5) = 156
17378 futex(0x7467af36d8, FUTEX_REQUEUE_PRIVATE, 0, 1, 0x7467af36b4) = 1
17378 futex(0x7467af36b4, FUTEX_WAKE_PRIVATE, 1 <unfinished ...>
17384 <... futex resumed>)              = 0
17378 <... futex resumed>)              = 1
17384 clock_gettime(CLOCK_THREAD_CPUTIME_ID,  <unfinished ...>
25838 <... futex resumed>)              = 0
17384 <... clock_gettime resumed>{tv_sec=0, tv_nsec=209274795}) = 0
25838 futex(0x73efa23008, FUTEX_WAIT, 0, NULL <unfinished ...>
17384 mprotect(0x7459580000, 33554432, PROT_READ|PROT_WRITE <unfinished ...>
25838 <... futex resumed>)              = 0
17384 <... mprotect resumed>)           = 0
25838 futex(0x73efa23008, FUTEX_WAIT, 0, NULL <unfinished ...>
17384 uname({sysname="Linux", nodename="localhost", ...}) = 0
17378 getuid( <unfinished ...>
17384 mprotect(0x7459580000, 33554432, PROT_READ <unfinished ...>
17378 <... getuid resumed>)             = 10050
17384 <... mprotect resumed>)           = 0
17378 ioctl(9, BINDER_WRITE_READ <unfinished ...>
17384 clock_gettime(CLOCK_THREAD_CPUTIME_ID, {tv_sec=0, tv_nsec=212909273}) = 0
17384 clock_gettime(CLOCK_THREAD_CPUTIME_ID,  <unfinished ...>
17378 <... ioctl resumed>, 0x7ffe9df218) = 0
17384 <... clock_gettime resumed>{tv_sec=0, tv_nsec=213095731}) = 0
25838 <... futex resumed>)              = 0
17378 getuid( <unfinished ...>
17384 madvise(0x7459457000, 131072, MADV_DONTNEED <unfinished ...>
25838 futex(0x73efa23008, FUTEX_WAIT, 0, NULL <unfinished ...>
17378 <... getuid resumed>)             = 10050
17384 <... madvise resumed>)            = 0
17384 madvise(0x745bd81000, 131072, MADV_DONTNEED <unfinished ...>
17378 ioctl(9, BINDER_WRITE_READ <unfinished ...>
17384 <... madvise resumed>)            = 0
17384 clock_gettime(CLOCK_THREAD_CPUTIME_ID, {tv_sec=0, tv_nsec=213566670}) = 0
17384 futex(0x74576aa0fc, FUTEX_WAKE_PRIVATE, 1) = 0
17378 <... ioctl resumed>, 0x7ffe9df098) = 0
17384 futex(0x7467af36b4, FUTEX_WAKE_PRIVATE, 1) = 0
17378 getuid()                          = 10050
17384 futex(0x7467af36d8, FUTEX_WAIT_PRIVATE, 5205, NULL <unfinished ...>
17378 ioctl(9, BINDER_WRITE_READ, 0x7ffe9df218) = 0
25838 <... futex resumed>)              = 0
25838 futex(0x73efa23008, FUTEX_WAIT, 0, NULL <unfinished ...>
17378 getuid()                          = 10050
17378 getuid()                          = 10050
17378 ioctl(9, BINDER_WRITE_READ <unfinished ...>
25838 <... futex resumed>)              = 0
25838 futex(0x73efa23008, FUTEX_WAIT, 0, NULL <unfinished ...>
17378 <... ioctl resumed>, 0x7ffe9de858) = 0
17378 ioctl(9, BINDER_WRITE_READ <unfinished ...>
25838 <... futex resumed>)              = 0
17378 <... ioctl resumed>, 0x7ffe9deae8) = 0
25838 futex(0x73efa23008, FUTEX_WAIT, 0, NULL) = 0
25838 futex(0x73efa23008, FUTEX_WAIT, 0, NULL <unfinished ...>
17378 getuid()                          = 10050
17378 ioctl(9, BINDER_WRITE_READ, 0x7ffe9dec18) = 0
17378 ioctl(9, BINDER_WRITE_READ, 0x7ffe9deea8) = 0
17378 getuid()                          = 10050
25838 <... futex resumed>)              = 0
17378 ioctl(9, BINDER_WRITE_READ <unfinished ...>
25838 futex(0x73efa23008, FUTEX_WAIT, 0, NULL <unfinished ...>
17378 <... ioctl resumed>, 0x7ffe9def78) = 0
17378 ioctl(9, BINDER_WRITE_READ <unfinished ...>
25838 <... futex resumed>)              = 0
25838 futex(0x73efa23008, FUTEX_WAIT, 0, NULL <unfinished ...>
17378 <... ioctl resumed>, 0x7ffe9dee48) = 0
17378 getuid()                          = 10050
17378 ioctl(9, BINDER_WRITE_READ <unfinished ...>
25838 <... futex resumed>)              = 0
25838 futex(0x73efa23008, FUTEX_WAIT, 0, NULL <unfinished ...>
17378 <... ioctl resumed>, 0x7ffe9def18) = 0
17378 ioctl(9, BINDER_WRITE_READ, 0x7ffe9def88) = 0
17378 getuid()                          = 10050
25838 <... futex resumed>)              = 0
17378 ioctl(9, BINDER_WRITE_READ <unfinished ...>
25838 futex(0x73efa23008, FUTEX_WAIT, 0, NULL <unfinished ...>
17378 <... ioctl resumed>, 0x7ffe9de668) = 0
17378 getuid()                          = 10050
17378 ioctl(9, BINDER_WRITE_READ, 0x7ffe9de4e8) = 0
17378 getuid()                          = 10050
17378 ioctl(9, BINDER_WRITE_READ <unfinished ...>
25838 <... futex resumed>)              = 0
17378 <... ioctl resumed>, 0x7ffe9de668) = 0
25838 futex(0x73efa23008, FUTEX_WAIT, 0, NULL <unfinished ...>
17378 getuid()                          = 10050
17378 getuid()                          = 10050
25838 <... futex resumed>)              = 0
25838 futex(0x73efa23008, FUTEX_WAIT, 0, NULL <unfinished ...>
17378 ioctl(9, BINDER_WRITE_READ, 0x7ffe9e05b8) = 0
17378 ioctl(9, BINDER_WRITE_READ, 0x7ffe9e0668) = 0
25838 <... futex resumed>)              = 0
25838 futex(0x73efa23008, FUTEX_WAIT, 0, NULL <unfinished ...>
17378 sendto(59, "\3\0\0\0\0\0\0\0\3729\0\0\1\0\0\0", 16, MSG_DONTWAIT|MSG_NOSIGNAL, NULL, 0) = 16
17378 recvfrom(59, "\2\0\0\0\0\0\0\0\3749\0\0\0\0\0\0\360\33&*I2\0\0\7\0\0\0\2\20\0\0\0\0\0\0\2\0\0\0\0\0\0\0\0\0\0\0\0\0\0\0\0\0\0\0\0\0\0\0\0\0\0\0\310\353\277)I2\0\0\0\0\0\0\0\0\0\0\0\0\200?\0\0\200?\1\0\0\0\0\0\0\0\0\0\0\0\1\0\0\0\0\0\0\0\0\0\0\377\0\0^D\0\240\211D\0\0\200?\221\220\220<\0\0\240@\0\0\200@\0\0\240@\0\0\200@\0\0\0\0\0\0\0\0\0\0\0\0\0\0\0\0\0\0\0\0\0\0\0\0\0\0\0\0\0\0\0\0\0\0\0\0\0\0\0\0\0\0\0\0\0\0\0\0\0\0\0\0\0\0\0\0\0\0\0\0\0\0\0\0\0\0\0\0\0\0\0\0\0\0\0\0\0\0\0\0\0\0\0\0\0\0\0\0", 2272, MSG_DONTWAIT, NULL, NULL) = 232
17378 recvfrom(59, "\2\0\0\0\0\0\0\0\3769\0\0\0\0\0\0\210>\247*I2\0\0\7\0\0\0\2\20\0\0\0\0\0\0\1\0\0\0\0\0\0\0\0\0\0\0\0\0\0\0\0\0\0\0\0\0\0\0\0\0\0\0\310\353\277)I2\0\0\0\0\0\0\0\0\0\0\0\0\200?\0\0\200?\1\0\0\0\0\0\0\0\0\0\0\0\1\0\0\0\0\0\0\0\0\0\0\377\0\0^D\0\240\211D\0\0\200?\221\220\220<\0\0\240@\0\0\200@\0\0\240@\0\0\200@\0\0\0\0\0\0\0\0\0\0\0\0\0\0\0\0\0\0\0\0\0\0\0\0\0\0\0\0\0\0\0\0\0\0\0\0\0\0\0\0\0\0\0\0\0\0\0\0\0\0\0\0\0\0\0\0\0\0\0\0\0\0\0\0\0\0\0\0\0\0\0\0\0\0\0\0\0\0\0\0\0\0\0\0\0\0\0\0", 2272, MSG_DONTWAIT, NULL, NULL) = 232
25838 <... futex resumed>)              = 0
25838 futex(0x73efa23008, FUTEX_WAIT, 0, NULL <unfinished ...>
17378 sendto(59, "\3\0\0\0\0\0\0\0\3749\0\0\1\0\0\0", 16, MSG_DONTWAIT|MSG_NOSIGNAL, NULL, 0) = 16
17378 sendto(59, "\3\0\0\0\0\0\0\0\3769\0\0\1\0\0\0", 16, MSG_DONTWAIT|MSG_NOSIGNAL, NULL, 0) = 16
17378 recvfrom(59, "\2\0\0\0\0\0\0\0\1:\0\0\0\0\0\0X\344?0I2\0\0\7\0\0\0\2\20\0\0\0\0\0\0\0\0\0\0\0\0\0\0\0\0\0\0\0\0\0\0\0\0\0\0\0\0\0\0\0\0\0\0X\344?0I2\0\0\0\0\0\0\0\0\0\0\0\0\200?\0\0\200?\1\0\0\0\0\0\0\0\0\0\0\0\1\0\0\0\0\0\0\0\0\0\0\377\0\300%D\0@\210D\0\0\200?\241\240\240<\0\0\240@\0\0\240@\0\0\240@\0\0\240@\0\0\0\0\0\0\0\0\0\0\0\0\0\0\0\0\0\0\0\0\0\0\0\0\0\0\0\0\0\0\0\0\0\0\0\0\0\0\0\0\0\0\0\0\0\0\0\0\0\0\0\0\0\0\0\0\0\0\0\0\0\0\0\0\0\0\0\0\0\0\0\0\0\0\0\0\0\0\0\0\0\0\0\0\0\0\0\0", 2272, MSG_DONTWAIT, NULL, NULL) = 232
25838 <... futex resumed>)              = 0
25838 futex(0x73efa23008, FUTEX_WAIT, 0, NULL <unfinished ...>
17378 ioctl(9, BINDER_WRITE_READ, 0x7ffe9e0988) = 0
17378 futex(0x73fd93b390, FUTEX_WAIT_BITSET_PRIVATE, 6, {tv_sec=55292, tv_nsec=935949152}, FUTEX_BITSET_MATCH_ANY <unfinished ...>
25838 <... futex resumed>)              = 0
25838 futex(0x73fd93b390, FUTEX_WAKE_PRIVATE, 2147483647) = 1
17378 <... futex resumed>)              = 0
17378 futex(0x73fd93b340, FUTEX_WAIT_BITSET_PRIVATE, 2, NULL, FUTEX_BITSET_MATCH_ANY <unfinished ...>
25838 futex(0x73fd93b340, FUTEX_WAKE_PRIVATE, 1 <unfinished ...>
17378 <... futex resumed>)              = -1 EAGAIN (Resource temporarily unavailable)
25838 <... futex resumed>)              = 0
25838 futex(0x73efa23008, FUTEX_WAIT, 0, NULL <unfinished ...>
17378 futex(0x73fd93b340, FUTEX_WAKE_PRIVATE, 1) = 0
17378 ioctl(9, BINDER_WRITE_READ <unfinished ...>
25838 <... futex resumed>)              = 0
25838 futex(0x73fd93b390, FUTEX_WAKE_PRIVATE, 2147483647) = 0
25838 futex(0x73efa23008, FUTEX_WAIT, 0, NULL <unfinished ...>
17378 <... ioctl resumed>, 0x7ffe9e0aa8) = 0
25838 <... futex resumed>)              = 0
25838 futex(0x73efa23008, FUTEX_WAIT, 0, NULL <unfinished ...>
17378 getuid()                          = 10050
17378 ioctl(9, BINDER_WRITE_READ <unfinished ...>
25838 <... futex resumed>)              = 0
25838 futex(0x73efa23008, FUTEX_WAIT, 0, NULL <unfinished ...>
17378 <... ioctl resumed>, 0x7ffe9df7c8) = 0
17378 ioctl(9, BINDER_WRITE_READ, 0x7ffe9dfa58) = 0
17378 getuid()                          = 10050
17378 ioctl(9, BINDER_WRITE_READ <unfinished ...>
25838 <... futex resumed>)              = 0
25838 futex(0x73efa23008, FUTEX_WAIT, 0, NULL <unfinished ...>
17378 <... ioctl resumed>, 0x7ffe9dfb28) = 0
25838 <... futex resumed>)              = 0
17378 ioctl(9, BINDER_WRITE_READ <unfinished ...>
25838 futex(0x73efa23008, FUTEX_WAIT, 0, NULL <unfinished ...>
17378 <... ioctl resumed>, 0x7ffe9df9f8) = 0
17378 getuid()                          = 10050
17378 ioctl(9, BINDER_WRITE_READ <unfinished ...>
25838 <... futex resumed>)              = 0
25838 futex(0x73efa23008, FUTEX_WAIT, 0, NULL <unfinished ...>
17378 <... ioctl resumed>, 0x7ffe9dfac8) = 0
17378 ioctl(9, BINDER_WRITE_READ, 0x7ffe9dfb38) = 0
17378 getuid()                          = 10050
17378 ioctl(9, BINDER_WRITE_READ, 0x7ffe9df058) = 0
25838 <... futex resumed>)              = 0
17378 ioctl(9, BINDER_WRITE_READ <unfinished ...>
25838 futex(0x73efa23008, FUTEX_WAIT, 0, NULL <unfinished ...>
17378 <... ioctl resumed>, 0x7ffe9df2d8) = 0
17378 getuid()                          = 10050
17378 ioctl(9, BINDER_WRITE_READ, 0x7ffe9df2d8) = 0
17378 getuid()                          = 10050
25838 <... futex resumed>)              = 0
17378 ioctl(9, BINDER_WRITE_READ <unfinished ...>
25838 futex(0x73efa23008, FUTEX_WAIT, 0, NULL <unfinished ...>
17378 <... ioctl resumed>, 0x7ffe9df398) = 0
17378 ioctl(9, BINDER_WRITE_READ, 0x7ffe9df2f8) = 0
17378 getuid()                          = 10050
17378 ioctl(9, BINDER_WRITE_READ <unfinished ...>
25838 <... futex resumed>)              = 0
25838 futex(0x73efa23008, FUTEX_WAIT, 0, NULL <unfinished ...>
17378 <... ioctl resumed>, 0x7ffe9df2f8) = 0
17378 getuid()                          = 10050
17378 ioctl(9, BINDER_WRITE_READ, 0x7ffe9df3b8) = 0
17378 getuid()                          = 10050
17378 writev(36, [{iov_base="\0\342C\273\301\4`l\365\314!", iov_len=11}, {iov_base="\4", iov_len=1}, {iov_base="Dialer\0", iov_len=7}, {iov_base="CallUtil.isVideoEnabled - isVideoEnabled: false\0", iov_len=48}], 4 <unfinished ...>
25838 <... futex resumed>)              = 0
25838 futex(0x73efa23008, FUTEX_WAIT, 0, NULL <unfinished ...>
17378 <... writev resumed>)             = 67
17378 getuid()                          = 10050
17378 writev(37, [{iov_base="lJ\0B'\342C", iov_len=7}, {iov_base="\0\342C\273\301\4`l\365\314!", iov_len=11}, {iov_base="\4", iov_len=1}, {iov_base="Dialer\0", iov_len=7}, {iov_base="CallUtil.isVideoEnabled - isVideoEnabled: false\0", iov_len=48}], 5) = 74
17378 getuid()                          = 10050
17378 ioctl(9, BINDER_WRITE_READ, 0x7ffe9df218) = 0
25838 <... futex resumed>)              = 0
17378 getuid( <unfinished ...>
25838 futex(0x73efa23008, FUTEX_WAIT, 0, NULL <unfinished ...>
17378 <... getuid resumed>)             = 10050
17378 ioctl(9, BINDER_WRITE_READ, 0x7ffe9df098) = 0
17378 getuid()                          = 10050
17378 ioctl(9, BINDER_WRITE_READ <unfinished ...>
25838 <... futex resumed>)              = 0
17378 <... ioctl resumed>, 0x7ffe9df218) = 0
25838 futex(0x73efa23008, FUTEX_WAIT, 0, NULL <unfinished ...>
17378 getuid()                          = 10050
17378 getuid()                          = 10050
17378 getuid()                          = 10050
17378 ioctl(9, BINDER_WRITE_READ, 0x7ffe9dec18) = 0
25838 <... futex resumed>)              = 0
17378 ioctl(9, BINDER_WRITE_READ <unfinished ...>
25838 futex(0x73efa23008, FUTEX_WAIT, 0, NULL <unfinished ...>
17378 <... ioctl resumed>, 0x7ffe9deea8) = 0
17378 getuid()                          = 10050
17378 ioctl(9, BINDER_WRITE_READ <unfinished ...>
25838 <... futex resumed>)              = 0
25838 futex(0x73efa23008, FUTEX_WAIT, 0, NULL <unfinished ...>
17378 <... ioctl resumed>, 0x7ffe9def78) = 0
17378 ioctl(9, BINDER_WRITE_READ <unfinished ...>
25838 <... futex resumed>)              = 0
25838 futex(0x73efa23008, FUTEX_WAIT, 0, NULL <unfinished ...>
17378 <... ioctl resumed>, 0x7ffe9dee48) = 0
17378 getuid()                          = 10050
17378 ioctl(9, BINDER_WRITE_READ, 0x7ffe9def18) = 0
17378 ioctl(9, BINDER_WRITE_READ, 0x7ffe9def88) = 0
25838 <... futex resumed>)              = 0
25838 futex(0x73efa23008, FUTEX_WAIT, 0, NULL <unfinished ...>
17378 getuid()                          = 10050
17378 ioctl(9, BINDER_WRITE_READ, 0x7ffe9de4a8) = 0
17378 ioctl(9, BINDER_WRITE_READ, 0x7ffe9de728) = 0
17378 getuid()                          = 10050
17378 ioctl(9, BINDER_WRITE_READ <unfinished ...>
25838 <... futex resumed>)              = 0
25838 futex(0x73efa23008, FUTEX_WAIT, 0, NULL <unfinished ...>
17378 <... ioctl resumed>, 0x7ffe9de728) = 0
17378 getuid()                          = 10050
17378 ioctl(9, BINDER_WRITE_READ, 0x7ffe9de7e8) = 0
17378 ioctl(9, BINDER_WRITE_READ <unfinished ...>
25838 <... futex resumed>)              = 0
25838 futex(0x73efa23008, FUTEX_WAIT, 0, NULL <unfinished ...>
17378 <... ioctl resumed>, 0x7ffe9de748) = 0
17378 getuid()                          = 10050
17378 ioctl(9, BINDER_WRITE_READ, 0x7ffe9de748) = 0
17378 getuid()                          = 10050
17378 ioctl(9, BINDER_WRITE_READ <unfinished ...>
25838 <... futex resumed>)              = 0
25838 futex(0x73efa23008, FUTEX_WAIT, 0, NULL <unfinished ...>
17378 <... ioctl resumed>, 0x7ffe9de808) = 0
17378 getuid()                          = 10050
17378 ioctl(9, BINDER_WRITE_READ, 0x7ffe9de668) = 0
25838 <... futex resumed>)              = 0
17378 getuid( <unfinished ...>
25838 futex(0x73efa23008, FUTEX_WAIT, 0, NULL <unfinished ...>
17378 <... getuid resumed>)             = 10050
17378 ioctl(9, BINDER_WRITE_READ, 0x7ffe9de4e8) = 0
17378 getuid()                          = 10050
17378 ioctl(9, BINDER_WRITE_READ, 0x7ffe9de668) = 0
17378 getuid( <unfinished ...>
25838 <... futex resumed>)              = 0
17378 <... getuid resumed>)             = 10050
25838 futex(0x73efa23008, FUTEX_WAIT, 0, NULL <unfinished ...>
17378 getuid()                          = 10050
17378 ioctl(9, BINDER_WRITE_READ, 0x7ffe9e05b8) = 0
17378 ioctl(9, BINDER_WRITE_READ, 0x7ffe9e0668) = 0
25838 <... futex resumed>)              = 0
17378 sendto(59, "\3\0\0\0\0\0\0\0\1:\0\0\1\0\0\0", 16, MSG_DONTWAIT|MSG_NOSIGNAL, NULL, 0 <unfinished ...>
25838 futex(0x73efa23008, FUTEX_WAIT, 0, NULL <unfinished ...>
17378 <... sendto resumed>)             = 16
17378 recvfrom(59, "\2\0\0\0\0\0\0\0\3:\0\0\0\0\0\0\200\7\2750I2\0\0\7\0\0\0\2\20\0\0\0\0\0\0\2\0\0\0\0\0\0\0\0\0\0\0\0\0\0\0\0\0\0\0\0\0\0\0\0\0\0\0X\344?0I2\0\0\0\0\0\0\0\0\0\0\0\0\200?\0\0\200?\1\0\0\0\0\0\0\0\0\0\0\0\1\0\0\0\0\0\0\0\0\0\0\377\0\300%D\0@\210D\0\0\200?\241\240\240<\0\0\240@\0\0\240@\0\0\240@\0\0\240@\0\0\0\0\0\0\0\0\0\0\0\0\0\0\0\0\0\0\0\0\0\0\0\0\0\0\0\0\0\0\0\0\0\0\0\0\0\0\0\0\0\0\0\0\0\0\0\0\0\0\0\0\0\0\0\0\0\0\0\0\0\0\0\0\0\0\0\0\0\0\0\0\0\0\0\0\0\0\0\0\0\0\0\0\0\0\0\0", 2272, MSG_DONTWAIT, NULL, NULL) = 232
